Archive member included to satisfy reference by file (symbol)

C:/ST/STM32CubeIDE_1.14.1/STM32CubeIDE/plugins/com.st.stm32cube.ide.mcu.externaltools.gnu-tools-for-stm32.12.3.rel1.win32_1.0.100.202403111256/tools/bin/../lib/gcc/arm-none-eabi/12.3.1/../../../../arm-none-eabi/lib/thumb/v7e-m+fp/hard\libc_nano.a(libc_a-exit.o)
                              C:/ST/STM32CubeIDE_1.14.1/STM32CubeIDE/plugins/com.st.stm32cube.ide.mcu.externaltools.gnu-tools-for-stm32.12.3.rel1.win32_1.0.100.202403111256/tools/bin/../lib/gcc/arm-none-eabi/12.3.1/../../../../arm-none-eabi/lib/thumb/v7e-m+fp/hard/crt0.o (exit)
C:/ST/STM32CubeIDE_1.14.1/STM32CubeIDE/plugins/com.st.stm32cube.ide.mcu.externaltools.gnu-tools-for-stm32.12.3.rel1.win32_1.0.100.202403111256/tools/bin/../lib/gcc/arm-none-eabi/12.3.1/../../../../arm-none-eabi/lib/thumb/v7e-m+fp/hard\libc_nano.a(libc_a-findfp.o)
                              C:/ST/STM32CubeIDE_1.14.1/STM32CubeIDE/plugins/com.st.stm32cube.ide.mcu.externaltools.gnu-tools-for-stm32.12.3.rel1.win32_1.0.100.202403111256/tools/bin/../lib/gcc/arm-none-eabi/12.3.1/../../../../arm-none-eabi/lib/thumb/v7e-m+fp/hard\libc_nano.a(libc_a-exit.o) (__stdio_exit_handler)
C:/ST/STM32CubeIDE_1.14.1/STM32CubeIDE/plugins/com.st.stm32cube.ide.mcu.externaltools.gnu-tools-for-stm32.12.3.rel1.win32_1.0.100.202403111256/tools/bin/../lib/gcc/arm-none-eabi/12.3.1/../../../../arm-none-eabi/lib/thumb/v7e-m+fp/hard\libc_nano.a(libc_a-fwalk.o)
                              C:/ST/STM32CubeIDE_1.14.1/STM32CubeIDE/plugins/com.st.stm32cube.ide.mcu.externaltools.gnu-tools-for-stm32.12.3.rel1.win32_1.0.100.202403111256/tools/bin/../lib/gcc/arm-none-eabi/12.3.1/../../../../arm-none-eabi/lib/thumb/v7e-m+fp/hard\libc_nano.a(libc_a-findfp.o) (_fwalk_sglue)
C:/ST/STM32CubeIDE_1.14.1/STM32CubeIDE/plugins/com.st.stm32cube.ide.mcu.externaltools.gnu-tools-for-stm32.12.3.rel1.win32_1.0.100.202403111256/tools/bin/../lib/gcc/arm-none-eabi/12.3.1/../../../../arm-none-eabi/lib/thumb/v7e-m+fp/hard\libc_nano.a(libc_a-stdio.o)
                              C:/ST/STM32CubeIDE_1.14.1/STM32CubeIDE/plugins/com.st.stm32cube.ide.mcu.externaltools.gnu-tools-for-stm32.12.3.rel1.win32_1.0.100.202403111256/tools/bin/../lib/gcc/arm-none-eabi/12.3.1/../../../../arm-none-eabi/lib/thumb/v7e-m+fp/hard\libc_nano.a(libc_a-findfp.o) (__sread)
C:/ST/STM32CubeIDE_1.14.1/STM32CubeIDE/plugins/com.st.stm32cube.ide.mcu.externaltools.gnu-tools-for-stm32.12.3.rel1.win32_1.0.100.202403111256/tools/bin/../lib/gcc/arm-none-eabi/12.3.1/../../../../arm-none-eabi/lib/thumb/v7e-m+fp/hard\libc_nano.a(libc_a-memset.o)
                              C:/ST/STM32CubeIDE_1.14.1/STM32CubeIDE/plugins/com.st.stm32cube.ide.mcu.externaltools.gnu-tools-for-stm32.12.3.rel1.win32_1.0.100.202403111256/tools/bin/../lib/gcc/arm-none-eabi/12.3.1/../../../../arm-none-eabi/lib/thumb/v7e-m+fp/hard/crt0.o (memset)
C:/ST/STM32CubeIDE_1.14.1/STM32CubeIDE/plugins/com.st.stm32cube.ide.mcu.externaltools.gnu-tools-for-stm32.12.3.rel1.win32_1.0.100.202403111256/tools/bin/../lib/gcc/arm-none-eabi/12.3.1/../../../../arm-none-eabi/lib/thumb/v7e-m+fp/hard\libc_nano.a(libc_a-closer.o)
                              C:/ST/STM32CubeIDE_1.14.1/STM32CubeIDE/plugins/com.st.stm32cube.ide.mcu.externaltools.gnu-tools-for-stm32.12.3.rel1.win32_1.0.100.202403111256/tools/bin/../lib/gcc/arm-none-eabi/12.3.1/../../../../arm-none-eabi/lib/thumb/v7e-m+fp/hard\libc_nano.a(libc_a-stdio.o) (_close_r)
C:/ST/STM32CubeIDE_1.14.1/STM32CubeIDE/plugins/com.st.stm32cube.ide.mcu.externaltools.gnu-tools-for-stm32.12.3.rel1.win32_1.0.100.202403111256/tools/bin/../lib/gcc/arm-none-eabi/12.3.1/../../../../arm-none-eabi/lib/thumb/v7e-m+fp/hard\libc_nano.a(libc_a-reent.o)
                              C:/ST/STM32CubeIDE_1.14.1/STM32CubeIDE/plugins/com.st.stm32cube.ide.mcu.externaltools.gnu-tools-for-stm32.12.3.rel1.win32_1.0.100.202403111256/tools/bin/../lib/gcc/arm-none-eabi/12.3.1/../../../../arm-none-eabi/lib/thumb/v7e-m+fp/hard\libc_nano.a(libc_a-closer.o) (errno)
C:/ST/STM32CubeIDE_1.14.1/STM32CubeIDE/plugins/com.st.stm32cube.ide.mcu.externaltools.gnu-tools-for-stm32.12.3.rel1.win32_1.0.100.202403111256/tools/bin/../lib/gcc/arm-none-eabi/12.3.1/../../../../arm-none-eabi/lib/thumb/v7e-m+fp/hard\libc_nano.a(libc_a-impure.o)
                              C:/ST/STM32CubeIDE_1.14.1/STM32CubeIDE/plugins/com.st.stm32cube.ide.mcu.externaltools.gnu-tools-for-stm32.12.3.rel1.win32_1.0.100.202403111256/tools/bin/../lib/gcc/arm-none-eabi/12.3.1/../../../../arm-none-eabi/lib/thumb/v7e-m+fp/hard\libc_nano.a(libc_a-reent.o) (_impure_ptr)
C:/ST/STM32CubeIDE_1.14.1/STM32CubeIDE/plugins/com.st.stm32cube.ide.mcu.externaltools.gnu-tools-for-stm32.12.3.rel1.win32_1.0.100.202403111256/tools/bin/../lib/gcc/arm-none-eabi/12.3.1/../../../../arm-none-eabi/lib/thumb/v7e-m+fp/hard\libc_nano.a(libc_a-lseekr.o)
[...]
Memory Configuration

Name             Origin             Length             Attributes
RAM              0x20000000         0x00020000         xrw
FLASH            0x08000000         0x00080000         xr
*default*        0x00000000         0xffffffff

Linker script and memory map

LOAD C:/ST/STM32CubeIDE_1.14.1/STM32CubeIDE/plugins/com.st.stm32cube.ide.mcu.externaltools.gnu-tools-for-stm32.12.3.rel1.win32_1.0.100.202403111256/tools/bin/../lib/gcc/arm-none-eabi/12.3.1/thumb/v7e-m+fp/hard/crti.o
LOAD C:/ST/STM32CubeIDE_1.14.1/STM32CubeIDE/plugins/com.st.stm32cube.ide.mcu.externaltools.gnu-tools-for-stm32.12.3.rel1.win32_1.0.100.202403111256/tools/bin/../lib/gcc/arm-none-eabi/12.3.1/thumb/v7e-m+fp/hard/crtbegin.o
LOAD C:/ST/STM32CubeIDE_1.14.1/STM32CubeIDE/plugins/com.st.stm32cube.ide.mcu.externaltools.gnu-tools-for-stm32.12.3.rel1.win32_1.0.100.202403111256/tools/bin/../lib/gcc/arm-none-eabi/12.3.1/../../../../arm-none-eabi/lib/thumb/v7e-m+fp/hard/crt0.o
LOAD ./Core/Src/main.o
LOAD ./Core/Src/stm32g4xx_hal_msp.o
LOAD ./Core/Src/stm32g4xx_it.o
LOAD ./Core/Src/syscalls.o
LOAD ./Core/Src/sysmem.o
LOAD ./Core/Src/system_stm32g4xx.o
LOAD ./Core/Startup/startup_stm32g474retx.o
LOAD ./Drivers/STM32G4xx_HAL_Driver/Src/stm32g4xx_hal.o
LOAD ./Drivers/STM32G4xx_HAL_Driver/Src/stm32g4xx_hal_adc.o
LOAD ./Drivers/STM32G4xx_HAL_Driver/Src/stm32g4xx_hal_adc_ex.o
LOAD ./Drivers/STM32G4xx_HAL_Driver/Src/stm32g4xx_hal_cortex.o
LOAD ./Drivers/STM32G4xx_HAL_Driver/Src/stm32g4xx_hal_dma.o
LOAD ./Drivers/STM32G4xx_HAL_Driver/Src/stm32g4xx_hal_dma_ex.o
LOAD ./Drivers/STM32G4xx_HAL_Driver/Src/stm32g4xx_hal_exti.o
LOAD ./Drivers/STM32G4xx_HAL_Driver/Src/stm32g4xx_hal_flash.o
LOAD ./Drivers/STM32G4xx_HAL_Driver/Src/stm32g4xx_hal_flash_ex.o
LOAD ./Drivers/STM32G4xx_HAL_Driver/Src/stm32g4xx_hal_flash_ramfunc.o
LOAD ./Drivers/STM32G4xx_HAL_Driver/Src/stm32g4xx_hal_gpio.o
LOAD ./Drivers/STM32G4xx_HAL_Driver/Src/stm32g4xx_hal_i2c.o
LOAD ./Drivers/STM32G4xx_HAL_Driver/Src/stm32g4xx_hal_i2c_ex.o
LOAD ./Drivers/STM32G4xx_HAL_Driver/Src/stm32g4xx_hal_pwr.o
LOAD ./Drivers/STM32G4xx_HAL_Driver/Src/stm32g4xx_hal_pwr_ex.o
LOAD ./Drivers/STM32G4xx_HAL_Driver/Src/stm32g4xx_hal_rcc.o
LOAD ./Drivers/STM32G4xx_HAL_Driver/Src/stm32g4xx_hal_rcc_ex.o
LOAD ./Drivers/STM32G4xx_HAL_Driver/Src/stm32g4xx_hal_tim.o
LOAD ./Drivers/STM32G4xx_HAL_Driver/Src/stm32g4xx_hal_tim_ex.o
LOAD ./Drivers/STM32G4xx_HAL_Driver/Src/stm32g4xx_hal_uart.o
LOAD ./Drivers/STM32G4xx_HAL_Driver/Src/stm32g4xx_hal_uart_ex.o
LOAD ./Drivers/STM32G4xx_HAL_Driver/Src/stm32g4xx_ll_adc.o
START GROUP
LOAD C:/ST/STM32CubeIDE_1.14.1/STM32CubeIDE/plugins/com.st.stm32cube.ide.mcu.externaltools.gnu-tools-for-stm32.12.3.rel1.win32_1.0.100.202403111256/tools/bin/../lib/gcc/arm-none-eabi/12.3.1/../../../../arm-none-eabi/lib/thumb/v7e-m+fp/hard\libc_nano.a
LOAD C:/ST/STM32CubeIDE_1.14.1/STM32CubeIDE/plugins/com.st.stm32cube.ide.mcu.externaltools.gnu-tools-for-stm32.12.3.rel1.win32_1.0.100.202403111256/tools/bin/../lib/gcc/arm-none-eabi/12.3.1/../../../../arm-none-eabi/lib/thumb/v7e-m+fp/hard\libm.a
END GROUP
START GROUP
LOAD C:/ST/STM32CubeIDE_1.14.1/STM32CubeIDE/plugins/com.st.stm32cube.ide.mcu.externaltools.gnu-tools-for-stm32.12.3.rel1.win32_1.0.100.202403111256/tools/bin/../lib/gcc/arm-none-eabi/12.3.1/thumb/v7e-m+fp/hard\libgcc.a
LOAD C:/ST/STM32CubeIDE_1.14.1/STM32CubeIDE/plugins/com.st.stm32cube.ide.mcu.externaltools.gnu-tools-for-stm32.12.3.rel1.win32_1.0.100.202403111256/tools/bin/../lib/gcc/arm-none-eabi/12.3.1/../../../../arm-none-eabi/lib/thumb/v7e-m+fp/hard\libc_nano.a
END GROUP
START GROUP
LOAD C:/ST/STM32CubeIDE_1.14.1/STM32CubeIDE/plugins/com.st.stm32cube.ide.mcu.externaltools.gnu-tools-for-stm32.12.3.rel1.win32_1.0.100.202403111256/tools/bin/../lib/gcc/arm-none-eabi/12.3.1/thumb/v7e-m+fp/hard\libgcc.a
LOAD C:/ST/STM32CubeIDE_1.14.1/STM32CubeIDE/plugins/com.st.stm32cube.ide.mcu.externaltools.gnu-tools-for-stm32.12.3.rel1.win32_1.0.100.202403111256/tools/bin/../lib/gcc/arm-none-eabi/12.3.1/../../../../arm-none-eabi/lib/thumb/v7e-m+fp/hard\libc_nano.a
LOAD C:/ST/STM32CubeIDE_1.14.1/STM32CubeIDE/plugins/com.st.stm32cube.ide.mcu.externaltools.gnu-tools-for-stm32.12.3.rel1.win32_1.0.100.202403111256/tools/bin/../lib/gcc/arm-none-eabi/12.3.1/../../../../arm-none-eabi/lib/thumb/v7e-m+fp/hard\libnosys.a
END GROUP
START GROUP
LOAD C:/ST/STM32CubeIDE_1.14.1/STM32CubeIDE/plugins/com.st.stm32cube.ide.mcu.externaltools.gnu-tools-for-stm32.12.3.rel1.win32_1.0.100.202403111256/tools/bin/../lib/gcc/arm-none-eabi/12.3.1/thumb/v7e-m+fp/hard\libgcc.a
LOAD C:/ST/STM32CubeIDE_1.14.1/STM32CubeIDE/plugins/com.st.stm32cube.ide.mcu.externaltools.gnu-tools-for-stm32.12.3.rel1.win32_1.0.100.202403111256/tools/bin/../lib/gcc/arm-none-eabi/12.3.1/../../../../arm-none-eabi/lib/thumb/v7e-m+fp/hard\libc_nano.a
LOAD C:/ST/STM32CubeIDE_1.14.1/STM32CubeIDE/plugins/com.st.stm32cube.ide.mcu.externaltools.gnu-tools-for-stm32.12.3.rel1.win32_1.0.100.202403111256/tools/bin/../lib/gcc/arm-none-eabi/12.3.1/../../../../arm-none-eabi/lib/thumb/v7e-m+fp/hard\libnosys.a
END GROUP
LOAD C:/ST/STM32CubeIDE_1.14.1/STM32CubeIDE/plugins/com.st.stm32cube.ide.mcu.externaltools.gnu-tools-for-stm32.12.3.rel1.win32_1.0.100.202403111256/tools/bin/../lib/gcc/arm-none-eabi/12.3.1/thumb/v7e-m+fp/hard/crtend.o
LOAD C:/ST/STM32CubeIDE_1.14.1/STM32CubeIDE/plugins/com.st.stm32cube.ide.mcu.externaltools.gnu-tools-for-stm32.12.3.rel1.win32_1.0.100.202403111256/tools/bin/../lib/gcc/arm-none-eabi/12.3.1/thumb/v7e-m+fp/hard/crtn.o
                0x20020000                        _estack = (ORIGIN (RAM) + LENGTH (RAM))
                0x00000200                        _Min_Heap_Size = 0x200
                0x00000400                        _Min_Stack_Size = 0x400

.isr_vector     0x08000000      0x1d8
                0x08000000                        . = ALIGN (0x4)
 *(.isr_vector)
 .isr_vector    0x08000000      0x1d8 ./Core/Startup/startup_stm32g474retx.o
                0x08000000                g_pfnVectors
                0x080001d8                        . = ALIGN (0x4)

.text           0x080001d8     0x8238
                0x080001d8                        . = ALIGN (0x4)
 *(.text)
 .text          0x080001d8       0x40 C:/ST/STM32CubeIDE_1.14.1/STM32CubeIDE/plugins/com.st.stm32cube.ide.mcu.externaltools.gnu-tools-for-stm32.12.3.rel1.win32_1.0.100.202403111256/tools/bin/../lib/gcc/arm-none-eabi/12.3.1/thumb/v7e-m+fp/hard/crtbegin.o
 .text          0x08000218       0x30 C:/ST/STM32CubeIDE_1.14.1/STM32CubeIDE/plugins/com.st.stm32cube.ide.mcu.externaltools.gnu-tools-for-stm32.12.3.rel1.win32_1.0.100.202403111256/tools/bin/../lib/gcc/arm-none-eabi/12.3.1/thumb/v7e-m+fp/hard\libgcc.a(_aeabi_uldivmod.o)
                0x08000218                __aeabi_uldivmod
 .text          0x08000248      0x2bc C:/ST/STM32CubeIDE_1.14.1/STM32CubeIDE/plugins/com.st.stm32cube.ide.mcu.externaltools.gnu-tools-for-stm32.12.3.rel1.win32_1.0.100.202403111256/tools/bin/../lib/gcc/arm-none-eabi/12.3.1/thumb/v7e-m+fp/hard\libgcc.a(_udivmoddi4.o)
                0x08000248                __udivmoddi4
 .text          0x08000504        0x4 C:/ST/STM32CubeIDE_1.14.1/STM32CubeIDE/plugins/com.st.stm32cube.ide.mcu.externaltools.gnu-tools-for-stm32.12.3.rel1.win32_1.0.100.202403111256/tools/bin/../lib/gcc/arm-none-eabi/12.3.1/thumb/v7e-m+fp/hard\libgcc.a(_dvmd_tls.o)
                0x08000504                __aeabi_idiv0
                0x08000504                __aeabi_ldiv0
 *(.text*)
 .text.main     0x08000508      0x148 ./Core/Src/main.o
                0x08000508                main
 .text.SystemClock_Config
                0x08000650       0x96 ./Core/Src/main.o
                0x08000650                SystemClock_Config
 *fill*         0x080006e6        0x2 
 .text.MX_ADC1_Init
                0x080006e8      0x108 ./Core/Src/main.o
 .text.MX_I2C1_Init
                0x080007f0       0x80 ./Core/Src/main.o
 .text.MX_LPUART1_UART_Init
                0x08000870       0x94 ./Core/Src/main.o
 .text.MX_DMA_Init
                0x08000904       0x74 ./Core/Src/main.o
 .text.MX_GPIO_Init
                0x08000978       0xdc ./Core/Src/main.o
 .text.UARTInterruptConfig
                0x08000a54       0x1c ./Core/Src/main.o
                0x08000a54                UARTInterruptConfig
 .text.HAL_UART_RxCpltCallback
                0x08000a70       0x30 ./Core/Src/main.o
                0x08000a70                HAL_UART_RxCpltCallback
 .text.EEPROMWriteExample
                0x08000aa0       0x54 ./Core/Src/main.o
                0x08000aa0                EEPROMWriteExample
 .text.EEPROMReadExample
                0x08000af4       0x4c ./Core/Src/main.o
                0x08000af4                EEPROMReadExample
 .text.Error_Handler
                0x08000b40        0xc ./Core/Src/main.o
                0x08000b40                Error_Handler
 .text.HAL_MspInit
                0x08000b4c       0x48 ./Core/Src/stm32g4xx_hal_msp.o
                0x08000b4c                HAL_MspInit
 .text.HAL_ADC_MspInit
                0x08000b94      0x104 ./Core/Src/stm32g4xx_hal_msp.o
                0x08000b94                HAL_ADC_MspInit
 .text.HAL_I2C_MspInit
                0x08000c98      0x1c4 ./Core/Src/stm32g4xx_hal_msp.o
                0x08000c98                HAL_I2C_MspInit
 .text.HAL_UART_MspInit
                0x08000e5c       0xc0 ./Core/Src/stm32g4xx_hal_msp.o
                0x08000e5c                HAL_UART_MspInit
 .text.NMI_Handler
                0x08000f1c        0x8 ./Core/Src/stm32g4xx_it.o
                0x08000f1c                NMI_Handler
 .text.HardFault_Handler
                0x08000f24        0x8 ./Core/Src/stm32g4xx_it.o
                0x08000f24                HardFault_Handler
 .text.MemManage_Handler
                0x08000f2c        0x8 ./Core/Src/stm32g4xx_it.o
                0x08000f2c                MemManage_Handler
 .text.BusFault_Handler
                0x08000f34        0x8 ./Core/Src/stm32g4xx_it.o
                0x08000f34                BusFault_Handler
 .text.UsageFault_Handler
                0x08000f3c        0x8 ./Core/Src/stm32g4xx_it.o
                0x08000f3c                UsageFault_Handler
 .text.SVC_Handler
                0x08000f44        0xe ./Core/Src/stm32g4xx_it.o
                0x08000f44                SVC_Handler
 .text.DebugMon_Handler
                0x08000f52        0xe ./Core/Src/stm32g4xx_it.o
                0x08000f52                DebugMon_Handler
 .text.PendSV_Handler
                0x08000f60        0xe ./Core/Src/stm32g4xx_it.o
                0x08000f60                PendSV_Handler
 .text.SysTick_Handler
                0x08000f6e        0xc ./Core/Src/stm32g4xx_it.o
                0x08000f6e                SysTick_Handler
 *fill*         0x08000f7a        0x2 
 .text.DMA1_Channel1_IRQHandler
                0x08000f7c       0x14 ./Core/Src/stm32g4xx_it.o
                0x08000f7c                DMA1_Channel1_IRQHandler
 .text.DMA1_Channel2_IRQHandler
                0x08000f90       0x14 ./Core/Src/stm32g4xx_it.o
                0x08000f90                DMA1_Channel2_IRQHandler
 .text.DMA1_Channel3_IRQHandler
                0x08000fa4       0x14 ./Core/Src/stm32g4xx_it.o
                0x08000fa4                DMA1_Channel3_IRQHandler
 .text.I2C1_EV_IRQHandler
                0x08000fb8       0x14 ./Core/Src/stm32g4xx_it.o
                0x08000fb8                I2C1_EV_IRQHandler
 .text.I2C1_ER_IRQHandler
                0x08000fcc       0x14 ./Core/Src/stm32g4xx_it.o
                0x08000fcc                I2C1_ER_IRQHandler
 .text.EXTI15_10_IRQHandler
                0x08000fe0       0x10 ./Core/Src/stm32g4xx_it.o
                0x08000fe0                EXTI15_10_IRQHandler
 .text.LPUART1_IRQHandler
                0x08000ff0       0x14 ./Core/Src/stm32g4xx_it.o
                0x08000ff0                LPUART1_IRQHandler
 .text.SystemInit
                0x08001004       0x24 ./Core/Src/system_stm32g4xx.o
                0x08001004                SystemInit
 .text.Reset_Handler
                0x08001028       0x50 ./Core/Startup/startup_stm32g474retx.o
                0x08001028                Reset_Handler
 .text.Default_Handler
                0x08001078        0x2 ./Core/Startup/startup_stm32g474retx.o
                0x08001078                RTC_Alarm_IRQHandler
                0x08001078                EXTI2_IRQHandler
                0x08001078                TIM8_TRG_COM_IRQHandler
                0x08001078                TIM8_CC_IRQHandler
                0x08001078                HRTIM1_Master_IRQHandler
                0x08001078                SPI4_IRQHandler
                0x08001078                FDCAN3_IT0_IRQHandler
                0x08001078                TIM1_CC_IRQHandler
                0x08001078                HRTIM1_FLT_IRQHandler
                0x08001078                HRTIM1_TIMF_IRQHandler
                0x08001078                USB_HP_IRQHandler
                0x08001078                CORDIC_IRQHandler
                0x08001078                HRTIM1_TIMD_IRQHandler
                0x08001078                DMA2_Channel8_IRQHandler
                0x08001078                EXTI3_IRQHandler
                0x08001078                I2C3_ER_IRQHandler
                0x08001078                EXTI0_IRQHandler
                0x08001078                I2C2_EV_IRQHandler
                0x08001078                FPU_IRQHandler
                0x08001078                FDCAN1_IT1_IRQHandler
                0x08001078                TIM1_UP_TIM16_IRQHandler
                0x08001078                ADC1_2_IRQHandler
                0x08001078                HRTIM1_TIME_IRQHandler
                0x08001078                SPI1_IRQHandler
                0x08001078                TIM6_DAC_IRQHandler
                0x08001078                HRTIM1_TIMC_IRQHandler
                0x08001078                TIM8_UP_IRQHandler
                0x08001078                DMA2_Channel2_IRQHandler
                0x08001078                DMA1_Channel4_IRQHandler
                0x08001078                TIM20_TRG_COM_IRQHandler
                0x08001078                USART3_IRQHandler
                0x08001078                DMA1_Channel7_IRQHandler
                0x08001078                UART5_IRQHandler
                0x08001078                ADC3_IRQHandler
                0x08001078                TIM4_IRQHandler
                0x08001078                DMA2_Channel1_IRQHandler
                0x08001078                QUADSPI_IRQHandler
                0x08001078                DMA1_Channel6_IRQHandler
                0x08001078                UART4_IRQHandler
                0x08001078                DMA2_Channel4_IRQHandler
                0x08001078                TIM3_IRQHandler
                0x08001078                RCC_IRQHandler
                0x08001078                TIM20_UP_IRQHandler
                0x08001078                Default_Handler
                0x08001078                DMA2_Channel7_IRQHandler
                0x08001078                RTC_TAMP_LSECSS_IRQHandler
                0x08001078                FMAC_IRQHandler
                0x08001078                DMA1_Channel8_IRQHandler
                0x08001078                HRTIM1_TIMA_IRQHandler
                0x08001078                TIM7_DAC_IRQHandler
                0x08001078                FDCAN3_IT1_IRQHandler
                0x08001078                TIM5_IRQHandler
                0x08001078                UCPD1_IRQHandler
                0x08001078                I2C3_EV_IRQHandler
                0x08001078                EXTI9_5_IRQHandler
                0x08001078                RTC_WKUP_IRQHandler
                0x08001078                PVD_PVM_IRQHandler
                0x08001078                SPI2_IRQHandler
                0x08001078                ADC5_IRQHandler
                0x08001078                DMA2_Channel5_IRQHandler
                0x08001078                CRS_IRQHandler
                0x08001078                DMA1_Channel5_IRQHandler
                0x08001078                USB_LP_IRQHandler
                0x08001078                EXTI4_IRQHandler
                0x08001078                RNG_IRQHandler
                0x08001078                HRTIM1_TIMB_IRQHandler
                0x08001078                TIM1_TRG_COM_TIM17_IRQHandler
                0x08001078                FDCAN2_IT1_IRQHandler
                0x08001078                ADC4_IRQHandler
                0x08001078                WWDG_IRQHandler
                0x08001078                I2C4_EV_IRQHandler
                0x08001078                FDCAN2_IT0_IRQHandler
                0x08001078                DMA2_Channel6_IRQHandler
                0x08001078                FDCAN1_IT0_IRQHandler
                0x08001078                TIM2_IRQHandler
                0x08001078                COMP7_IRQHandler
                0x08001078                COMP1_2_3_IRQHandler
                0x08001078                EXTI1_IRQHandler
                0x08001078                USART2_IRQHandler
                0x08001078                COMP4_5_6_IRQHandler
                0x08001078                TIM20_BRK_IRQHandler
                0x08001078                I2C2_ER_IRQHandler
                0x08001078                TIM8_BRK_IRQHandler
                0x08001078                FLASH_IRQHandler
                0x08001078                TIM20_CC_IRQHandler
                0x08001078                USART1_IRQHandler
                0x08001078                SPI3_IRQHandler
                0x08001078                FMC_IRQHandler
                0x08001078                LPTIM1_IRQHandler
                0x08001078                DMAMUX_OVR_IRQHandler
                0x08001078                I2C4_ER_IRQHandler
                0x08001078                USBWakeUp_IRQHandler
                0x08001078                SAI1_IRQHandler
                0x08001078                DMA2_Channel3_IRQHandler
                0x08001078                TIM1_BRK_TIM15_IRQHandler
 .text.HAL_Init
                0x0800107a       0x30 ./Drivers/STM32G4xx_HAL_Driver/Src/stm32g4xx_hal.o
                0x0800107a                HAL_Init
 *fill*         0x080010aa        0x2 
 .text.HAL_InitTick
                0x080010ac       0x74 ./Drivers/STM32G4xx_HAL_Driver/Src/stm32g4xx_hal.o
                0x080010ac                HAL_InitTick
 .text.HAL_IncTick
                0x08001120       0x24 ./Drivers/STM32G4xx_HAL_Driver/Src/stm32g4xx_hal.o
                0x08001120                HAL_IncTick
 .text.HAL_GetTick
                0x08001144       0x18 ./Drivers/STM32G4xx_HAL_Driver/Src/stm32g4xx_hal.o
                0x08001144                HAL_GetTick
 .text.HAL_Delay
                0x0800115c       0x44 ./Drivers/STM32G4xx_HAL_Driver/Src/stm32g4xx_hal.o
                0x0800115c                HAL_Delay
 .text.LL_ADC_SetCommonClock
                0x080011a0       0x26 ./Drivers/STM32G4xx_HAL_Driver/Src/stm32g4xx_hal_adc.o
 .text.LL_ADC_SetCommonPathInternalCh
                0x080011c6       0x26 ./Drivers/STM32G4xx_HAL_Driver/Src/stm32g4xx_hal_adc.o
 .text.LL_ADC_GetCommonPathInternalCh
                0x080011ec       0x1c ./Drivers/STM32G4xx_HAL_Driver/Src/stm32g4xx_hal_adc.o
 .text.LL_ADC_SetOffset
                0x08001208       0x48 ./Drivers/STM32G4xx_HAL_Driver/Src/stm32g4xx_hal_adc.o
 .text.LL_ADC_GetOffsetChannel
                0x08001250       0x2c ./Drivers/STM32G4xx_HAL_Driver/Src/stm32g4xx_hal_adc.o
 .text.LL_ADC_SetOffsetState
                0x0800127c       0x36 ./Drivers/STM32G4xx_HAL_Driver/Src/stm32g4xx_hal_adc.o
 .text.LL_ADC_SetOffsetSign
                0x080012b2       0x36 ./Drivers/STM32G4xx_HAL_Driver/Src/stm32g4xx_hal_adc.o
 .text.LL_ADC_SetOffsetSaturation
                0x080012e8       0x36 ./Drivers/STM32G4xx_HAL_Driver/Src/stm32g4xx_hal_adc.o
 .text.LL_ADC_SetSamplingTimeCommonConfig
                0x0800131e       0x26 ./Drivers/STM32G4xx_HAL_Driver/Src/stm32g4xx_hal_adc.o
 .text.LL_ADC_REG_IsTriggerSourceSWStart
                0x08001344       0x26 ./Drivers/STM32G4xx_HAL_Driver/Src/stm32g4xx_hal_adc.o
 .text.LL_ADC_REG_SetSequencerRanks
                0x0800136a       0x58 ./Drivers/STM32G4xx_HAL_Driver/Src/stm32g4xx_hal_adc.o
 .text.LL_ADC_SetChannelSamplingTime
                0x080013c2       0x56 ./Drivers/STM32G4xx_HAL_Driver/Src/stm32g4xx_hal_adc.o
 .text.LL_ADC_SetChannelSingleDiff
                0x08001418       0x48 ./Drivers/STM32G4xx_HAL_Driver/Src/stm32g4xx_hal_adc.o
 .text.LL_ADC_GetMultimode
                0x08001460       0x1c ./Drivers/STM32G4xx_HAL_Driver/Src/stm32g4xx_hal_adc.o
 .text.LL_ADC_DisableDeepPowerDown
                0x0800147c       0x24 ./Drivers/STM32G4xx_HAL_Driver/Src/stm32g4xx_hal_adc.o
 .text.LL_ADC_IsDeepPowerDownEnabled
                0x080014a0       0x28 ./Drivers/STM32G4xx_HAL_Driver/Src/stm32g4xx_hal_adc.o
 .text.LL_ADC_EnableInternalRegulator
                0x080014c8       0x28 ./Drivers/STM32G4xx_HAL_Driver/Src/stm32g4xx_hal_adc.o
 .text.LL_ADC_IsInternalRegulatorEnabled
                0x080014f0       0x28 ./Drivers/STM32G4xx_HAL_Driver/Src/stm32g4xx_hal_adc.o
 .text.LL_ADC_Enable
                0x08001518       0x28 ./Drivers/STM32G4xx_HAL_Driver/Src/stm32g4xx_hal_adc.o
 .text.LL_ADC_IsEnabled
                0x08001540       0x26 ./Drivers/STM32G4xx_HAL_Driver/Src/stm32g4xx_hal_adc.o
 .text.LL_ADC_REG_StartConversion
                0x08001566       0x28 ./Drivers/STM32G4xx_HAL_Driver/Src/stm32g4xx_hal_adc.o
 .text.LL_ADC_REG_IsConversionOngoing
                0x0800158e       0x26 ./Drivers/STM32G4xx_HAL_Driver/Src/stm32g4xx_hal_adc.o
 .text.LL_ADC_INJ_IsConversionOngoing
                0x080015b4       0x26 ./Drivers/STM32G4xx_HAL_Driver/Src/stm32g4xx_hal_adc.o
 *fill*         0x080015da        0x2 
 .text.HAL_ADC_Init
                0x080015dc      0x378 ./Drivers/STM32G4xx_HAL_Driver/Src/stm32g4xx_hal_adc.o
                0x080015dc                HAL_ADC_Init
 .text.HAL_ADC_Start_DMA
                0x08001954      0x1a8 ./Drivers/STM32G4xx_HAL_Driver/Src/stm32g4xx_hal_adc.o
                0x08001954                HAL_ADC_Start_DMA
 .text.HAL_ADC_ConvCpltCallback
                0x08001afc       0x14 ./Drivers/STM32G4xx_HAL_Driver/Src/stm32g4xx_hal_adc.o
                0x08001afc                HAL_ADC_ConvCpltCallback
 .text.HAL_ADC_ConvHalfCpltCallback
                0x08001b10       0x14 ./Drivers/STM32G4xx_HAL_Driver/Src/stm32g4xx_hal_adc.o
                0x08001b10                HAL_ADC_ConvHalfCpltCallback
 .text.HAL_ADC_ErrorCallback
                0x08001b24       0x14 ./Drivers/STM32G4xx_HAL_Driver/Src/stm32g4xx_hal_adc.o
                0x08001b24                HAL_ADC_ErrorCallback
 .text.HAL_ADC_ConfigChannel
                0x08001b38      0x880 ./Drivers/STM32G4xx_HAL_Driver/Src/stm32g4xx_hal_adc.o
                0x08001b38                HAL_ADC_ConfigChannel
 .text.ADC_Enable
                0x080023b8      0x12c ./Drivers/STM32G4xx_HAL_Driver/Src/stm32g4xx_hal_adc.o
                0x080023b8                ADC_Enable
 .text.ADC_DMAConvCplt
                0x080024e4       0xd8 ./Drivers/STM32G4xx_HAL_Driver/Src/stm32g4xx_hal_adc.o
                0x080024e4                ADC_DMAConvCplt
 .text.ADC_DMAHalfConvCplt
                0x080025bc       0x1c ./Drivers/STM32G4xx_HAL_Driver/Src/stm32g4xx_hal_adc.o
                0x080025bc                ADC_DMAHalfConvCplt
 .text.ADC_DMAError
                0x080025d8       0x34 ./Drivers/STM32G4xx_HAL_Driver/Src/stm32g4xx_hal_adc.o
                0x080025d8                ADC_DMAError
 .text.LL_ADC_IsEnabled
                0x0800260c       0x26 ./Drivers/STM32G4xx_HAL_Driver/Src/stm32g4xx_hal_adc_ex.o
 .text.LL_ADC_REG_IsConversionOngoing
                0x08002632       0x26 ./Drivers/STM32G4xx_HAL_Driver/Src/stm32g4xx_hal_adc_ex.o
 .text.HAL_ADCEx_MultiModeConfigChannel
                0x08002658      0x210 ./Drivers/STM32G4xx_HAL_Driver/Src/stm32g4xx_hal_adc_ex.o
                0x08002658                HAL_ADCEx_MultiModeConfigChannel
 .text.__NVIC_SetPriorityGrouping
                0x08002868       0x48 ./Drivers/STM32G4xx_HAL_Driver/Src/stm32g4xx_hal_cortex.o
 .text.__NVIC_GetPriorityGrouping
                0x080028b0       0x1c ./Drivers/STM32G4xx_HAL_Driver/Src/stm32g4xx_hal_cortex.o
 .text.__NVIC_EnableIRQ
                0x080028cc       0x3c ./Drivers/STM32G4xx_HAL_Driver/Src/stm32g4xx_hal_cortex.o
 .text.__NVIC_SetPriority
                0x08002908       0x54 ./Drivers/STM32G4xx_HAL_Driver/Src/stm32g4xx_hal_cortex.o
 .text.NVIC_EncodePriority
                0x0800295c       0x66 ./Drivers/STM32G4xx_HAL_Driver/Src/stm32g4xx_hal_cortex.o
 *fill*         0x080029c2        0x2 
 .text.SysTick_Config
                0x080029c4       0x44 ./Drivers/STM32G4xx_HAL_Driver/Src/stm32g4xx_hal_cortex.o
 .text.HAL_NVIC_SetPriorityGrouping
                0x08002a08       0x16 ./Drivers/STM32G4xx_HAL_Driver/Src/stm32g4xx_hal_cortex.o
                0x08002a08                HAL_NVIC_SetPriorityGrouping
 .text.HAL_NVIC_SetPriority
                0x08002a1e       0x34 ./Drivers/STM32G4xx_HAL_Driver/Src/stm32g4xx_hal_cortex.o
                0x08002a1e                HAL_NVIC_SetPriority
 .text.HAL_NVIC_EnableIRQ
                0x08002a52       0x1c ./Drivers/STM32G4xx_HAL_Driver/Src/stm32g4xx_hal_cortex.o
                0x08002a52                HAL_NVIC_EnableIRQ
 .text.HAL_SYSTICK_Config
                0x08002a6e       0x18 ./Drivers/STM32G4xx_HAL_Driver/Src/stm32g4xx_hal_cortex.o
                0x08002a6e                HAL_SYSTICK_Config
 *fill*         0x08002a86        0x2 
 .text.HAL_DMA_Init
                0x08002a88      0x150 ./Drivers/STM32G4xx_HAL_Driver/Src/stm32g4xx_hal_dma.o
                0x08002a88                HAL_DMA_Init
 .text.HAL_DMA_Start_IT
                0x08002bd8       0xf6 ./Drivers/STM32G4xx_HAL_Driver/Src/stm32g4xx_hal_dma.o
                0x08002bd8                HAL_DMA_Start_IT
 .text.HAL_DMA_Abort
                0x08002cce       0xb2 ./Drivers/STM32G4xx_HAL_Driver/Src/stm32g4xx_hal_dma.o
                0x08002cce                HAL_DMA_Abort
 .text.HAL_DMA_Abort_IT
                0x08002d80       0xce ./Drivers/STM32G4xx_HAL_Driver/Src/stm32g4xx_hal_dma.o
                0x08002d80                HAL_DMA_Abort_IT
 .text.HAL_DMA_IRQHandler
                0x08002e4e      0x15e ./Drivers/STM32G4xx_HAL_Driver/Src/stm32g4xx_hal_dma.o
                0x08002e4e                HAL_DMA_IRQHandler
 .text.HAL_DMA_GetState
                0x08002fac       0x1c ./Drivers/STM32G4xx_HAL_Driver/Src/stm32g4xx_hal_dma.o
                0x08002fac                HAL_DMA_GetState
 .text.DMA_SetConfig
                0x08002fc8       0x7c ./Drivers/STM32G4xx_HAL_Driver/Src/stm32g4xx_hal_dma.o
 .text.DMA_CalcDMAMUXChannelBaseAndMask
                0x08003044       0x7c ./Drivers/STM32G4xx_HAL_Driver/Src/stm32g4xx_hal_dma.o
 .text.DMA_CalcDMAMUXRequestGenBaseAndMask
                0x080030c0       0x48 ./Drivers/STM32G4xx_HAL_Driver/Src/stm32g4xx_hal_dma.o
 .text.HAL_GPIO_Init
                0x08003108      0x304 ./Drivers/STM32G4xx_HAL_Driver/Src/stm32g4xx_hal_gpio.o
                0x08003108                HAL_GPIO_Init
 .text.HAL_GPIO_WritePin
                0x0800340c       0x30 ./Drivers/STM32G4xx_HAL_Driver/Src/stm32g4xx_hal_gpio.o
                0x0800340c                HAL_GPIO_WritePin
 .text.HAL_GPIO_EXTI_IRQHandler
                0x0800343c       0x30 ./Drivers/STM32G4xx_HAL_Driver/Src/stm32g4xx_hal_gpio.o
                0x0800343c                HAL_GPIO_EXTI_IRQHandler
 .text.HAL_GPIO_EXTI_Callback
                0x0800346c       0x16 ./Drivers/STM32G4xx_HAL_Driver/Src/stm32g4xx_hal_gpio.o
                0x0800346c                HAL_GPIO_EXTI_Callback
 .text.HAL_I2C_Init
                0x08003482      0x136 ./Drivers/STM32G4xx_HAL_Driver/Src/stm32g4xx_hal_i2c.o
                0x08003482                HAL_I2C_Init
 .text.HAL_I2C_Mem_Write_IT
                0x080035b8      0x114 ./Drivers/STM32G4xx_HAL_Driver/Src/stm32g4xx_hal_i2c.o
                0x080035b8                HAL_I2C_Mem_Write_IT
 .text.HAL_I2C_Mem_Read_IT
                0x080036cc      0x10c ./Drivers/STM32G4xx_HAL_Driver/Src/stm32g4xx_hal_i2c.o
                0x080036cc                HAL_I2C_Mem_Read_IT
 .text.HAL_I2C_EV_IRQHandler
                0x080037d8       0x34 ./Drivers/STM32G4xx_HAL_Driver/Src/stm32g4xx_hal_i2c.o
                0x080037d8                HAL_I2C_EV_IRQHandler
 .text.HAL_I2C_ER_IRQHandler
                0x0800380c       0xb6 ./Drivers/STM32G4xx_HAL_Driver/Src/stm32g4xx_hal_i2c.o
                0x0800380c                HAL_I2C_ER_IRQHandler
 .text.HAL_I2C_MasterTxCpltCallback
                0x080038c2       0x14 ./Drivers/STM32G4xx_HAL_Driver/Src/stm32g4xx_hal_i2c.o
                0x080038c2                HAL_I2C_MasterTxCpltCallback
 .text.HAL_I2C_MasterRxCpltCallback
                0x080038d6       0x14 ./Drivers/STM32G4xx_HAL_Driver/Src/stm32g4xx_hal_i2c.o
                0x080038d6                HAL_I2C_MasterRxCpltCallback
 .text.HAL_I2C_SlaveTxCpltCallback
                0x080038ea       0x14 ./Drivers/STM32G4xx_HAL_Driver/Src/stm32g4xx_hal_i2c.o
                0x080038ea                HAL_I2C_SlaveTxCpltCallback
 .text.HAL_I2C_SlaveRxCpltCallback
                0x080038fe       0x14 ./Drivers/STM32G4xx_HAL_Driver/Src/stm32g4xx_hal_i2c.o
                0x080038fe                HAL_I2C_SlaveRxCpltCallback
 .text.HAL_I2C_AddrCallback
                0x08003912       0x1c ./Drivers/STM32G4xx_HAL_Driver/Src/stm32g4xx_hal_i2c.o
                0x08003912                HAL_I2C_AddrCallback
 .text.HAL_I2C_ListenCpltCallback
                0x0800392e       0x14 ./Drivers/STM32G4xx_HAL_Driver/Src/stm32g4xx_hal_i2c.o
                0x0800392e                HAL_I2C_ListenCpltCallback
 .text.HAL_I2C_MemTxCpltCallback
                0x08003942       0x14 ./Drivers/STM32G4xx_HAL_Driver/Src/stm32g4xx_hal_i2c.o
                0x08003942                HAL_I2C_MemTxCpltCallback
 .text.HAL_I2C_MemRxCpltCallback
                0x08003956       0x14 ./Drivers/STM32G4xx_HAL_Driver/Src/stm32g4xx_hal_i2c.o
                0x08003956                HAL_I2C_MemRxCpltCallback
 .text.HAL_I2C_ErrorCallback
                0x0800396a       0x14 ./Drivers/STM32G4xx_HAL_Driver/Src/stm32g4xx_hal_i2c.o
                0x0800396a                HAL_I2C_ErrorCallback
 .text.HAL_I2C_AbortCpltCallback
                0x0800397e       0x14 ./Drivers/STM32G4xx_HAL_Driver/Src/stm32g4xx_hal_i2c.o
                0x0800397e                HAL_I2C_AbortCpltCallback
 *fill*         0x08003992        0x2 
 .text.I2C_Mem_ISR_IT
                0x08003994      0x24c ./Drivers/STM32G4xx_HAL_Driver/Src/stm32g4xx_hal_i2c.o
 .text.I2C_Slave_ISR_IT
                0x08003be0      0x1f2 ./Drivers/STM32G4xx_HAL_Driver/Src/stm32g4xx_hal_i2c.o
 .text.I2C_Master_ISR_DMA
                0x08003dd2      0x1d6 ./Drivers/STM32G4xx_HAL_Driver/Src/stm32g4xx_hal_i2c.o
 .text.I2C_Mem_ISR_DMA
                0x08003fa8      0x24c ./Drivers/STM32G4xx_HAL_Driver/Src/stm32g4xx_hal_i2c.o
 .text.I2C_Slave_ISR_DMA
                0x080041f4      0x1ae ./Drivers/STM32G4xx_HAL_Driver/Src/stm32g4xx_hal_i2c.o
 .text.I2C_ITAddrCplt
                0x080043a2      0x108 ./Drivers/STM32G4xx_HAL_Driver/Src/stm32g4xx_hal_i2c.o
 .text.I2C_ITMasterSeqCplt
                0x080044aa       0x7a ./Drivers/STM32G4xx_HAL_Driver/Src/stm32g4xx_hal_i2c.o
 .text.I2C_ITSlaveSeqCplt
                0x08004524       0xb8 ./Drivers/STM32G4xx_HAL_Driver/Src/stm32g4xx_hal_i2c.o
 .text.I2C_ITMasterCplt
                0x080045dc      0x190 ./Drivers/STM32G4xx_HAL_Driver/Src/stm32g4xx_hal_i2c.o
 .text.I2C_ITSlaveCplt
                0x0800476c      0x2c8 ./Drivers/STM32G4xx_HAL_Driver/Src/stm32g4xx_hal_i2c.o
 .text.I2C_ITListenCplt
                0x08004a34       0xa8 ./Drivers/STM32G4xx_HAL_Driver/Src/stm32g4xx_hal_i2c.o
 .text.I2C_ITError
                0x08004adc      0x1e0 ./Drivers/STM32G4xx_HAL_Driver/Src/stm32g4xx_hal_i2c.o
 .text.I2C_TreatErrorCallback
                0x08004cbc       0x4e ./Drivers/STM32G4xx_HAL_Driver/Src/stm32g4xx_hal_i2c.o
 .text.I2C_Flush_TXDR
                0x08004d0a       0x48 ./Drivers/STM32G4xx_HAL_Driver/Src/stm32g4xx_hal_i2c.o
 .text.I2C_DMAAbort
                0x08004d52       0x3c ./Drivers/STM32G4xx_HAL_Driver/Src/stm32g4xx_hal_i2c.o
 *fill*         0x08004d8e        0x2 
 .text.I2C_TransferConfig
                0x08004d90       0x64 ./Drivers/STM32G4xx_HAL_Driver/Src/stm32g4xx_hal_i2c.o
 .text.I2C_Enable_IRQ
                0x08004df4      0x108 ./Drivers/STM32G4xx_HAL_Driver/Src/stm32g4xx_hal_i2c.o
 .text.I2C_Disable_IRQ
                0x08004efc       0xbc ./Drivers/STM32G4xx_HAL_Driver/Src/stm32g4xx_hal_i2c.o
 .text.HAL_I2CEx_ConfigAnalogFilter
                0x08004fb8       0x96 ./Drivers/STM32G4xx_HAL_Driver/Src/stm32g4xx_hal_i2c_ex.o
                0x08004fb8                HAL_I2CEx_ConfigAnalogFilter
 .text.HAL_I2CEx_ConfigDigitalFilter
                0x0800504e       0x98 ./Drivers/STM32G4xx_HAL_Driver/Src/stm32g4xx_hal_i2c_ex.o
                0x0800504e                HAL_I2CEx_ConfigDigitalFilter
 *fill*         0x080050e6        0x2 
 .text.HAL_PWREx_ControlVoltageScaling
                0x080050e8      0x148 ./Drivers/STM32G4xx_HAL_Driver/Src/stm32g4xx_hal_pwr_ex.o
                0x080050e8                HAL_PWREx_ControlVoltageScaling
 .text.HAL_PWREx_DisableUCPDDeadBattery
                0x08005230       0x20 ./Drivers/STM32G4xx_HAL_Driver/Src/stm32g4xx_hal_pwr_ex.o
                0x08005230                HAL_PWREx_DisableUCPDDeadBattery
 .text.HAL_RCC_OscConfig
                0x08005250      0x624 ./Drivers/STM32G4xx_HAL_Driver/Src/stm32g4xx_hal_rcc.o
                0x08005250                HAL_RCC_OscConfig
 .text.HAL_RCC_ClockConfig
                0x08005874      0x278 ./Drivers/STM32G4xx_HAL_Driver/Src/stm32g4xx_hal_rcc.o
                0x08005874                HAL_RCC_ClockConfig
 .text.HAL_RCC_GetSysClockFreq
                0x08005aec       0xc4 ./Drivers/STM32G4xx_HAL_Driver/Src/stm32g4xx_hal_rcc.o
                0x08005aec                HAL_RCC_GetSysClockFreq
 .text.HAL_RCC_GetHCLKFreq
                0x08005bb0       0x18 ./Drivers/STM32G4xx_HAL_Driver/Src/stm32g4xx_hal_rcc.o
                0x08005bb0                HAL_RCC_GetHCLKFreq
 .text.HAL_RCC_GetPCLK1Freq
                0x08005bc8       0x2c ./Drivers/STM32G4xx_HAL_Driver/Src/stm32g4xx_hal_rcc.o
                0x08005bc8                HAL_RCC_GetPCLK1Freq
 .text.HAL_RCC_GetPCLK2Freq
                0x08005bf4       0x2c ./Drivers/STM32G4xx_HAL_Driver/Src/stm32g4xx_hal_rcc.o
                0x08005bf4                HAL_RCC_GetPCLK2Freq
 .text.RCC_GetSysClockFreqFromPLLSource
                0x08005c20       0x8c ./Drivers/STM32G4xx_HAL_Driver/Src/stm32g4xx_hal_rcc.o
 .text.HAL_RCCEx_PeriphCLKConfig
                0x08005cac      0x49c ./Drivers/STM32G4xx_HAL_Driver/Src/stm32g4xx_hal_rcc_ex.o
                0x08005cac                HAL_RCCEx_PeriphCLKConfig
 .text.HAL_UART_Init
                0x08006148       0xa0 ./Drivers/STM32G4xx_HAL_Driver/Src/stm32g4xx_hal_uart.o
                0x08006148                HAL_UART_Init
 .text.HAL_UART_Transmit
                0x080061e8      0x11c ./Drivers/STM32G4xx_HAL_Driver/Src/stm32g4xx_hal_uart.o
                0x080061e8                HAL_UART_Transmit
 .text.HAL_UART_Receive_IT
                0x08006304       0x98 ./Drivers/STM32G4xx_HAL_Driver/Src/stm32g4xx_hal_uart.o
                0x08006304                HAL_UART_Receive_IT
 .text.HAL_UART_IRQHandler
                0x0800639c      0x648 ./Drivers/STM32G4xx_HAL_Driver/Src/stm32g4xx_hal_uart.o
                0x0800639c                HAL_UART_IRQHandler
 .text.HAL_UART_TxCpltCallback
                0x080069e4       0x14 ./Drivers/STM32G4xx_HAL_Driver/Src/stm32g4xx_hal_uart.o
                0x080069e4                HAL_UART_TxCpltCallback
 .text.HAL_UART_ErrorCallback
                0x080069f8       0x14 ./Drivers/STM32G4xx_HAL_Driver/Src/stm32g4xx_hal_uart.o
                0x080069f8                HAL_UART_ErrorCallback
 .text.HAL_UARTEx_RxEventCallback
                0x08006a0c       0x18 ./Drivers/STM32G4xx_HAL_Driver/Src/stm32g4xx_hal_uart.o
                0x08006a0c                HAL_UARTEx_RxEventCallback
 .text.UART_SetConfig
                0x08006a24      0x5f8 ./Drivers/STM32G4xx_HAL_Driver/Src/stm32g4xx_hal_uart.o
                0x08006a24                UART_SetConfig
 .text.UART_AdvFeatureConfig
                0x0800701c      0x144 ./Drivers/STM32G4xx_HAL_Driver/Src/stm32g4xx_hal_uart.o
                0x0800701c                UART_AdvFeatureConfig
 .text.UART_CheckIdleState
                0x08007160      0x154 ./Drivers/STM32G4xx_HAL_Driver/Src/stm32g4xx_hal_uart.o
                0x08007160                UART_CheckIdleState
 .text.UART_WaitOnFlagUntilTimeout
                0x080072b4       0xda ./Drivers/STM32G4xx_HAL_Driver/Src/stm32g4xx_hal_uart.o
                0x080072b4                UART_WaitOnFlagUntilTimeout
 *fill*         0x0800738e        0x2 
 .text.UART_Start_Receive_IT
                0x08007390      0x244 ./Drivers/STM32G4xx_HAL_Driver/Src/stm32g4xx_hal_uart.o
                0x08007390                UART_Start_Receive_IT
 .text.UART_EndRxTransfer
                0x080075d4       0xcc ./Drivers/STM32G4xx_HAL_Driver/Src/stm32g4xx_hal_uart.o
 .text.UART_DMAAbortOnError
                0x080076a0       0x2c ./Drivers/STM32G4xx_HAL_Driver/Src/stm32g4xx_hal_uart.o
 .text.UART_EndTransmit_IT
                0x080076cc       0x56 ./Drivers/STM32G4xx_HAL_Driver/Src/stm32g4xx_hal_uart.o
 *fill*         0x08007722        0x2 
 .text.UART_RxISR_8BIT
                0x08007724      0x1b8 ./Drivers/STM32G4xx_HAL_Driver/Src/stm32g4xx_hal_uart.o
 .text.UART_RxISR_16BIT
                0x080078dc      0x1b8 ./Drivers/STM32G4xx_HAL_Driver/Src/stm32g4xx_hal_uart.o
 .text.UART_RxISR_8BIT_FIFOEN
                0x08007a94      0x360 ./Drivers/STM32G4xx_HAL_Driver/Src/stm32g4xx_hal_uart.o
 .text.UART_RxISR_16BIT_FIFOEN
                0x08007df4      0x368 ./Drivers/STM32G4xx_HAL_Driver/Src/stm32g4xx_hal_uart.o
 .text.HAL_UARTEx_WakeupCallback
                0x0800815c       0x14 ./Drivers/STM32G4xx_HAL_Driver/Src/stm32g4xx_hal_uart_ex.o
                0x0800815c                HAL_UARTEx_WakeupCallback
 .text.HAL_UARTEx_RxFifoFullCallback
                0x08008170       0x14 ./Drivers/STM32G4xx_HAL_Driver/Src/stm32g4xx_hal_uart_ex.o
                0x08008170                HAL_UARTEx_RxFifoFullCallback
 .text.HAL_UARTEx_TxFifoEmptyCallback
                0x08008184       0x14 ./Drivers/STM32G4xx_HAL_Driver/Src/stm32g4xx_hal_uart_ex.o
                0x08008184                HAL_UARTEx_TxFifoEmptyCallback
 .text.HAL_UARTEx_DisableFifoMode
                0x08008198       0x72 ./Drivers/STM32G4xx_HAL_Driver/Src/stm32g4xx_hal_uart_ex.o
                0x08008198                HAL_UARTEx_DisableFifoMode
 .text.HAL_UARTEx_SetTxFifoThreshold
                0x0800820a       0x7c ./Drivers/STM32G4xx_HAL_Driver/Src/stm32g4xx_hal_uart_ex.o
                0x0800820a                HAL_UARTEx_SetTxFifoThreshold
 .text.HAL_UARTEx_SetRxFifoThreshold
                0x08008286       0x7c ./Drivers/STM32G4xx_HAL_Driver/Src/stm32g4xx_hal_uart_ex.o
                0x08008286                HAL_UARTEx_SetRxFifoThreshold
 *fill*         0x08008302        0x2 
 .text.UARTEx_SetNbDataToProcess
                0x08008304       0x9c ./Drivers/STM32G4xx_HAL_Driver/Src/stm32g4xx_hal_uart_ex.o
 .text.memset   0x080083a0       0x10 C:/ST/STM32CubeIDE_1.14.1/STM32CubeIDE/plugins/com.st.stm32cube.ide.mcu.externaltools.gnu-tools-for-stm32.12.3.rel1.win32_1.0.100.202403111256/tools/bin/../lib/gcc/arm-none-eabi/12.3.1/../../../../arm-none-eabi/lib/thumb/v7e-m+fp/hard\libc_nano.a(libc_a-memset.o)
                0x080083a0                memset
 .text.__libc_init_array
                0x080083b0       0x48 C:/ST/STM32CubeIDE_1.14.1/STM32CubeIDE/plugins/com.st.stm32cube.ide.mcu.externaltools.gnu-tools-for-stm32.12.3.rel1.win32_1.0.100.202403111256/tools/bin/../lib/gcc/arm-none-eabi/12.3.1/../../../../arm-none-eabi/lib/thumb/v7e-m+fp/hard\libc_nano.a(libc_a-init.o)
                0x080083b0                __libc_init_array
 *(.glue_7)
 .glue_7        0x080083f8        0x0 linker stubs
 *(.glue_7t)
 .glue_7t       0x080083f8        0x0 linker stubs
 *(.eh_frame)
 .eh_frame      0x080083f8        0x0 C:/ST/STM32CubeIDE_1.14.1/STM32CubeIDE/plugins/com.st.stm32cube.ide.mcu.externaltools.gnu-tools-for-stm32.12.3.rel1.win32_1.0.100.202403111256/tools/bin/../lib/gcc/arm-none-eabi/12.3.1/thumb/v7e-m+fp/hard/crtbegin.o
 *(.init)
 .init          0x080083f8        0x4 C:/ST/STM32CubeIDE_1.14.1/STM32CubeIDE/plugins/com.st.stm32cube.ide.mcu.externaltools.gnu-tools-for-stm32.12.3.rel1.win32_1.0.100.202403111256/tools/bin/../lib/gcc/arm-none-eabi/12.3.1/thumb/v7e-m+fp/hard/crti.o
                0x080083f8                _init
 .init          0x080083fc        0x8 C:/ST/STM32CubeIDE_1.14.1/STM32CubeIDE/plugins/com.st.stm32cube.ide.mcu.externaltools.gnu-tools-for-stm32.12.3.rel1.win32_1.0.100.202403111256/tools/bin/../lib/gcc/arm-none-eabi/12.3.1/thumb/v7e-m+fp/hard/crtn.o
 *(.fini)
 .fini          0x08008404        0x4 C:/ST/STM32CubeIDE_1.14.1/STM32CubeIDE/plugins/com.st.stm32cube.ide.mcu.externaltools.gnu-tools-for-stm32.12.3.rel1.win32_1.0.100.202403111256/tools/bin/../lib/gcc/arm-none-eabi/12.3.1/thumb/v7e-m+fp/hard/crti.o
                0x08008404                _fini
 .fini          0x08008408        0x8 C:/ST/STM32CubeIDE_1.14.1/STM32CubeIDE/plugins/com.st.stm32cube.ide.mcu.externaltools.gnu-tools-for-stm32.12.3.rel1.win32_1.0.100.202403111256/tools/bin/../lib/gcc/arm-none-eabi/12.3.1/thumb/v7e-m+fp/hard/crtn.o
                0x08008410                        . = ALIGN (0x4)
                0x08008410                        _etext = .

.vfp11_veneer   0x08008410        0x0
 .vfp11_veneer  0x08008410        0x0 linker stubs

.v4_bx          0x08008410        0x0
 .v4_bx         0x08008410        0x0 linker stubs

.iplt           0x08008410        0x0
 .iplt          0x08008410        0x0 C:/ST/STM32CubeIDE_1.14.1/STM32CubeIDE/plugins/com.st.stm32cube.ide.mcu.externaltools.gnu-tools-for-stm32.12.3.rel1.win32_1.0.100.202403111256/tools/bin/../lib/gcc/arm-none-eabi/12.3.1/thumb/v7e-m+fp/hard/crtbegin.o

.rodata         0x08008410       0x40
                0x08008410                        . = ALIGN (0x4)
 *(.rodata)
 *(.rodata*)
 .rodata.AHBPrescTable
                0x08008410       0x10 ./Core/Src/system_stm32g4xx.o
                0x08008410                AHBPrescTable
 .rodata.APBPrescTable
                0x08008420        0x8 ./Core/Src/system_stm32g4xx.o
                0x08008420                APBPrescTable
 .rodata.UARTPrescTable
                0x08008428       0x18 ./Drivers/STM32G4xx_HAL_Driver/Src/stm32g4xx_hal_uart.o
                0x08008428                UARTPrescTable
 .rodata.numerator.1
                0x08008440        0x8 ./Drivers/STM32G4xx_HAL_Driver/Src/stm32g4xx_hal_uart_ex.o
 .rodata.denominator.0
                0x08008448        0x8 ./Drivers/STM32G4xx_HAL_Driver/Src/stm32g4xx_hal_uart_ex.o
                0x08008450                        . = ALIGN (0x4)

.ARM.extab      0x08008450        0x0
                0x08008450                        . = ALIGN (0x4)
 *(.ARM.extab* .gnu.linkonce.armextab.*)
                0x08008450                        . = ALIGN (0x4)

.ARM            0x08008450        0x8
                0x08008450                        . = ALIGN (0x4)
                0x08008450                        __exidx_start = .
 *(.ARM.exidx*)
 .ARM.exidx     0x08008450        0x8 C:/ST/STM32CubeIDE_1.14.1/STM32CubeIDE/plugins/com.st.stm32cube.ide.mcu.externaltools.gnu-tools-for-stm32.12.3.rel1.win32_1.0.100.202403111256/tools/bin/../lib/gcc/arm-none-eabi/12.3.1/thumb/v7e-m+fp/hard\libgcc.a(_udivmoddi4.o)
                0x08008458                        __exidx_end = .
                0x08008458                        . = ALIGN (0x4)

.preinit_array  0x08008458        0x0
                0x08008458                        . = ALIGN (0x4)
                0x08008458                        PROVIDE (__preinit_array_start = .)
 *(.preinit_array*)
                0x08008458                        PROVIDE (__preinit_array_end = .)
                0x08008458                        . = ALIGN (0x4)

.init_array     0x08008458        0x4
                0x08008458                        . = ALIGN (0x4)
                0x08008458                        PROVIDE (__init_array_start = .)
 *(SORT_BY_NAME(.init_array.*))
 *(.init_array*)
 .init_array    0x08008458        0x4 C:/ST/STM32CubeIDE_1.14.1/STM32CubeIDE/plugins/com.st.stm32cube.ide.mcu.externaltools.gnu-tools-for-stm32.12.3.rel1.win32_1.0.100.202403111256/tools/bin/../lib/gcc/arm-none-eabi/12.3.1/thumb/v7e-m+fp/hard/crtbegin.o
                0x0800845c                        PROVIDE (__init_array_end = .)
                0x0800845c                        . = ALIGN (0x4)

.fini_array     0x0800845c        0x4
                0x0800845c                        . = ALIGN (0x4)
                [!provide]                        PROVIDE (__fini_array_start = .)
 *(SORT_BY_NAME(.fini_array.*))
 *(.fini_array*)
 .fini_array    0x0800845c        0x4 C:/ST/STM32CubeIDE_1.14.1/STM32CubeIDE/plugins/com.st.stm32cube.ide.mcu.externaltools.gnu-tools-for-stm32.12.3.rel1.win32_1.0.100.202403111256/tools/bin/../lib/gcc/arm-none-eabi/12.3.1/thumb/v7e-m+fp/hard/crtbegin.o
                [!provide]                        PROVIDE (__fini_array_end = .)
                0x08008460                        . = ALIGN (0x4)
                0x08008460                        _sidata = LOADADDR (.data)

.rel.dyn        0x08008460        0x0
 .rel.iplt      0x08008460        0x0 C:/ST/STM32CubeIDE_1.14.1/STM32CubeIDE/plugins/com.st.stm32cube.ide.mcu.externaltools.gnu-tools-for-stm32.12.3.rel1.win32_1.0.100.202403111256/tools/bin/../lib/gcc/arm-none-eabi/12.3.1/thumb/v7e-m+fp/hard/crtbegin.o

.data           0x20000000       0x14 load address 0x08008460
                0x20000000                        . = ALIGN (0x4)
                0x20000000                        _sdata = .
 *(.data)
 *(.data*)
 .data.eepromExampleReadFlag
                0x20000000        0x1 ./Core/Src/main.o
                0x20000000                eepromExampleReadFlag
 .data.header   0x20000001        0x1 ./Core/Src/main.o
                0x20000001                header
 *fill*         0x20000002        0x2 
 .data.data.0   0x20000004        0x4 ./Core/Src/main.o
 .data.SystemCoreClock
                0x20000008        0x4 ./Core/Src/system_stm32g4xx.o
                0x20000008                SystemCoreClock
 .data.uwTickPrio
                0x2000000c        0x4 ./Drivers/STM32G4xx_HAL_Driver/Src/stm32g4xx_hal.o
                0x2000000c                uwTickPrio
 .data.uwTickFreq
                0x20000010        0x4 ./Drivers/STM32G4xx_HAL_Driver/Src/stm32g4xx_hal.o
                0x20000010                uwTickFreq
 *(.RamFunc)
 *(.RamFunc*)
                0x20000014                        . = ALIGN (0x4)
                0x20000014                        _edata = .

.igot.plt       0x20000014        0x0 load address 0x08008474
 .igot.plt      0x20000014        0x0 C:/ST/STM32CubeIDE_1.14.1/STM32CubeIDE/plugins/com.st.stm32cube.ide.mcu.externaltools.gnu-tools-for-stm32.12.3.rel1.win32_1.0.100.202403111256/tools/bin/../lib/gcc/arm-none-eabi/12.3.1/thumb/v7e-m+fp/hard/crtbegin.o
                0x20000014                        . = ALIGN (0x4)

.bss            0x20000018      0x30c load address 0x08008474
                0x20000018                        _sbss = .
                0x20000018                        __bss_start__ = _sbss
 *(.bss)
 .bss           0x20000018       0x1c C:/ST/STM32CubeIDE_1.14.1/STM32CubeIDE/plugins/com.st.stm32cube.ide.mcu.externaltools.gnu-tools-for-stm32.12.3.rel1.win32_1.0.100.202403111256/tools/bin/../lib/gcc/arm-none-eabi/12.3.1/thumb/v7e-m+fp/hard/crtbegin.o
 *(.bss*)
 .bss.hadc1     0x20000034       0x6c ./Core/Src/main.o
                0x20000034                hadc1
 .bss.hdma_adc1
                0x200000a0       0x60 ./Core/Src/main.o
                0x200000a0                hdma_adc1
 .bss.hi2c1     0x20000100       0x54 ./Core/Src/main.o
                0x20000100                hi2c1
 .bss.hdma_i2c1_rx
                0x20000154       0x60 ./Core/Src/main.o
                0x20000154                hdma_i2c1_rx
 .bss.hdma_i2c1_tx
                0x200001b4       0x60 ./Core/Src/main.o
                0x200001b4                hdma_i2c1_tx
 .bss.hlpuart1  0x20000214       0x94 ./Core/Src/main.o
                0x20000214                hlpuart1
 .bss.eepromExampleWriteFlag
                0x200002a8        0x1 ./Core/Src/main.o
                0x200002a8                eepromExampleWriteFlag
 *fill*         0x200002a9        0x3 
 .bss.eepromDataReadBack
                0x200002ac        0x4 ./Core/Src/main.o
                0x200002ac                eepromDataReadBack
 .bss.A         0x200002b0        0x5 ./Core/Src/main.o
                0x200002b0                A
 *fill*         0x200002b5        0x3 
 .bss.JOY_RawRead
                0x200002b8       0x50 ./Core/Src/main.o
                0x200002b8                JOY_RawRead
 .bss.dataBytes
                0x20000308        0x6 ./Core/Src/main.o
                0x20000308                dataBytes
 .bss.dataSend  0x2000030e        0x2 ./Core/Src/main.o
                0x2000030e                dataSend
 .bss.Score     0x20000310        0x2 ./Core/Src/main.o
                0x20000310                Score
 .bss.High_Score
                0x20000312        0x2 ./Core/Src/main.o
                0x20000312                High_Score
 .bss.Count     0x20000314        0x2 ./Core/Src/main.o
                0x20000314                Count
 *fill*         0x20000316        0x2 
 .bss.timestamp.1
                0x20000318        0x8 ./Core/Src/main.o
 .bss.uwTick    0x20000320        0x4 ./Drivers/STM32G4xx_HAL_Driver/Src/stm32g4xx_hal.o
                0x20000320                uwTick
 *(COMMON)
                0x20000324                        . = ALIGN (0x4)
                0x20000324                        _ebss = .
                0x20000324                        __bss_end__ = _ebss

._user_heap_stack
                0x20000324      0x604 load address 0x08008474
                0x20000328                        . = ALIGN (0x8)
 *fill*         0x20000324        0x4 
                [!provide]                        PROVIDE (end = .)
                0x20000328                        PROVIDE (_end = .)
                0x20000528                        . = (. + _Min_Heap_Size)
 *fill*         0x20000328      0x200 
                0x20000928                        . = (. + _Min_Stack_Size)
 *fill*         0x20000528      0x400 
                0x20000928                        . = ALIGN (0x8)

/DISCARD/
 libc.a(*)
 libm.a(*)
 libgcc.a(*)

.ARM.attributes
                0x00000000       0x30
 *(.ARM.attributes)
 .ARM.attributes
                0x00000000       0x22 C:/ST/STM32CubeIDE_1.14.1/STM32CubeIDE/plugins/com.st.stm32cube.ide.mcu.externaltools.gnu-tools-for-stm32.12.3.rel1.win32_1.0.100.202403111256/tools/bin/../lib/gcc/arm-none-eabi/12.3.1/thumb/v7e-m+fp/hard/crti.o
 .ARM.attributes
                0x00000022       0x34 C:/ST/STM32CubeIDE_1.14.1/STM32CubeIDE/plugins/com.st.stm32cube.ide.mcu.externaltools.gnu-tools-for-stm32.12.3.rel1.win32_1.0.100.202403111256/tools/bin/../lib/gcc/arm-none-eabi/12.3.1/thumb/v7e-m+fp/hard/crtbegin.o
 .ARM.attributes
                0x00000056       0x34 ./Core/Src/main.o
 .ARM.attributes
                0x0000008a       0x34 ./Core/Src/stm32g4xx_hal_msp.o
 .ARM.attributes
                0x000000be       0x34 ./Core/Src/stm32g4xx_it.o
 .ARM.attributes
                0x000000f2       0x34 ./Core/Src/system_stm32g4xx.o
 .ARM.attributes
                0x00000126       0x21 ./Core/Startup/startup_stm32g474retx.o
 .ARM.attributes
                0x00000147       0x34 ./Drivers/STM32G4xx_HAL_Driver/Src/stm32g4xx_hal.o
 .ARM.attributes
                0x0000017b       0x34 ./Drivers/STM32G4xx_HAL_Driver/Src/stm32g4xx_hal_adc.o
 .ARM.attributes
                0x000001af       0x34 ./Drivers/STM32G4xx_HAL_Driver/Src/stm32g4xx_hal_adc_ex.o
 .ARM.attributes
                0x000001e3       0x34 ./Drivers/STM32G4xx_HAL_Driver/Src/stm32g4xx_hal_cortex.o
 .ARM.attributes
                0x00000217       0x34 ./Drivers/STM32G4xx_HAL_Driver/Src/stm32g4xx_hal_dma.o
 .ARM.attributes
                0x0000024b       0x34 ./Drivers/STM32G4xx_HAL_Driver/Src/stm32g4xx_hal_gpio.o
 .ARM.attributes
                0x0000027f       0x34 ./Drivers/STM32G4xx_HAL_Driver/Src/stm32g4xx_hal_i2c.o
 .ARM.attributes
                0x000002b3       0x34 ./Drivers/STM32G4xx_HAL_Driver/Src/stm32g4xx_hal_i2c_ex.o
 .ARM.attributes
                0x000002e7       0x34 ./Drivers/STM32G4xx_HAL_Driver/Src/stm32g4xx_hal_pwr_ex.o
 .ARM.attributes
                0x0000031b       0x34 ./Drivers/STM32G4xx_HAL_Driver/Src/stm32g4xx_hal_rcc.o
 .ARM.attributes
                0x0000034f       0x34 ./Drivers/STM32G4xx_HAL_Driver/Src/stm32g4xx_hal_rcc_ex.o
 .ARM.attributes
                0x00000383       0x34 ./Drivers/STM32G4xx_HAL_Driver/Src/stm32g4xx_hal_uart.o
 .ARM.attributes
                0x000003b7       0x34 ./Drivers/STM32G4xx_HAL_Driver/Src/stm32g4xx_hal_uart_ex.o
 .ARM.attributes
                0x000003eb       0x34 C:/ST/STM32CubeIDE_1.14.1/STM32CubeIDE/plugins/com.st.stm32cube.ide.mcu.externaltools.gnu-tools-for-stm32.12.3.rel1.win32_1.0.100.202403111256/tools/bin/../lib/gcc/arm-none-eabi/12.3.1/../../../../arm-none-eabi/lib/thumb/v7e-m+fp/hard\libc_nano.a(libc_a-memset.o)
 .ARM.attributes
                0x0000041f       0x34 C:/ST/STM32CubeIDE_1.14.1/STM32CubeIDE/plugins/com.st.stm32cube.ide.mcu.externaltools.gnu-tools-for-stm32.12.3.rel1.win32_1.0.100.202403111256/tools/bin/../lib/gcc/arm-none-eabi/12.3.1/../../../../arm-none-eabi/lib/thumb/v7e-m+fp/hard\libc_nano.a(libc_a-init.o)
 .ARM.attributes
                0x00000453       0x22 C:/ST/STM32CubeIDE_1.14.1/STM32CubeIDE/plugins/com.st.stm32cube.ide.mcu.externaltools.gnu-tools-for-stm32.12.3.rel1.win32_1.0.100.202403111256/tools/bin/../lib/gcc/arm-none-eabi/12.3.1/thumb/v7e-m+fp/hard\libgcc.a(_aeabi_uldivmod.o)
 .ARM.attributes
                0x00000475       0x34 C:/ST/STM32CubeIDE_1.14.1/STM32CubeIDE/plugins/com.st.stm32cube.ide.mcu.externaltools.gnu-tools-for-stm32.12.3.rel1.win32_1.0.100.202403111256/tools/bin/../lib/gcc/arm-none-eabi/12.3.1/thumb/v7e-m+fp/hard\libgcc.a(_udivmoddi4.o)
 .ARM.attributes
                0x000004a9       0x22 C:/ST/STM32CubeIDE_1.14.1/STM32CubeIDE/plugins/com.st.stm32cube.ide.mcu.externaltools.gnu-tools-for-stm32.12.3.rel1.win32_1.0.100.202403111256/tools/bin/../lib/gcc/arm-none-eabi/12.3.1/thumb/v7e-m+fp/hard\libgcc.a(_dvmd_tls.o)
 .ARM.attributes
                0x000004cb       0x22 C:/ST/STM32CubeIDE_1.14.1/STM32CubeIDE/plugins/com.st.stm32cube.ide.mcu.externaltools.gnu-tools-for-stm32.12.3.rel1.win32_1.0.100.202403111256/tools/bin/../lib/gcc/arm-none-eabi/12.3.1/thumb/v7e-m+fp/hard/crtn.o
OUTPUT(LAB3_Game.elf elf32-littlearm)
LOAD linker stubs
LOAD C:/ST/STM32CubeIDE_1.14.1/STM32CubeIDE/plugins/com.st.stm32cube.ide.mcu.externaltools.gnu-tools-for-stm32.12.3.rel1.win32_1.0.100.202403111256/tools/bin/../lib/gcc/arm-none-eabi/12.3.1/../../../../arm-none-eabi/lib/thumb/v7e-m+fp/hard\libc.a
LOAD C:/ST/STM32CubeIDE_1.14.1/STM32CubeIDE/plugins/com.st.stm32cube.ide.mcu.externaltools.gnu-tools-for-stm32.12.3.rel1.win32_1.0.100.202403111256/tools/bin/../lib/gcc/arm-none-eabi/12.3.1/../../../../arm-none-eabi/lib/thumb/v7e-m+fp/hard\libm.a
LOAD C:/ST/STM32CubeIDE_1.14.1/STM32CubeIDE/plugins/com.st.stm32cube.ide.mcu.externaltools.gnu-tools-for-stm32.12.3.rel1.win32_1.0.100.202403111256/tools/bin/../lib/gcc/arm-none-eabi/12.3.1/thumb/v7e-m+fp/hard\libgcc.a

.debug_info     0x00000000    0x15636
 .debug_info    0x00000000     0x1e1d ./Core/Src/main.o
 .debug_info    0x00001e1d     0x1938 ./Core/Src/stm32g4xx_hal_msp.o
 .debug_info    0x00003755      0xc2c ./Core/Src/stm32g4xx_it.o
 .debug_info    0x00004381      0x58e ./Core/Src/system_stm32g4xx.o
 .debug_info    0x0000490f       0x30 ./Core/Startup/startup_stm32g474retx.o
 .debug_info    0x0000493f      0xb95 ./Drivers/STM32G4xx_HAL_Driver/Src/stm32g4xx_hal.o
 .debug_info    0x000054d4     0x2063 ./Drivers/STM32G4xx_HAL_Driver/Src/stm32g4xx_hal_adc.o
 .debug_info    0x00007537     0x1d80 ./Drivers/STM32G4xx_HAL_Driver/Src/stm32g4xx_hal_adc_ex.o
 .debug_info    0x000092b7      0xdad ./Drivers/STM32G4xx_HAL_Driver/Src/stm32g4xx_hal_cortex.o
 .debug_info    0x0000a064      0x85f ./Drivers/STM32G4xx_HAL_Driver/Src/stm32g4xx_hal_dma.o
 .debug_info    0x0000a8c3      0x763 ./Drivers/STM32G4xx_HAL_Driver/Src/stm32g4xx_hal_gpio.o
 .debug_info    0x0000b026     0x21db ./Drivers/STM32G4xx_HAL_Driver/Src/stm32g4xx_hal_i2c.o
 .debug_info    0x0000d201      0xad6 ./Drivers/STM32G4xx_HAL_Driver/Src/stm32g4xx_hal_i2c_ex.o
 .debug_info    0x0000dcd7      0x93f ./Drivers/STM32G4xx_HAL_Driver/Src/stm32g4xx_hal_pwr_ex.o
 .debug_info    0x0000e616      0xbe0 ./Drivers/STM32G4xx_HAL_Driver/Src/stm32g4xx_hal_rcc.o
 .debug_info    0x0000f1f6      0xc45 ./Drivers/STM32G4xx_HAL_Driver/Src/stm32g4xx_hal_rcc_ex.o
 .debug_info    0x0000fe3b     0x481e ./Drivers/STM32G4xx_HAL_Driver/Src/stm32g4xx_hal_uart.o
 .debug_info    0x00014659      0xfdd ./Drivers/STM32G4xx_HAL_Driver/Src/stm32g4xx_hal_uart_ex.o

.debug_abbrev   0x00000000     0x2895
 .debug_abbrev  0x00000000      0x339 ./Core/Src/main.o
 .debug_abbrev  0x00000339      0x24b ./Core/Src/stm32g4xx_hal_msp.o
 .debug_abbrev  0x00000584      0x197 ./Core/Src/stm32g4xx_it.o
 .debug_abbrev  0x0000071b      0x11a ./Core/Src/system_stm32g4xx.o
 .debug_abbrev  0x00000835       0x24 ./Core/Startup/startup_stm32g474retx.o
 .debug_abbrev  0x00000859      0x271 ./Drivers/STM32G4xx_HAL_Driver/Src/stm32g4xx_hal.o
 .debug_abbrev  0x00000aca      0x2d3 ./Drivers/STM32G4xx_HAL_Driver/Src/stm32g4xx_hal_adc.o
 .debug_abbrev  0x00000d9d      0x2ee ./Drivers/STM32G4xx_HAL_Driver/Src/stm32g4xx_hal_adc_ex.o
 .debug_abbrev  0x0000108b      0x31c ./Drivers/STM32G4xx_HAL_Driver/Src/stm32g4xx_hal_cortex.o
 .debug_abbrev  0x000013a7      0x1e2 ./Drivers/STM32G4xx_HAL_Driver/Src/stm32g4xx_hal_dma.o
 .debug_abbrev  0x00001589      0x1cb ./Drivers/STM32G4xx_HAL_Driver/Src/stm32g4xx_hal_gpio.o
 .debug_abbrev  0x00001754      0x25e ./Drivers/STM32G4xx_HAL_Driver/Src/stm32g4xx_hal_i2c.o
 .debug_abbrev  0x000019b2      0x1c0 ./Drivers/STM32G4xx_HAL_Driver/Src/stm32g4xx_hal_i2c_ex.o
 .debug_abbrev  0x00001b72      0x22c ./Drivers/STM32G4xx_HAL_Driver/Src/stm32g4xx_hal_pwr_ex.o
 .debug_abbrev  0x00001d9e      0x2c9 ./Drivers/STM32G4xx_HAL_Driver/Src/stm32g4xx_hal_rcc.o
 .debug_abbrev  0x00002067      0x258 ./Drivers/STM32G4xx_HAL_Driver/Src/stm32g4xx_hal_rcc_ex.o
 .debug_abbrev  0x000022bf      0x304 ./Drivers/STM32G4xx_HAL_Driver/Src/stm32g4xx_hal_uart.o
 .debug_abbrev  0x000025c3      0x2d2 ./Drivers/STM32G4xx_HAL_Driver/Src/stm32g4xx_hal_uart_ex.o

.debug_aranges  0x00000000     0x1160
 .debug_aranges
                0x00000000       0x78 ./Core/Src/main.o
 .debug_aranges
                0x00000078       0x50 ./Core/Src/stm32g4xx_hal_msp.o
 .debug_aranges
                0x000000c8       0x98 ./Core/Src/stm32g4xx_it.o
 .debug_aranges
                0x00000160       0x28 ./Core/Src/system_stm32g4xx.o
 .debug_aranges
                0x00000188       0x28 ./Core/Startup/startup_stm32g474retx.o
 .debug_aranges
                0x000001b0      0x148 ./Drivers/STM32G4xx_HAL_Driver/Src/stm32g4xx_hal.o
 .debug_aranges
                0x000002f8      0x248 ./Drivers/STM32G4xx_HAL_Driver/Src/stm32g4xx_hal_adc.o
 .debug_aranges
                0x00000540      0x1c0 ./Drivers/STM32G4xx_HAL_Driver/Src/stm32g4xx_hal_adc_ex.o
 .debug_aranges
                0x00000700      0x118 ./Drivers/STM32G4xx_HAL_Driver/Src/stm32g4xx_hal_cortex.o
 .debug_aranges
                0x00000818       0x90 ./Drivers/STM32G4xx_HAL_Driver/Src/stm32g4xx_hal_dma.o
 .debug_aranges
                0x000008a8       0x58 ./Drivers/STM32G4xx_HAL_Driver/Src/stm32g4xx_hal_gpio.o
 .debug_aranges
                0x00000900      0x2a0 ./Drivers/STM32G4xx_HAL_Driver/Src/stm32g4xx_hal_i2c.o
 .debug_aranges
                0x00000ba0       0x48 ./Drivers/STM32G4xx_HAL_Driver/Src/stm32g4xx_hal_i2c_ex.o
 .debug_aranges
                0x00000be8      0x140 ./Drivers/STM32G4xx_HAL_Driver/Src/stm32g4xx_hal_pwr_ex.o
 .debug_aranges
                0x00000d28       0x98 ./Drivers/STM32G4xx_HAL_Driver/Src/stm32g4xx_hal_rcc.o
 .debug_aranges
                0x00000dc0       0xb0 ./Drivers/STM32G4xx_HAL_Driver/Src/stm32g4xx_hal_rcc_ex.o
 .debug_aranges
                0x00000e70      0x248 ./Drivers/STM32G4xx_HAL_Driver/Src/stm32g4xx_hal_uart.o
 .debug_aranges
                0x000010b8       0xa8 ./Drivers/STM32G4xx_HAL_Driver/Src/stm32g4xx_hal_uart_ex.o

.debug_rnglists
                0x00000000      0xd80
 .debug_rnglists
                0x00000000       0x5b ./Core/Src/main.o
 .debug_rnglists
                0x0000005b       0x3a ./Core/Src/stm32g4xx_hal_msp.o
 .debug_rnglists
                0x00000095       0x6d ./Core/Src/stm32g4xx_it.o
 .debug_rnglists
                0x00000102       0x1a ./Core/Src/system_stm32g4xx.o
 .debug_rnglists
                0x0000011c       0x19 ./Core/Startup/startup_stm32g474retx.o
 .debug_rnglists
                0x00000135       0xf1 ./Drivers/STM32G4xx_HAL_Driver/Src/stm32g4xx_hal.o
 .debug_rnglists
                0x00000226      0x1c0 ./Drivers/STM32G4xx_HAL_Driver/Src/stm32g4xx_hal_adc.o
 .debug_rnglists
                0x000003e6      0x15a ./Drivers/STM32G4xx_HAL_Driver/Src/stm32g4xx_hal_adc_ex.o
 .debug_rnglists
                0x00000540       0xce ./Drivers/STM32G4xx_HAL_Driver/Src/stm32g4xx_hal_cortex.o
 .debug_rnglists
                0x0000060e       0x71 ./Drivers/STM32G4xx_HAL_Driver/Src/stm32g4xx_hal_dma.o
 .debug_rnglists
                0x0000067f       0x3f ./Drivers/STM32G4xx_HAL_Driver/Src/stm32g4xx_hal_gpio.o
 .debug_rnglists
                0x000006be      0x228 ./Drivers/STM32G4xx_HAL_Driver/Src/stm32g4xx_hal_i2c.o
 .debug_rnglists
                0x000008e6       0x35 ./Drivers/STM32G4xx_HAL_Driver/Src/stm32g4xx_hal_i2c_ex.o
 .debug_rnglists
                0x0000091b       0xf1 ./Drivers/STM32G4xx_HAL_Driver/Src/stm32g4xx_hal_pwr_ex.o
 .debug_rnglists
                0x00000a0c       0x74 ./Drivers/STM32G4xx_HAL_Driver/Src/stm32g4xx_hal_rcc.o
 .debug_rnglists
                0x00000a80       0x87 ./Drivers/STM32G4xx_HAL_Driver/Src/stm32g4xx_hal_rcc_ex.o
 .debug_rnglists
                0x00000b07      0x1fa ./Drivers/STM32G4xx_HAL_Driver/Src/stm32g4xx_hal_uart.o
 .debug_rnglists
                0x00000d01       0x7f ./Drivers/STM32G4xx_HAL_Driver/Src/stm32g4xx_hal_uart_ex.o

.debug_macro    0x00000000    0x26b83
 .debug_macro   0x00000000      0x20b ./Core/Src/main.o
 .debug_macro   0x0000020b      0xab4 ./Core/Src/main.o
 .debug_macro   0x00000cbf      0x161 ./Core/Src/main.o
 .debug_macro   0x00000e20       0x2e ./Core/Src/main.o
 .debug_macro   0x00000e4e       0x28 ./Core/Src/main.o
 .debug_macro   0x00000e76       0x22 ./Core/Src/main.o
 .debug_macro   0x00000e98       0x8e ./Core/Src/main.o
 .debug_macro   0x00000f26       0x51 ./Core/Src/main.o
 .debug_macro   0x00000f77      0x103 ./Core/Src/main.o
 .debug_macro   0x0000107a       0x6a ./Core/Src/main.o
 .debug_macro   0x000010e4      0x1df ./Core/Src/main.o
 .debug_macro   0x000012c3       0x1c ./Core/Src/main.o
 .debug_macro   0x000012df       0x22 ./Core/Src/main.o
 .debug_macro   0x00001301       0xfb ./Core/Src/main.o
 .debug_macro   0x000013fc     0x1011 ./Core/Src/main.o
 .debug_macro   0x0000240d      0x11f ./Core/Src/main.o
 .debug_macro   0x0000252c    0x18b45 ./Core/Src/main.o
 .debug_macro   0x0001b071       0x6d ./Core/Src/main.o
 .debug_macro   0x0001b0de     0x354d ./Core/Src/main.o
 .debug_macro   0x0001e62b      0x189 ./Core/Src/main.o
 .debug_macro   0x0001e7b4       0x5c ./Core/Src/main.o
 .debug_macro   0x0001e810     0x171f ./Core/Src/main.o
 .debug_macro   0x0001ff2f      0x600 ./Core/Src/main.o
 .debug_macro   0x0002052f      0x1b6 ./Core/Src/main.o
 .debug_macro   0x000206e5      0x34a ./Core/Src/main.o
 .debug_macro   0x00020a2f      0x53c ./Core/Src/main.o
 .debug_macro   0x00020f6b      0x18b ./Core/Src/main.o
 .debug_macro   0x000210f6       0x43 ./Core/Src/main.o
 .debug_macro   0x00021139      0x23d ./Core/Src/main.o
 .debug_macro   0x00021376     0x1112 ./Core/Src/main.o
 .debug_macro   0x00022488      0x72e ./Core/Src/main.o
 .debug_macro   0x00022bb6      0x391 ./Core/Src/main.o
 .debug_macro   0x00022f47      0x211 ./Core/Src/main.o
 .debug_macro   0x00023158      0x45c ./Core/Src/main.o
 .debug_macro   0x000235b4      0x11c ./Core/Src/main.o
 .debug_macro   0x000236d0      0x22c ./Core/Src/main.o
 .debug_macro   0x000238fc       0x61 ./Core/Src/main.o
 .debug_macro   0x0002395d       0xa5 ./Core/Src/main.o
 .debug_macro   0x00023a02      0x122 ./Core/Src/main.o
 .debug_macro   0x00023b24      0x3d1 ./Core/Src/main.o
 .debug_macro   0x00023ef5      0x693 ./Core/Src/main.o
 .debug_macro   0x00024588       0xa6 ./Core/Src/main.o
 .debug_macro   0x0002462e      0x358 ./Core/Src/main.o
 .debug_macro   0x00024986       0x5e ./Core/Src/main.o
 .debug_macro   0x000249e4      0x205 ./Core/Src/stm32g4xx_hal_msp.o
 .debug_macro   0x00024be9      0x20f ./Core/Src/stm32g4xx_it.o
 .debug_macro   0x00024df8      0x1f6 ./Core/Src/system_stm32g4xx.o
 .debug_macro   0x00024fee      0x244 ./Drivers/STM32G4xx_HAL_Driver/Src/stm32g4xx_hal.o
 .debug_macro   0x00025232      0x213 ./Drivers/STM32G4xx_HAL_Driver/Src/stm32g4xx_hal_adc.o
 .debug_macro   0x00025445      0x202 ./Drivers/STM32G4xx_HAL_Driver/Src/stm32g4xx_hal_adc_ex.o
 .debug_macro   0x00025647      0x1f6 ./Drivers/STM32G4xx_HAL_Driver/Src/stm32g4xx_hal_cortex.o
 .debug_macro   0x0002583d      0x1f6 ./Drivers/STM32G4xx_HAL_Driver/Src/stm32g4xx_hal_dma.o
 .debug_macro   0x00025a33      0x1fd ./Drivers/STM32G4xx_HAL_Driver/Src/stm32g4xx_hal_gpio.o
 .debug_macro   0x00025c30      0x2c2 ./Drivers/STM32G4xx_HAL_Driver/Src/stm32g4xx_hal_i2c.o
 .debug_macro   0x00025ef2      0x1f6 ./Drivers/STM32G4xx_HAL_Driver/Src/stm32g4xx_hal_i2c_ex.o
 .debug_macro   0x000260e8      0x220 ./Drivers/STM32G4xx_HAL_Driver/Src/stm32g4xx_hal_pwr_ex.o
 .debug_macro   0x00026308      0x238 ./Drivers/STM32G4xx_HAL_Driver/Src/stm32g4xx_hal_rcc.o
 .debug_macro   0x00026540      0x220 ./Drivers/STM32G4xx_HAL_Driver/Src/stm32g4xx_hal_rcc_ex.o
 .debug_macro   0x00026760      0x221 ./Drivers/STM32G4xx_HAL_Driver/Src/stm32g4xx_hal_uart.o
 .debug_macro   0x00026981      0x202 ./Drivers/STM32G4xx_HAL_Driver/Src/stm32g4xx_hal_uart_ex.o

.debug_line     0x00000000    0x157a3
 .debug_line    0x00000000      0xaa8 ./Core/Src/main.o
 .debug_line    0x00000aa8      0x95c ./Core/Src/stm32g4xx_hal_msp.o
 .debug_line    0x00001404      0x91b ./Core/Src/stm32g4xx_it.o
 .debug_line    0x00001d1f      0x81d ./Core/Src/system_stm32g4xx.o
 .debug_line    0x0000253c       0x7b ./Core/Startup/startup_stm32g474retx.o
 .debug_line    0x000025b7      0xbd9 ./Drivers/STM32G4xx_HAL_Driver/Src/stm32g4xx_hal.o
 .debug_line    0x00003190     0x2302 ./Drivers/STM32G4xx_HAL_Driver/Src/stm32g4xx_hal_adc.o
 .debug_line    0x00005492     0x1c91 ./Drivers/STM32G4xx_HAL_Driver/Src/stm32g4xx_hal_adc_ex.o
 .debug_line    0x00007123      0xd42 ./Drivers/STM32G4xx_HAL_Driver/Src/stm32g4xx_hal_cortex.o
 .debug_line    0x00007e65      0xf03 ./Drivers/STM32G4xx_HAL_Driver/Src/stm32g4xx_hal_dma.o
 .debug_line    0x00008d68      0xbf2 ./Drivers/STM32G4xx_HAL_Driver/Src/stm32g4xx_hal_gpio.o
 .debug_line    0x0000995a     0x3a8f ./Drivers/STM32G4xx_HAL_Driver/Src/stm32g4xx_hal_i2c.o
 .debug_line    0x0000d3e9      0x9ce ./Drivers/STM32G4xx_HAL_Driver/Src/stm32g4xx_hal_i2c_ex.o
 .debug_line    0x0000ddb7      0xd48 ./Drivers/STM32G4xx_HAL_Driver/Src/stm32g4xx_hal_pwr_ex.o
 .debug_line    0x0000eaff      0xfa4 ./Drivers/STM32G4xx_HAL_Driver/Src/stm32g4xx_hal_rcc.o
 .debug_line    0x0000faa3     0x12b4 ./Drivers/STM32G4xx_HAL_Driver/Src/stm32g4xx_hal_rcc_ex.o
 .debug_line    0x00010d57     0x3c4d ./Drivers/STM32G4xx_HAL_Driver/Src/stm32g4xx_hal_uart.o
 .debug_line    0x000149a4      0xdff ./Drivers/STM32G4xx_HAL_Driver/Src/stm32g4xx_hal_uart_ex.o

.debug_str      0x00000000    0xff75c
 .debug_str     0x00000000    0xfac24 ./Core/Src/main.o
                              0xfb343 (size before relaxing)
 .debug_str     0x000fac24      0x2de ./Core/Src/stm32g4xx_hal_msp.o
                              0xfb095 (size before relaxing)
 .debug_str     0x000faf02      0x1ce ./Core/Src/stm32g4xx_it.o
                              0xfa4dc (size before relaxing)
 .debug_str     0x000fb0d0       0xdb ./Core/Src/system_stm32g4xx.o
                              0xf9b96 (size before relaxing)
 .debug_str     0x000fb1ab       0x44 ./Core/Startup/startup_stm32g474retx.o
                                 0x8c (size before relaxing)
 .debug_str     0x000fb1ef      0x5d1 ./Drivers/STM32G4xx_HAL_Driver/Src/stm32g4xx_hal.o
                              0xfa8a8 (size before relaxing)
 .debug_str     0x000fb7c0      0xaff ./Drivers/STM32G4xx_HAL_Driver/Src/stm32g4xx_hal_adc.o
                              0xfabc3 (size before relaxing)
 .debug_str     0x000fc2bf      0x691 ./Drivers/STM32G4xx_HAL_Driver/Src/stm32g4xx_hal_adc_ex.o
                              0xfab69 (size before relaxing)
 .debug_str     0x000fc950      0x31d ./Drivers/STM32G4xx_HAL_Driver/Src/stm32g4xx_hal_cortex.o
                              0xfa52c (size before relaxing)
 .debug_str     0x000fcc6d      0x278 ./Drivers/STM32G4xx_HAL_Driver/Src/stm32g4xx_hal_dma.o
                              0xf9f70 (size before relaxing)
 .debug_str     0x000fcee5      0x10a ./Drivers/STM32G4xx_HAL_Driver/Src/stm32g4xx_hal_gpio.o
                              0xf9d21 (size before relaxing)
 .debug_str     0x000fcfef      0xd64 ./Drivers/STM32G4xx_HAL_Driver/Src/stm32g4xx_hal_i2c.o
                              0xfae97 (size before relaxing)
 .debug_str     0x000fdd53       0xb8 ./Drivers/STM32G4xx_HAL_Driver/Src/stm32g4xx_hal_i2c_ex.o
                              0xfa1b5 (size before relaxing)
 .debug_str     0x000fde0b      0x495 ./Drivers/STM32G4xx_HAL_Driver/Src/stm32g4xx_hal_pwr_ex.o
                              0xfa084 (size before relaxing)
 .debug_str     0x000fe2a0      0x4fb ./Drivers/STM32G4xx_HAL_Driver/Src/stm32g4xx_hal_rcc.o
                              0xfa2b5 (size before relaxing)
 .debug_str     0x000fe79b      0x402 ./Drivers/STM32G4xx_HAL_Driver/Src/stm32g4xx_hal_rcc_ex.o
                              0xfa2df (size before relaxing)
 .debug_str     0x000feb9d      0x954 ./Drivers/STM32G4xx_HAL_Driver/Src/stm32g4xx_hal_uart.o
                              0xfab51 (size before relaxing)
 .debug_str     0x000ff4f1      0x26b ./Drivers/STM32G4xx_HAL_Driver/Src/stm32g4xx_hal_uart_ex.o
                              0xfa34f (size before relaxing)

.comment        0x00000000       0x43
 .comment       0x00000000       0x43 ./Core/Src/main.o
                                 0x44 (size before relaxing)
 .comment       0x00000043       0x44 ./Core/Src/stm32g4xx_hal_msp.o
 .comment       0x00000043       0x44 ./Core/Src/stm32g4xx_it.o
 .comment       0x00000043       0x44 ./Core/Src/system_stm32g4xx.o
 .comment       0x00000043       0x44 ./Drivers/STM32G4xx_HAL_Driver/Src/stm32g4xx_hal.o
 .comment       0x00000043       0x44 ./Drivers/STM32G4xx_HAL_Driver/Src/stm32g4xx_hal_adc.o
 .comment       0x00000043       0x44 ./Drivers/STM32G4xx_HAL_Driver/Src/stm32g4xx_hal_adc_ex.o
 .comment       0x00000043       0x44 ./Drivers/STM32G4xx_HAL_Driver/Src/stm32g4xx_hal_cortex.o
 .comment       0x00000043       0x44 ./Drivers/STM32G4xx_HAL_Driver/Src/stm32g4xx_hal_dma.o
 .comment       0x00000043       0x44 ./Drivers/STM32G4xx_HAL_Driver/Src/stm32g4xx_hal_gpio.o
 .comment       0x00000043       0x44 ./Drivers/STM32G4xx_HAL_Driver/Src/stm32g4xx_hal_i2c.o
 .comment       0x00000043       0x44 ./Drivers/STM32G4xx_HAL_Driver/Src/stm32g4xx_hal_i2c_ex.o
 .comment       0x00000043       0x44 ./Drivers/STM32G4xx_HAL_Driver/Src/stm32g4xx_hal_pwr_ex.o
 .comment       0x00000043       0x44 ./Drivers/STM32G4xx_HAL_Driver/Src/stm32g4xx_hal_rcc.o
 .comment       0x00000043       0x44 ./Drivers/STM32G4xx_HAL_Driver/Src/stm32g4xx_hal_rcc_ex.o
 .comment       0x00000043       0x44 ./Drivers/STM32G4xx_HAL_Driver/Src/stm32g4xx_hal_uart.o
 .comment       0x00000043       0x44 ./Drivers/STM32G4xx_HAL_Driver/Src/stm32g4xx_hal_uart_ex.o

.debug_frame    0x00000000     0x4a08
 .debug_frame   0x00000000      0x19c ./Core/Src/main.o
 .debug_frame   0x0000019c      0x118 ./Core/Src/stm32g4xx_hal_msp.o
 .debug_frame   0x000002b4      0x1c8 ./Core/Src/stm32g4xx_it.o
 .debug_frame   0x0000047c       0x58 ./Core/Src/system_stm32g4xx.o
 .debug_frame   0x000004d4      0x500 ./Drivers/STM32G4xx_HAL_Driver/Src/stm32g4xx_hal.o
 .debug_frame   0x000009d4      0xacc ./Drivers/STM32G4xx_HAL_Driver/Src/stm32g4xx_hal_adc.o
 .debug_frame   0x000014a0      0x81c ./Drivers/STM32G4xx_HAL_Driver/Src/stm32g4xx_hal_adc_ex.o
 .debug_frame   0x00001cbc      0x498 ./Drivers/STM32G4xx_HAL_Driver/Src/stm32g4xx_hal_cortex.o
 .debug_frame   0x00002154      0x24c ./Drivers/STM32G4xx_HAL_Driver/Src/stm32g4xx_hal_dma.o
 .debug_frame   0x000023a0      0x14c ./Drivers/STM32G4xx_HAL_Driver/Src/stm32g4xx_hal_gpio.o
 .debug_frame   0x000024ec      0xc38 ./Drivers/STM32G4xx_HAL_Driver/Src/stm32g4xx_hal_i2c.o
 .debug_frame   0x00003124      0x100 ./Drivers/STM32G4xx_HAL_Driver/Src/stm32g4xx_hal_i2c_ex.o
 .debug_frame   0x00003224      0x4fc ./Drivers/STM32G4xx_HAL_Driver/Src/stm32g4xx_hal_pwr_ex.o
 .debug_frame   0x00003720      0x23c ./Drivers/STM32G4xx_HAL_Driver/Src/stm32g4xx_hal_rcc.o
 .debug_frame   0x0000395c      0x2ac ./Drivers/STM32G4xx_HAL_Driver/Src/stm32g4xx_hal_rcc_ex.o
 .debug_frame   0x00003c08      0xa94 ./Drivers/STM32G4xx_HAL_Driver/Src/stm32g4xx_hal_uart.o
 .debug_frame   0x0000469c      0x2c0 ./Drivers/STM32G4xx_HAL_Driver/Src/stm32g4xx_hal_uart_ex.o
 .debug_frame   0x0000495c       0x20 C:/ST/STM32CubeIDE_1.14.1/STM32CubeIDE/plugins/com.st.stm32cube.ide.mcu.externaltools.gnu-tools-for-stm32.12.3.rel1.win32_1.0.100.202403111256/tools/bin/../lib/gcc/arm-none-eabi/12.3.1/../../../../arm-none-eabi/lib/thumb/v7e-m+fp/hard\libc_nano.a(libc_a-memset.o)
 .debug_frame   0x0000497c       0x2c C:/ST/STM32CubeIDE_1.14.1/STM32CubeIDE/plugins/com.st.stm32cube.ide.mcu.externaltools.gnu-tools-for-stm32.12.3.rel1.win32_1.0.100.202403111256/tools/bin/../lib/gcc/arm-none-eabi/12.3.1/../../../../arm-none-eabi/lib/thumb/v7e-m+fp/hard\libc_nano.a(libc_a-init.o)
 .debug_frame   0x000049a8       0x2c C:/ST/STM32CubeIDE_1.14.1/STM32CubeIDE/plugins/com.st.stm32cube.ide.mcu.externaltools.gnu-tools-for-stm32.12.3.rel1.win32_1.0.100.202403111256/tools/bin/../lib/gcc/arm-none-eabi/12.3.1/thumb/v7e-m+fp/hard\libgcc.a(_aeabi_uldivmod.o)
 .debug_frame   0x000049d4       0x34 C:/ST/STM32CubeIDE_1.14.1/STM32CubeIDE/plugins/com.st.stm32cube.ide.mcu.externaltools.gnu-tools-for-stm32.12.3.rel1.win32_1.0.100.202403111256/tools/bin/../lib/gcc/arm-none-eabi/12.3.1/thumb/v7e-m+fp/hard\libgcc.a(_udivmoddi4.o)

.debug_line_str
                0x00000000       0x70
 .debug_line_str
                0x00000000       0x70 ./Core/Startup/startup_stm32g474retx.o
