../Core/Src/main.c:145:5:main	24	static
../Core/Src/main.c:241:6:SystemClock_Config	88	static
../Core/Src/main.c:288:13:MX_LPUART1_UART_Init	8	static
../Core/Src/main.c:335:13:MX_TIM3_Init	56	static
../Core/Src/main.c:384:13:MX_TIM4_Init	64	static
../Core/Src/main.c:447:13:MX_TIM5_Init	40	static
../Core/Src/main.c:492:13:MX_TIM6_Init	24	static
../Core/Src/main.c:530:13:MX_GPIO_Init	48	static
../Core/Src/main.c:567:6:HAL_TIM_PeriodElapsedCallback	24	static
../Core/Src/main.c:579:10:micros	12	static
../Core/Src/main.c:583:6:QEIEncoderPosVel_Update	48	static
../Core/Src/main.c:628:6:Trajectory	40	static
../Core/Src/main.c:711:6:reset	4	static
../Core/Src/main.c:731:6:PIDposition	24	static
../Core/Src/main.c:781:7:mapFloat	32	static
../Core/Src/main.c:784:6:HAL_GPIO_EXTI_Callback	16	static
../Core/Src/main.c:797:6:Error_Handler	4	static,ignoring_inline_asm
