../Core/Src/main.c:92:5:main	24	static
../Core/Src/main.c:169:6:SystemClock_Config	88	static
../Core/Src/main.c:216:13:MX_ADC1_Init	56	static
../Core/Src/main.c:292:13:MX_I2C1_Init	8	static
../Core/Src/main.c:340:13:MX_LPUART1_UART_Init	8	static
../Core/Src/main.c:385:13:MX_DMA_Init	16	static
../Core/Src/main.c:410:13:MX_GPIO_Init	48	static
../Core/Src/main.c:447:6:UARTInterruptConfig	8	static
../Core/Src/main.c:451:6:HAL_UART_RxCpltCallback	16	static
../Core/Src/main.c:460:6:EEPROMWriteExample	16	static
../Core/Src/main.c:470:6:EEPROMReadExample	24	static
../Core/Src/main.c:476:6:HAL_GPIO_EXTI_Callback	16	static
../Core/Src/main.c:491:6:Error_Handler	4	static,ignoring_inline_asm
