14:02:24 **** Incremental Build of configuration Debug for project KalmanImprement ****
make -j12 all 
arm-none-eabi-gcc "../Core/Src/main.c" -mcpu=cortex-m4 -std=gnu11 -g3 -DDEBUG -DUSE_HAL_DRIVER -DSTM32G474xx -c -I../Core/Inc -I../Drivers/STM32G4xx_HAL_Driver/Inc -I../Drivers/STM32G4xx_HAL_Driver/Inc/Legacy -I../Drivers/CMSIS/Device/ST/STM32G4xx/Include -I../Drivers/CMSIS/Include -O0 -ffunction-sections -fdata-sections -Wall -fstack-usage -fcyclomatic-complexity -MMD -MP -MF"Core/Src/main.d" -MT"Core/Src/main.o" --specs=nano.specs -mfpu=fpv4-sp-d16 -mfloat-abi=hard -mthumb -o "Core/Src/main.o"
../Core/Src/main.c:65:7: error: conflicting types for 'Q'; have 'float[3][3]'
   65 | float Q[STATE_SIZE][STATE_SIZE]; // Process noise covariance
      |       ^
In file included from ../Core/Src/main.c:21:
../Core/Inc/kalman_filter.h:22:14: note: previous declaration of 'Q' with type 'float'
   22 | extern float Q;
      |              ^
../Core/Src/main.c:66:7: error: conflicting types for 'R'; have 'float[1][1]'
   66 | float R[MEASURE_SIZE][MEASURE_SIZE] = {{4.0f}}; // Measurement noise covariance
      |       ^
../Core/Inc/kalman_filter.h:21:14: note: previous declaration of 'R' with type 'float'
   21 | extern float R;
      |              ^
../Core/Src/main.c: In function 'main':
../Core/Src/main.c:235:22: warning: implicit declaration of function 'fabs' [-Wimplicit-function-declaration]
  235 |                   if(fabs(Pos-Pos_Target)<0.01)
      |                      ^~~~
../Core/Src/main.c:26:1: note: include '<math.h>' or provide a declaration of 'fabs'
   25 | #include <string.h> // For memset
  +++ |+#include <math.h>
   26 | #define STATE_SIZE 3
../Core/Src/main.c:235:22: warning: incompatible implicit declaration of built-in function 'fabs' [-Wbuiltin-declaration-mismatch]
  235 |                   if(fabs(Pos-Pos_Target)<0.01)
      |                      ^~~~
../Core/Src/main.c:235:22: note: include '<math.h>' or provide a declaration of 'fabs'
../Core/Src/main.c: In function 'Trajectory':
../Core/Src/main.c:603:62: warning: incompatible implicit declaration of built-in function 'fabs' [-Wbuiltin-declaration-mismatch]
  603 |                                                           if(fabs(q_Velo) >= Max_Velo)
      |                                                              ^~~~
../Core/Src/main.c:603:62: note: include '<math.h>' or provide a declaration of 'fabs'
../Core/Src/main.c:610:62: warning: incompatible implicit declaration of built-in function 'fabs' [-Wbuiltin-declaration-mismatch]
  610 |                                                           if(fabs((q_Pos-Pos_Start)*2) >= fabs(Pos_Target-Pos_Start))
      |                                                              ^~~~
../Core/Src/main.c:610:62: note: include '<math.h>' or provide a declaration of 'fabs'
../Core/Src/main.c:622:62: warning: incompatible implicit declaration of built-in function 'fabs' [-Wbuiltin-declaration-mismatch]
  622 |                                                           if(fabs(Pos_Target-q_Pos) <= (q_Velo*q_Velo)/(2*Max_Acc))
      |                                                              ^~~~
../Core/Src/main.c:622:62: note: include '<math.h>' or provide a declaration of 'fabs'
../Core/Src/main.c:634:62: warning: incompatible implicit declaration of built-in function 'fabs' [-Wbuiltin-declaration-mismatch]
  634 |                                                           if(fabs(q_Velo) <= 0)
      |                                                              ^~~~
../Core/Src/main.c:634:62: note: include '<math.h>' or provide a declaration of 'fabs'
In file included from ../Core/Inc/stm32g4xx_hal_conf.h:344,
                 from ../Drivers/STM32G4xx_HAL_Driver/Inc/stm32g4xx_hal.h:29,
                 from ../Core/Inc/main.h:30,
                 from ../Core/Src/main.c:20:
../Core/Src/main.c: In function 'PIDposition':
../Core/Src/main.c:730:64: warning: incompatible implicit declaration of built-in function 'fabs' [-Wbuiltin-declaration-mismatch]
  730 |                   __HAL_TIM_SET_COMPARE(&htim4, TIM_CHANNEL_1, fabs(PWMmap));
      |                                                                ^~~~
../Drivers/STM32G4xx_HAL_Driver/Inc/stm32g4xx_hal_tim.h:1672:72: note: in definition of macro '__HAL_TIM_SET_COMPARE'
 1672 |   (((__CHANNEL__) == TIM_CHANNEL_1) ? ((__HANDLE__)->Instance->CCR1 = (__COMPARE__)) :\
      |                                                                        ^~~~~~~~~~~
../Core/Src/main.c:730:64: note: include '<math.h>' or provide a declaration of 'fabs'
  730 |                   __HAL_TIM_SET_COMPARE(&htim4, TIM_CHANNEL_1, fabs(PWMmap));
      |                                                                ^~~~
../Drivers/STM32G4xx_HAL_Driver/Inc/stm32g4xx_hal_tim.h:1672:72: note: in definition of macro '__HAL_TIM_SET_COMPARE'
 1672 |   (((__CHANNEL__) == TIM_CHANNEL_1) ? ((__HANDLE__)->Instance->CCR1 = (__COMPARE__)) :\
      |                                                                        ^~~~~~~~~~~
../Core/Src/main.c: At top level:
../Core/Src/main.c:745:26: warning: argument 1 of type 'float[1]' with mismatched bound [-Warray-parameter=]
  745 | void kalman_update(float y[MEASURE_SIZE], float u[CONTROL_SIZE]) {
      |                    ~~~~~~^~~~~~~~~~~~~~~
../Core/Inc/kalman_filter.h:30:26: note: previously declared as 'float[3]'
   30 | void kalman_update(float x_est[3], float P_est[3][3], float C[1][3], float R, float z);
      |                    ~~~~~~^~~~~~~~
../Core/Src/main.c:745:49: warning: argument 2 of type 'float[1]' with mismatched bound [-Warray-parameter=]
  745 | void kalman_update(float y[MEASURE_SIZE], float u[CONTROL_SIZE]) {
      |                                           ~~~~~~^~~~~~~~~~~~~~~
../Core/Inc/kalman_filter.h:30:42: note: previously declared as 'float[3][3]'
   30 | void kalman_update(float x_est[3], float P_est[3][3], float C[1][3], float R, float z);
      |                                    ~~~~~~^~~~~~~~~~~
../Core/Src/main.c:745:6: error: conflicting types for 'kalman_update'; have 'void(float *, float *)'
  745 | void kalman_update(float y[MEASURE_SIZE], float u[CONTROL_SIZE]) {
      |      ^~~~~~~~~~~~~
../Core/Inc/kalman_filter.h:30:6: note: previous declaration of 'kalman_update' with type 'void(float *, float (*)[3], float (*)[3], float,  float)'
   30 | void kalman_update(float x_est[3], float P_est[3][3], float C[1][3], float R, float z);
      |      ^~~~~~~~~~~~~
../Core/Src/main.c: In function 'kalman_update':
../Core/Src/main.c:754:5: warning: implicit declaration of function 'matrix_multiply' [-Wimplicit-function-declaration]
  754 |     matrix_multiply(A, x, x_pred, STATE_SIZE, STATE_SIZE, 1);
      |     ^~~~~~~~~~~~~~~
../Core/Src/main.c:755:5: warning: implicit declaration of function 'matrix_add' [-Wimplicit-function-declaration]
  755 |     matrix_add(matrix_multiply(B, u, temp, STATE_SIZE, CONTROL_SIZE, 1), x_pred, x_pred, STATE_SIZE, 1);
      |     ^~~~~~~~~~
../Core/Src/main.c:755:38: error: 'temp' undeclared (first use in this function)
  755 |     matrix_add(matrix_multiply(B, u, temp, STATE_SIZE, CONTROL_SIZE, 1), x_pred, x_pred, STATE_SIZE, 1);
      |                                      ^~~~
../Core/Src/main.c:755:38: note: each undeclared identifier is reported only once for each function it appears in
../Core/Src/main.c:758:24: error: 'P' undeclared (first use in this function)
  758 |     matrix_multiply(A, P, temp, STATE_SIZE, STATE_SIZE, STATE_SIZE);
      |                        ^
../Core/Src/main.c:759:27: warning: implicit declaration of function 'matrix_transpose' [-Wimplicit-function-declaration]
  759 |     matrix_multiply(temp, matrix_transpose(A, temp2, STATE_SIZE, STATE_SIZE), P_pred, STATE_SIZE, STATE_SIZE, STATE_SIZE);
      |                           ^~~~~~~~~~~~~~~~
../Core/Src/main.c:759:47: error: 'temp2' undeclared (first use in this function)
  759 |     matrix_multiply(temp, matrix_transpose(A, temp2, STATE_SIZE, STATE_SIZE), P_pred, STATE_SIZE, STATE_SIZE, STATE_SIZE);
      |                                               ^~~~~
../Core/Src/main.c:765:5: warning: implicit declaration of function 'matrix_subtract' [-Wimplicit-function-declaration]
  765 |     matrix_subtract(y, temp, y_tilde, MEASURE_SIZE, 1);
      |     ^~~~~~~~~~~~~~~
../Core/Src/main.c:773:5: warning: implicit declaration of function 'matrix_invert' [-Wimplicit-function-declaration]
  773 |     matrix_invert(S, temp, MEASURE_SIZE);
      |     ^~~~~~~~~~~~~
../Core/Src/main.c:774:83: error: 'temp3' undeclared (first use in this function)
  774 |     matrix_multiply(P_pred, matrix_transpose(C, temp2, MEASURE_SIZE, STATE_SIZE), temp3, STATE_SIZE, STATE_SIZE, MEASURE_SIZE);
      |                                                                                   ^~~~~
../Core/Src/main.c:783:21: warning: implicit declaration of function 'identity_matrix' [-Wimplicit-function-declaration]
  783 |     matrix_subtract(identity_matrix(STATE_SIZE), temp, temp2, STATE_SIZE, STATE_SIZE);
      |                     ^~~~~~~~~~~~~~~
make: *** [Core/Src/subdir.mk:37: Core/Src/main.o] Error 1
"make -j12 all" terminated with exit code 2. Build might be incomplete.
14:03:50 **** Incremental Build of configuration Debug for project KalmanImprement ****
make -j12 all 
arm-none-eabi-gcc "../Core/Src/kalman_filter.c" -mcpu=cortex-m4 -std=gnu11 -g3 -DDEBUG -DUSE_HAL_DRIVER -DSTM32G474xx -c -I../Core/Inc -I../Drivers/STM32G4xx_HAL_Driver/Inc -I../Drivers/STM32G4xx_HAL_Driver/Inc/Legacy -I../Drivers/CMSIS/Device/ST/STM32G4xx/Include -I../Drivers/CMSIS/Include -O0 -ffunction-sections -fdata-sections -Wall -fstack-usage -fcyclomatic-complexity -MMD -MP -MF"Core/Src/kalman_filter.d" -MT"Core/Src/kalman_filter.o" --specs=nano.specs -mfpu=fpv4-sp-d16 -mfloat-abi=hard -mthumb -o "Core/Src/kalman_filter.o"
arm-none-eabi-gcc "../Core/Src/main.c" -mcpu=cortex-m4 -std=gnu11 -g3 -DDEBUG -DUSE_HAL_DRIVER -DSTM32G474xx -c -I../Core/Inc -I../Drivers/STM32G4xx_HAL_Driver/Inc -I../Drivers/STM32G4xx_HAL_Driver/Inc/Legacy -I../Drivers/CMSIS/Device/ST/STM32G4xx/Include -I../Drivers/CMSIS/Include -O0 -ffunction-sections -fdata-sections -Wall -fstack-usage -fcyclomatic-complexity -MMD -MP -MF"Core/Src/main.d" -MT"Core/Src/main.o" --specs=nano.specs -mfpu=fpv4-sp-d16 -mfloat-abi=hard -mthumb -o "Core/Src/main.o"
../Core/Src/kalman_filter.c:16:17: warning: missing braces around initializer [-Wmissing-braces]
   16 | float B[3][1] = {0, 0, 0};
      |                 ^
      |                  {} {} {}
../Core/Src/kalman_filter.c:17:17: warning: missing braces around initializer [-Wmissing-braces]
   17 | float C[1][3] = {1, 0, 0};
      |                 ^
      |                  {      }
../Core/Src/kalman_filter.c:18:17: warning: missing braces around initializer [-Wmissing-braces]
   18 | float G[3][1] = {0.5f * DT * DT * 0.0447f, DT * 0.0447f, 0.0447f};
      |                 ^
../Core/Src/kalman_filter.c: In function 'kalman_predict':
../Core/Src/kalman_filter.c:80:22: warning: passing argument 2 of 'mat_transpose' from incompatible pointer type [-Wincompatible-pointer-types]
   80 |     mat_transpose(A, A_T);
      |                      ^~~
      |                      |
      |                      float (*)[3]
../Core/Src/kalman_filter.c:55:41: note: expected 'float (*)[1]' but argument is of type 'float (*)[3]'
   55 | void mat_transpose(float a[1][3], float result[3][1]) {
      |                                   ~~~~~~^~~~~~~~~~~~
../Core/Src/kalman_filter.c:89:21: warning: passing argument 1 of 'mat_scalar_mult' from incompatible pointer type [-Wincompatible-pointer-types]
   89 |     mat_scalar_mult(G, Q, G_Q);
      |                     ^
      |                     |
      |                     float (*)[1]
../Core/Src/main.c: In function 'main':
../Core/Src/kalman_filter.c:61:28: note: expected 'float (*)[3]' but argument is of type 'float (*)[1]'
   61 | void mat_scalar_mult(float a[3][3], float scalar, float result[3][3]) {
      |                      ~~~~~~^~~~~~~
../Core/Src/kalman_filter.c:92:19: warning: passing argument 1 of 'mat_transpose' from incompatible pointer type [-Wincompatible-pointer-types]
   92 |     mat_transpose(G, G_T);
      |                   ^
      |                   |
      |                   float (*)[1]
../Core/Src/main.c:214:22: warning: implicit declaration of function 'fabs' [-Wimplicit-function-declaration]
  214 |                   if(fabs(Pos-Pos_Target)<0.01)
      |                      ^~~~
../Core/Src/kalman_filter.c:55:26: note: expected 'float (*)[3]' but argument is of type 'float (*)[1]'
   55 | void mat_transpose(float a[1][3], float result[3][1]) {
      |                    ~~~~~~^~~~~~~
../Core/Src/main.c:22:1: note: include '<math.h>' or provide a declaration of 'fabs'
   21 | #include "kalman_filter.h"
  +++ |+#include <math.h>
   22 | /* Private includes ----------------------------------------------------------*/
../Core/Src/kalman_filter.c:95:19: warning: passing argument 2 of 'mat_mult' from incompatible pointer type [-Wincompatible-pointer-types]
   95 |     mat_mult(G_Q, G_T, G_Q_G_T);
      |                   ^~~
      |                   |
      |                   float (*)[1]
../Core/Src/kalman_filter.c:28:36: note: expected 'float (*)[3]' but argument is of type 'float (*)[1]'
   28 | void mat_mult(float a[3][3], float b[3][3], float result[3][3]) {
      |                              ~~~~~~^~~~~~~
../Core/Src/main.c:214:22: warning: incompatible implicit declaration of built-in function 'fabs' [-Wbuiltin-declaration-mismatch]
  214 |                   if(fabs(Pos-Pos_Target)<0.01)
      |                      ^~~~
../Core/Src/main.c:214:22: note: include '<math.h>' or provide a declaration of 'fabs'
../Core/Src/kalman_filter.c: In function 'kalman_update':
../Core/Src/kalman_filter.c:122:21: warning: passing argument 2 of 'mat_mult' from incompatible pointer type [-Wincompatible-pointer-types]
  122 |     mat_mult(temp1, C_T, temp2);
      |                     ^~~
      |                     |
      |                     float (*)[1]
../Core/Src/kalman_filter.c:28:36: note: expected 'float (*)[3]' but argument is of type 'float (*)[1]'
   28 | void mat_mult(float a[3][3], float b[3][3], float result[3][3]) {
      |                              ~~~~~~^~~~~~~
../Core/Src/main.c: In function 'Trajectory':
../Core/Src/kalman_filter.c:122:26: warning: passing argument 3 of 'mat_mult' from incompatible pointer type [-Wincompatible-pointer-types]
  122 |     mat_mult(temp1, C_T, temp2);
      |                          ^~~~~
      |                          |
      |                          float (*)[1]
../Core/Src/kalman_filter.c:28:51: note: expected 'float (*)[3]' but argument is of type 'float (*)[1]'
   28 | void mat_mult(float a[3][3], float b[3][3], float result[3][3]) {
      |                                             ~~~~~~^~~~~~~~~~~~
../Core/Src/main.c:582:62: warning: incompatible implicit declaration of built-in function 'fabs' [-Wbuiltin-declaration-mismatch]
  582 |                                                           if(fabs(q_Velo) >= Max_Velo)
      |                                                              ^~~~
../Core/Src/main.c:582:62: note: include '<math.h>' or provide a declaration of 'fabs'
../Core/Src/kalman_filter.c:128:21: warning: passing argument 2 of 'mat_mult' from incompatible pointer type [-Wincompatible-pointer-types]
  128 |     mat_mult(P_est, C_T, temp3);
      |                     ^~~
      |                     |
      |                     float (*)[1]
../Core/Src/kalman_filter.c:28:36: note: expected 'float (*)[3]' but argument is of type 'float (*)[1]'
   28 | void mat_mult(float a[3][3], float b[3][3], float result[3][3]) {
      |                              ~~~~~~^~~~~~~
../Core/Src/main.c:589:62: warning: incompatible implicit declaration of built-in function 'fabs' [-Wbuiltin-declaration-mismatch]
  589 |                                                           if(fabs((q_Pos-Pos_Start)*2) >= fabs(Pos_Target-Pos_Start))
      |                                                              ^~~~
../Core/Src/kalman_filter.c:128:26: warning: passing argument 3 of 'mat_mult' from incompatible pointer type [-Wincompatible-pointer-types]
  128 |     mat_mult(P_est, C_T, temp3);
      |                          ^~~~~
      |                          |
      |                          float (*)[1]
../Core/Src/main.c:589:62: note: include '<math.h>' or provide a declaration of 'fabs'
../Core/Src/kalman_filter.c:28:51: note: expected 'float (*)[3]' but argument is of type 'float (*)[1]'
   28 | void mat_mult(float a[3][3], float b[3][3], float result[3][3]) {
      |                                             ~~~~~~^~~~~~~~~~~~
../Core/Src/main.c:601:62: warning: incompatible implicit declaration of built-in function 'fabs' [-Wbuiltin-declaration-mismatch]
  601 |                                                           if(fabs(Pos_Target-q_Pos) <= (q_Velo*q_Velo)/(2*Max_Acc))
      |                                                              ^~~~
../Core/Src/main.c:601:62: note: include '<math.h>' or provide a declaration of 'fabs'
../Core/Src/kalman_filter.c:142:14: warning: passing argument 1 of 'mat_mult' from incompatible pointer type [-Wincompatible-pointer-types]
  142 |     mat_mult(K, C, K_C);
      |              ^
      |              |
      |              float (*)[1]
../Core/Src/kalman_filter.c:28:21: note: expected 'float (*)[3]' but argument is of type 'float (*)[1]'
   28 | void mat_mult(float a[3][3], float b[3][3], float result[3][3]) {
      |               ~~~~~~^~~~~~~
../Core/Src/main.c:613:62: warning: incompatible implicit declaration of built-in function 'fabs' [-Wbuiltin-declaration-mismatch]
  613 |                                                           if(fabs(q_Velo) <= 0)
      |                                                              ^~~~
../Core/Src/main.c:613:62: note: include '<math.h>' or provide a declaration of 'fabs'
In file included from ../Core/Inc/stm32g4xx_hal_conf.h:344,
                 from ../Drivers/STM32G4xx_HAL_Driver/Inc/stm32g4xx_hal.h:29,
                 from ../Core/Inc/main.h:30,
                 from ../Core/Src/main.c:20:
../Core/Src/main.c: In function 'PIDposition':
../Core/Src/kalman_filter.c: In function 'kalman_predict':
../Core/Src/kalman_filter.c:89:5: warning: 'mat_scalar_mult' accessing 36 bytes in a region of size 12 [-Wstringop-overflow=]
   89 |     mat_scalar_mult(G, Q, G_Q);
      |     ^~~~~~~~~~~~~~~~~~~~~~~~~~
../Core/Src/kalman_filter.c:89:5: note: referencing argument 1 of type 'float[3][3]'
../Core/Src/kalman_filter.c:89:5: note: referencing argument 3 of type 'float[3][3]'
../Core/Src/kalman_filter.c:61:6: note: in a call to function 'mat_scalar_mult'
   61 | void mat_scalar_mult(float a[3][3], float scalar, float result[3][3]) {
      |      ^~~~~~~~~~~~~~~
../Core/Src/kalman_filter.c:95:5: warning: 'mat_mult' accessing 36 bytes in a region of size 12 [-Wstringop-overflow=]
   95 |     mat_mult(G_Q, G_T, G_Q_G_T);
      |     ^~~~~~~~~~~~~~~~~~~~~~~~~~~
../Core/Src/main.c:709:64: warning: incompatible implicit declaration of built-in function 'fabs' [-Wbuiltin-declaration-mismatch]
  709 |                   __HAL_TIM_SET_COMPARE(&htim4, TIM_CHANNEL_1, fabs(PWMmap));
      |                                                                ^~~~
../Drivers/STM32G4xx_HAL_Driver/Inc/stm32g4xx_hal_tim.h:1672:72: note: in definition of macro '__HAL_TIM_SET_COMPARE'
 1672 |   (((__CHANNEL__) == TIM_CHANNEL_1) ? ((__HANDLE__)->Instance->CCR1 = (__COMPARE__)) :\
      |                                                                        ^~~~~~~~~~~
../Core/Src/kalman_filter.c:95:5: note: referencing argument 2 of type 'float[3][3]'
../Core/Src/kalman_filter.c:95:5: note: referencing argument 3 of type 'float[3][3]'
../Core/Src/kalman_filter.c:28:6: note: in a call to function 'mat_mult'
   28 | void mat_mult(float a[3][3], float b[3][3], float result[3][3]) {
      |      ^~~~~~~~
../Core/Src/main.c:709:64: note: include '<math.h>' or provide a declaration of 'fabs'
  709 |                   __HAL_TIM_SET_COMPARE(&htim4, TIM_CHANNEL_1, fabs(PWMmap));
      |                                                                ^~~~
../Drivers/STM32G4xx_HAL_Driver/Inc/stm32g4xx_hal_tim.h:1672:72: note: in definition of macro '__HAL_TIM_SET_COMPARE'
 1672 |   (((__CHANNEL__) == TIM_CHANNEL_1) ? ((__HANDLE__)->Instance->CCR1 = (__COMPARE__)) :\
      |                                                                        ^~~~~~~~~~~
../Core/Src/kalman_filter.c: In function 'kalman_update':
../Core/Src/kalman_filter.c:119:5: warning: 'mat_mult' accessing 36 bytes in a region of size 12 [-Wstringop-overflow=]
  119 |     mat_mult(C, P_est, temp1);
      |     ^~~~~~~~~~~~~~~~~~~~~~~~~
../Core/Src/kalman_filter.c:119:5: note: referencing argument 1 of type 'float[3][3]'
../Core/Src/kalman_filter.c:119:5: note: referencing argument 2 of type 'float[3][3]'
../Core/Src/kalman_filter.c:119:5: warning: 'mat_mult' accessing 36 bytes in a region of size 12 [-Wstringop-overflow=]
../Core/Src/kalman_filter.c:119:5: note: referencing argument 3 of type 'float[3][3]'
../Core/Src/kalman_filter.c:28:6: note: in a call to function 'mat_mult'
   28 | void mat_mult(float a[3][3], float b[3][3], float result[3][3]) {
      |      ^~~~~~~~
../Core/Src/kalman_filter.c:122:5: warning: 'mat_mult' accessing 36 bytes in a region of size 12 [-Wstringop-overflow=]
  122 |     mat_mult(temp1, C_T, temp2);
      |     ^~~~~~~~~~~~~~~~~~~~~~~~~~~
../Core/Src/kalman_filter.c:122:5: note: referencing argument 1 of type 'float[3][3]'
../Core/Src/kalman_filter.c:122:5: warning: 'mat_mult' accessing 36 bytes in a region of size 12 [-Wstringop-overflow=]
../Core/Src/kalman_filter.c:122:5: note: referencing argument 2 of type 'float[3][3]'
../Core/Src/kalman_filter.c:122:5: warning: 'mat_mult' accessing 36 bytes in a region of size 4 [-Wstringop-overflow=]
../Core/Src/kalman_filter.c:122:5: note: referencing argument 3 of type 'float[3][3]'
../Core/Src/kalman_filter.c:28:6: note: in a call to function 'mat_mult'
   28 | void mat_mult(float a[3][3], float b[3][3], float result[3][3]) {
      |      ^~~~~~~~
../Core/Src/kalman_filter.c:128:5: warning: 'mat_mult' accessing 36 bytes in a region of size 12 [-Wstringop-overflow=]
  128 |     mat_mult(P_est, C_T, temp3);
      |     ^~~~~~~~~~~~~~~~~~~~~~~~~~~
../Core/Src/kalman_filter.c:128:5: note: referencing argument 2 of type 'float[3][3]'
../Core/Src/kalman_filter.c:128:5: warning: 'mat_mult' accessing 36 bytes in a region of size 12 [-Wstringop-overflow=]
../Core/Src/kalman_filter.c:128:5: note: referencing argument 3 of type 'float[3][3]'
../Core/Src/kalman_filter.c:28:6: note: in a call to function 'mat_mult'
   28 | void mat_mult(float a[3][3], float b[3][3], float result[3][3]) {
      |      ^~~~~~~~
../Core/Src/kalman_filter.c:142:5: warning: 'mat_mult' accessing 36 bytes in a region of size 12 [-Wstringop-overflow=]
  142 |     mat_mult(K, C, K_C);
      |     ^~~~~~~~~~~~~~~~~~~
../Core/Src/kalman_filter.c:142:5: note: referencing argument 1 of type 'float[3][3]'
../Core/Src/kalman_filter.c:142:5: warning: 'mat_mult' accessing 36 bytes in a region of size 12 [-Wstringop-overflow=]
../Core/Src/kalman_filter.c:142:5: note: referencing argument 2 of type 'float[3][3]'
../Core/Src/kalman_filter.c:142:5: note: referencing argument 3 of type 'float[3][3]'
../Core/Src/kalman_filter.c:28:6: note: in a call to function 'mat_mult'
   28 | void mat_mult(float a[3][3], float b[3][3], float result[3][3]) {
      |      ^~~~~~~~
arm-none-eabi-gcc -o "KalmanImprement.elf" @"objects.list"   -mcpu=cortex-m4 -T"C:\Users\AAA\STM32CubeIDE\workspace_1.14.1\Microcontrol\KalmanImprement\STM32G474RETX_FLASH.ld" --specs=nosys.specs -Wl,-Map="KalmanImprement.map" -Wl,--gc-sections -static --specs=nano.specs -mfpu=fpv4-sp-d16 -mfloat-abi=hard -mthumb -Wl,--start-group -lc -lm -Wl,--end-group
Finished building target: KalmanImprement.elf
 
arm-none-eabi-size  KalmanImprement.elf 
arm-none-eabi-objdump -h -S KalmanImprement.elf  > "KalmanImprement.list"
   text	   data	    bss	    dec	    hex	filename
  25876	    100	   2232	  28208	   6e30	KalmanImprement.elf
Finished building: default.size.stdout
 
Finished building: KalmanImprement.list
 
14:32:58 **** Incremental Build of configuration Debug for project KalmanImprement ****
make -j12 all 
arm-none-eabi-gcc "../Core/Src/kalman_filter.c" -mcpu=cortex-m4 -std=gnu11 -g3 -DDEBUG -DUSE_HAL_DRIVER -DSTM32G474xx -c -I../Core/Inc -I../Drivers/STM32G4xx_HAL_Driver/Inc -I../Drivers/STM32G4xx_HAL_Driver/Inc/Legacy -I../Drivers/CMSIS/Device/ST/STM32G4xx/Include -I../Drivers/CMSIS/Include -O0 -ffunction-sections -fdata-sections -Wall -fstack-usage -fcyclomatic-complexity -MMD -MP -MF"Core/Src/kalman_filter.d" -MT"Core/Src/kalman_filter.o" --specs=nano.specs -mfpu=fpv4-sp-d16 -mfloat-abi=hard -mthumb -o "Core/Src/kalman_filter.o"
../Core/Src/kalman_filter.c:16:17: warning: missing braces around initializer [-Wmissing-braces]
   16 | float B[3][1] = {0, 0, 0};
      |                 ^
      |                  {} {} {}
../Core/Src/kalman_filter.c:17:17: warning: missing braces around initializer [-Wmissing-braces]
   17 | float C[1][3] = {1, 0, 0};
      |                 ^
      |                  {      }
../Core/Src/kalman_filter.c:18:17: warning: missing braces around initializer [-Wmissing-braces]
   18 | float G[3][1] = {0.5f * DT * DT * 0.0447f, DT * 0.0447f, 0.0447f};
      |                 ^
../Core/Src/kalman_filter.c:27:8: error: expected ';' before 'void'
   27 | float y
      |        ^
      |        ;
   28 | // Matrix operations
   29 | void mat_mult(float a[3][3], float b[3][3], float result[3][3]) {
      | ~~~~    
../Core/Src/kalman_filter.c: In function 'kalman_predict':
../Core/Src/kalman_filter.c:81:22: warning: passing argument 2 of 'mat_transpose' from incompatible pointer type [-Wincompatible-pointer-types]
   81 |     mat_transpose(A, A_T);
      |                      ^~~
      |                      |
      |                      float (*)[3]
../Core/Src/kalman_filter.c:56:41: note: expected 'float (*)[1]' but argument is of type 'float (*)[3]'
   56 | void mat_transpose(float a[1][3], float result[3][1]) {
      |                                   ~~~~~~^~~~~~~~~~~~
../Core/Src/kalman_filter.c:90:21: warning: passing argument 1 of 'mat_scalar_mult' from incompatible pointer type [-Wincompatible-pointer-types]
   90 |     mat_scalar_mult(G, Q, G_Q);
      |                     ^
      |                     |
      |                     float (*)[1]
../Core/Src/kalman_filter.c:62:28: note: expected 'float (*)[3]' but argument is of type 'float (*)[1]'
   62 | void mat_scalar_mult(float a[3][3], float scalar, float result[3][3]) {
      |                      ~~~~~~^~~~~~~
../Core/Src/kalman_filter.c:93:19: warning: passing argument 1 of 'mat_transpose' from incompatible pointer type [-Wincompatible-pointer-types]
   93 |     mat_transpose(G, G_T);
      |                   ^
      |                   |
      |                   float (*)[1]
../Core/Src/kalman_filter.c:56:26: note: expected 'float (*)[3]' but argument is of type 'float (*)[1]'
   56 | void mat_transpose(float a[1][3], float result[3][1]) {
      |                    ~~~~~~^~~~~~~
../Core/Src/kalman_filter.c:96:19: warning: passing argument 2 of 'mat_mult' from incompatible pointer type [-Wincompatible-pointer-types]
   96 |     mat_mult(G_Q, G_T, G_Q_G_T);
      |                   ^~~
      |                   |
      |                   float (*)[1]
../Core/Src/kalman_filter.c:29:36: note: expected 'float (*)[3]' but argument is of type 'float (*)[1]'
   29 | void mat_mult(float a[3][3], float b[3][3], float result[3][3]) {
      |                              ~~~~~~^~~~~~~
../Core/Src/kalman_filter.c: In function 'kalman_update':
../Core/Src/kalman_filter.c:113:5: error: 'y' undeclared (first use in this function)
  113 |     y = z - C_x[0];
      |     ^
../Core/Src/kalman_filter.c:113:5: note: each undeclared identifier is reported only once for each function it appears in
../Core/Src/kalman_filter.c:123:21: warning: passing argument 2 of 'mat_mult' from incompatible pointer type [-Wincompatible-pointer-types]
  123 |     mat_mult(temp1, C_T, temp2);
      |                     ^~~
      |                     |
      |                     float (*)[1]
../Core/Src/kalman_filter.c:29:36: note: expected 'float (*)[3]' but argument is of type 'float (*)[1]'
   29 | void mat_mult(float a[3][3], float b[3][3], float result[3][3]) {
      |                              ~~~~~~^~~~~~~
../Core/Src/kalman_filter.c:123:26: warning: passing argument 3 of 'mat_mult' from incompatible pointer type [-Wincompatible-pointer-types]
  123 |     mat_mult(temp1, C_T, temp2);
      |                          ^~~~~
      |                          |
      |                          float (*)[1]
../Core/Src/kalman_filter.c:29:51: note: expected 'float (*)[3]' but argument is of type 'float (*)[1]'
   29 | void mat_mult(float a[3][3], float b[3][3], float result[3][3]) {
      |                                             ~~~~~~^~~~~~~~~~~~
../Core/Src/kalman_filter.c:129:21: warning: passing argument 2 of 'mat_mult' from incompatible pointer type [-Wincompatible-pointer-types]
  129 |     mat_mult(P_est, C_T, temp3);
      |                     ^~~
      |                     |
      |                     float (*)[1]
../Core/Src/kalman_filter.c:29:36: note: expected 'float (*)[3]' but argument is of type 'float (*)[1]'
   29 | void mat_mult(float a[3][3], float b[3][3], float result[3][3]) {
      |                              ~~~~~~^~~~~~~
../Core/Src/kalman_filter.c:129:26: warning: passing argument 3 of 'mat_mult' from incompatible pointer type [-Wincompatible-pointer-types]
  129 |     mat_mult(P_est, C_T, temp3);
      |                          ^~~~~
      |                          |
      |                          float (*)[1]
../Core/Src/kalman_filter.c:29:51: note: expected 'float (*)[3]' but argument is of type 'float (*)[1]'
   29 | void mat_mult(float a[3][3], float b[3][3], float result[3][3]) {
      |                                             ~~~~~~^~~~~~~~~~~~
../Core/Src/kalman_filter.c:143:14: warning: passing argument 1 of 'mat_mult' from incompatible pointer type [-Wincompatible-pointer-types]
  143 |     mat_mult(K, C, K_C);
      |              ^
      |              |
      |              float (*)[1]
../Core/Src/kalman_filter.c:29:21: note: expected 'float (*)[3]' but argument is of type 'float (*)[1]'
   29 | void mat_mult(float a[3][3], float b[3][3], float result[3][3]) {
      |               ~~~~~~^~~~~~~
make: *** [Core/Src/subdir.mk:37: Core/Src/kalman_filter.o] Error 1
"make -j12 all" terminated with exit code 2. Build might be incomplete.
14:33:10 **** Incremental Build of configuration Debug for project KalmanImprement ****
make -j12 all 
arm-none-eabi-gcc "../Core/Src/kalman_filter.c" -mcpu=cortex-m4 -std=gnu11 -g3 -DDEBUG -DUSE_HAL_DRIVER -DSTM32G474xx -c -I../Core/Inc -I../Drivers/STM32G4xx_HAL_Driver/Inc -I../Drivers/STM32G4xx_HAL_Driver/Inc/Legacy -I../Drivers/CMSIS/Device/ST/STM32G4xx/Include -I../Drivers/CMSIS/Include -O0 -ffunction-sections -fdata-sections -Wall -fstack-usage -fcyclomatic-complexity -MMD -MP -MF"Core/Src/kalman_filter.d" -MT"Core/Src/kalman_filter.o" --specs=nano.specs -mfpu=fpv4-sp-d16 -mfloat-abi=hard -mthumb -o "Core/Src/kalman_filter.o"
../Core/Src/kalman_filter.c:16:17: warning: missing braces around initializer [-Wmissing-braces]
   16 | float B[3][1] = {0, 0, 0};
      |                 ^
      |                  {} {} {}
../Core/Src/kalman_filter.c:17:17: warning: missing braces around initializer [-Wmissing-braces]
   17 | float C[1][3] = {1, 0, 0};
      |                 ^
      |                  {      }
../Core/Src/kalman_filter.c:18:17: warning: missing braces around initializer [-Wmissing-braces]
   18 | float G[3][1] = {0.5f * DT * DT * 0.0447f, DT * 0.0447f, 0.0447f};
      |                 ^
../Core/Src/kalman_filter.c: In function 'kalman_predict':
../Core/Src/kalman_filter.c:81:22: warning: passing argument 2 of 'mat_transpose' from incompatible pointer type [-Wincompatible-pointer-types]
   81 |     mat_transpose(A, A_T);
      |                      ^~~
      |                      |
      |                      float (*)[3]
../Core/Src/kalman_filter.c:56:41: note: expected 'float (*)[1]' but argument is of type 'float (*)[3]'
   56 | void mat_transpose(float a[1][3], float result[3][1]) {
      |                                   ~~~~~~^~~~~~~~~~~~
../Core/Src/kalman_filter.c:90:21: warning: passing argument 1 of 'mat_scalar_mult' from incompatible pointer type [-Wincompatible-pointer-types]
   90 |     mat_scalar_mult(G, Q, G_Q);
      |                     ^
      |                     |
      |                     float (*)[1]
../Core/Src/kalman_filter.c:62:28: note: expected 'float (*)[3]' but argument is of type 'float (*)[1]'
   62 | void mat_scalar_mult(float a[3][3], float scalar, float result[3][3]) {
      |                      ~~~~~~^~~~~~~
../Core/Src/kalman_filter.c:93:19: warning: passing argument 1 of 'mat_transpose' from incompatible pointer type [-Wincompatible-pointer-types]
   93 |     mat_transpose(G, G_T);
      |                   ^
      |                   |
      |                   float (*)[1]
../Core/Src/kalman_filter.c:56:26: note: expected 'float (*)[3]' but argument is of type 'float (*)[1]'
   56 | void mat_transpose(float a[1][3], float result[3][1]) {
      |                    ~~~~~~^~~~~~~
../Core/Src/kalman_filter.c:96:19: warning: passing argument 2 of 'mat_mult' from incompatible pointer type [-Wincompatible-pointer-types]
   96 |     mat_mult(G_Q, G_T, G_Q_G_T);
      |                   ^~~
      |                   |
      |                   float (*)[1]
../Core/Src/kalman_filter.c:29:36: note: expected 'float (*)[3]' but argument is of type 'float (*)[1]'
   29 | void mat_mult(float a[3][3], float b[3][3], float result[3][3]) {
      |                              ~~~~~~^~~~~~~
../Core/Src/kalman_filter.c: In function 'kalman_update':
../Core/Src/kalman_filter.c:123:21: warning: passing argument 2 of 'mat_mult' from incompatible pointer type [-Wincompatible-pointer-types]
  123 |     mat_mult(temp1, C_T, temp2);
      |                     ^~~
      |                     |
      |                     float (*)[1]
../Core/Src/kalman_filter.c:29:36: note: expected 'float (*)[3]' but argument is of type 'float (*)[1]'
   29 | void mat_mult(float a[3][3], float b[3][3], float result[3][3]) {
      |                              ~~~~~~^~~~~~~
../Core/Src/kalman_filter.c:123:26: warning: passing argument 3 of 'mat_mult' from incompatible pointer type [-Wincompatible-pointer-types]
  123 |     mat_mult(temp1, C_T, temp2);
      |                          ^~~~~
      |                          |
      |                          float (*)[1]
../Core/Src/kalman_filter.c:29:51: note: expected 'float (*)[3]' but argument is of type 'float (*)[1]'
   29 | void mat_mult(float a[3][3], float b[3][3], float result[3][3]) {
      |                                             ~~~~~~^~~~~~~~~~~~
../Core/Src/kalman_filter.c:129:21: warning: passing argument 2 of 'mat_mult' from incompatible pointer type [-Wincompatible-pointer-types]
  129 |     mat_mult(P_est, C_T, temp3);
      |                     ^~~
      |                     |
      |                     float (*)[1]
../Core/Src/kalman_filter.c:29:36: note: expected 'float (*)[3]' but argument is of type 'float (*)[1]'
   29 | void mat_mult(float a[3][3], float b[3][3], float result[3][3]) {
      |                              ~~~~~~^~~~~~~
../Core/Src/kalman_filter.c:129:26: warning: passing argument 3 of 'mat_mult' from incompatible pointer type [-Wincompatible-pointer-types]
  129 |     mat_mult(P_est, C_T, temp3);
      |                          ^~~~~
      |                          |
      |                          float (*)[1]
../Core/Src/kalman_filter.c:29:51: note: expected 'float (*)[3]' but argument is of type 'float (*)[1]'
   29 | void mat_mult(float a[3][3], float b[3][3], float result[3][3]) {
      |                                             ~~~~~~^~~~~~~~~~~~
../Core/Src/kalman_filter.c:143:14: warning: passing argument 1 of 'mat_mult' from incompatible pointer type [-Wincompatible-pointer-types]
  143 |     mat_mult(K, C, K_C);
      |              ^
      |              |
      |              float (*)[1]
../Core/Src/kalman_filter.c:29:21: note: expected 'float (*)[3]' but argument is of type 'float (*)[1]'
   29 | void mat_mult(float a[3][3], float b[3][3], float result[3][3]) {
      |               ~~~~~~^~~~~~~
../Core/Src/kalman_filter.c: In function 'kalman_predict':
../Core/Src/kalman_filter.c:90:5: warning: 'mat_scalar_mult' accessing 36 bytes in a region of size 12 [-Wstringop-overflow=]
   90 |     mat_scalar_mult(G, Q, G_Q);
      |     ^~~~~~~~~~~~~~~~~~~~~~~~~~
../Core/Src/kalman_filter.c:90:5: note: referencing argument 1 of type 'float[3][3]'
../Core/Src/kalman_filter.c:90:5: note: referencing argument 3 of type 'float[3][3]'
../Core/Src/kalman_filter.c:62:6: note: in a call to function 'mat_scalar_mult'
   62 | void mat_scalar_mult(float a[3][3], float scalar, float result[3][3]) {
      |      ^~~~~~~~~~~~~~~
../Core/Src/kalman_filter.c:96:5: warning: 'mat_mult' accessing 36 bytes in a region of size 12 [-Wstringop-overflow=]
   96 |     mat_mult(G_Q, G_T, G_Q_G_T);
      |     ^~~~~~~~~~~~~~~~~~~~~~~~~~~
../Core/Src/kalman_filter.c:96:5: note: referencing argument 2 of type 'float[3][3]'
../Core/Src/kalman_filter.c:96:5: note: referencing argument 3 of type 'float[3][3]'
../Core/Src/kalman_filter.c:29:6: note: in a call to function 'mat_mult'
   29 | void mat_mult(float a[3][3], float b[3][3], float result[3][3]) {
      |      ^~~~~~~~
../Core/Src/kalman_filter.c: In function 'kalman_update':
../Core/Src/kalman_filter.c:120:5: warning: 'mat_mult' accessing 36 bytes in a region of size 12 [-Wstringop-overflow=]
  120 |     mat_mult(C, P_est, temp1);
      |     ^~~~~~~~~~~~~~~~~~~~~~~~~
../Core/Src/kalman_filter.c:120:5: note: referencing argument 1 of type 'float[3][3]'
../Core/Src/kalman_filter.c:120:5: note: referencing argument 2 of type 'float[3][3]'
../Core/Src/kalman_filter.c:120:5: warning: 'mat_mult' accessing 36 bytes in a region of size 12 [-Wstringop-overflow=]
../Core/Src/kalman_filter.c:120:5: note: referencing argument 3 of type 'float[3][3]'
../Core/Src/kalman_filter.c:29:6: note: in a call to function 'mat_mult'
   29 | void mat_mult(float a[3][3], float b[3][3], float result[3][3]) {
      |      ^~~~~~~~
../Core/Src/kalman_filter.c:123:5: warning: 'mat_mult' accessing 36 bytes in a region of size 12 [-Wstringop-overflow=]
  123 |     mat_mult(temp1, C_T, temp2);
      |     ^~~~~~~~~~~~~~~~~~~~~~~~~~~
../Core/Src/kalman_filter.c:123:5: note: referencing argument 1 of type 'float[3][3]'
../Core/Src/kalman_filter.c:123:5: warning: 'mat_mult' accessing 36 bytes in a region of size 12 [-Wstringop-overflow=]
../Core/Src/kalman_filter.c:123:5: note: referencing argument 2 of type 'float[3][3]'
../Core/Src/kalman_filter.c:123:5: warning: 'mat_mult' accessing 36 bytes in a region of size 4 [-Wstringop-overflow=]
../Core/Src/kalman_filter.c:123:5: note: referencing argument 3 of type 'float[3][3]'
../Core/Src/kalman_filter.c:29:6: note: in a call to function 'mat_mult'
   29 | void mat_mult(float a[3][3], float b[3][3], float result[3][3]) {
      |      ^~~~~~~~
../Core/Src/kalman_filter.c:129:5: warning: 'mat_mult' accessing 36 bytes in a region of size 12 [-Wstringop-overflow=]
  129 |     mat_mult(P_est, C_T, temp3);
      |     ^~~~~~~~~~~~~~~~~~~~~~~~~~~
../Core/Src/kalman_filter.c:129:5: note: referencing argument 2 of type 'float[3][3]'
../Core/Src/kalman_filter.c:129:5: warning: 'mat_mult' accessing 36 bytes in a region of size 12 [-Wstringop-overflow=]
../Core/Src/kalman_filter.c:129:5: note: referencing argument 3 of type 'float[3][3]'
../Core/Src/kalman_filter.c:29:6: note: in a call to function 'mat_mult'
   29 | void mat_mult(float a[3][3], float b[3][3], float result[3][3]) {
      |      ^~~~~~~~
../Core/Src/kalman_filter.c:143:5: warning: 'mat_mult' accessing 36 bytes in a region of size 12 [-Wstringop-overflow=]
  143 |     mat_mult(K, C, K_C);
      |     ^~~~~~~~~~~~~~~~~~~
../Core/Src/kalman_filter.c:143:5: note: referencing argument 1 of type 'float[3][3]'
../Core/Src/kalman_filter.c:143:5: warning: 'mat_mult' accessing 36 bytes in a region of size 12 [-Wstringop-overflow=]
../Core/Src/kalman_filter.c:143:5: note: referencing argument 2 of type 'float[3][3]'
../Core/Src/kalman_filter.c:143:5: note: referencing argument 3 of type 'float[3][3]'
../Core/Src/kalman_filter.c:29:6: note: in a call to function 'mat_mult'
   29 | void mat_mult(float a[3][3], float b[3][3], float result[3][3]) {
      |      ^~~~~~~~
arm-none-eabi-gcc -o "KalmanImprement.elf" @"objects.list"   -mcpu=cortex-m4 -T"C:\Users\AAA\STM32CubeIDE\workspace_1.14.1\Microcontrol\KalmanImprement\STM32G474RETX_FLASH.ld" --specs=nosys.specs -Wl,-Map="KalmanImprement.map" -Wl,--gc-sections -static --specs=nano.specs -mfpu=fpv4-sp-d16 -mfloat-abi=hard -mthumb -Wl,--start-group -lc -lm -Wl,--end-group
Finished building target: KalmanImprement.elf
 
arm-none-eabi-size  KalmanImprement.elf 
arm-none-eabi-objdump -h -S KalmanImprement.elf  > "KalmanImprement.list"
   text	   data	    bss	    dec	    hex	filename
  25868	    100	   2232	  28200	   6e28	KalmanImprement.elf
Finished building: default.size.stdout
 
Finished building: KalmanImprement.list
 
14:36:34 **** Incremental Build of configuration Debug for project KalmanImprement ****
make -j12 all 
arm-none-eabi-gcc "../Core/Src/kalman_filter.c" -mcpu=cortex-m4 -std=gnu11 -g3 -DDEBUG -DUSE_HAL_DRIVER -DSTM32G474xx -c -I../Core/Inc -I../Drivers/STM32G4xx_HAL_Driver/Inc -I../Drivers/STM32G4xx_HAL_Driver/Inc/Legacy -I../Drivers/CMSIS/Device/ST/STM32G4xx/Include -I../Drivers/CMSIS/Include -O0 -ffunction-sections -fdata-sections -Wall -fstack-usage -fcyclomatic-complexity -MMD -MP -MF"Core/Src/kalman_filter.d" -MT"Core/Src/kalman_filter.o" --specs=nano.specs -mfpu=fpv4-sp-d16 -mfloat-abi=hard -mthumb -o "Core/Src/kalman_filter.o"
arm-none-eabi-gcc "../Core/Src/main.c" -mcpu=cortex-m4 -std=gnu11 -g3 -DDEBUG -DUSE_HAL_DRIVER -DSTM32G474xx -c -I../Core/Inc -I../Drivers/STM32G4xx_HAL_Driver/Inc -I../Drivers/STM32G4xx_HAL_Driver/Inc/Legacy -I../Drivers/CMSIS/Device/ST/STM32G4xx/Include -I../Drivers/CMSIS/Include -O0 -ffunction-sections -fdata-sections -Wall -fstack-usage -fcyclomatic-complexity -MMD -MP -MF"Core/Src/main.d" -MT"Core/Src/main.o" --specs=nano.specs -mfpu=fpv4-sp-d16 -mfloat-abi=hard -mthumb -o "Core/Src/main.o"
../Core/Src/main.c: In function 'main':
../Core/Src/main.c:214:22: warning: implicit declaration of function 'fabs' [-Wimplicit-function-declaration]
  214 |                   if(fabs(Pos-Pos_Target)<0.01)
      |                      ^~~~
../Core/Src/main.c:22:1: note: include '<math.h>' or provide a declaration of 'fabs'
   21 | #include "kalman_filter.h"
  +++ |+#include <math.h>
   22 | /* Private includes ----------------------------------------------------------*/
../Core/Src/main.c:214:22: warning: incompatible implicit declaration of built-in function 'fabs' [-Wbuiltin-declaration-mismatch]
  214 |                   if(fabs(Pos-Pos_Target)<0.01)
      |                      ^~~~
../Core/Src/main.c:214:22: note: include '<math.h>' or provide a declaration of 'fabs'
../Core/Src/main.c: In function 'Trajectory':
../Core/Src/main.c:582:62: warning: incompatible implicit declaration of built-in function 'fabs' [-Wbuiltin-declaration-mismatch]
  582 |                                                           if(fabs(q_Velo) >= Max_Velo)
      |                                                              ^~~~
../Core/Src/main.c:582:62: note: include '<math.h>' or provide a declaration of 'fabs'
../Core/Src/main.c:589:62: warning: incompatible implicit declaration of built-in function 'fabs' [-Wbuiltin-declaration-mismatch]
  589 |                                                           if(fabs((q_Pos-Pos_Start)*2) >= fabs(Pos_Target-Pos_Start))
      |                                                              ^~~~
../Core/Src/main.c:589:62: note: include '<math.h>' or provide a declaration of 'fabs'
../Core/Src/main.c:601:62: warning: incompatible implicit declaration of built-in function 'fabs' [-Wbuiltin-declaration-mismatch]
  601 |                                                           if(fabs(Pos_Target-q_Pos) <= (q_Velo*q_Velo)/(2*Max_Acc))
      |                                                              ^~~~
../Core/Src/kalman_filter.c:16:17: warning: missing braces around initializer [-Wmissing-braces]
   16 | float B[3][1] = {0, 0, 0};
      |                 ^
      |                  {} {} {}
../Core/Src/main.c:601:62: note: include '<math.h>' or provide a declaration of 'fabs'
../Core/Src/kalman_filter.c:17:17: warning: missing braces around initializer [-Wmissing-braces]
   17 | float C[1][3] = {1, 0, 0};
      |                 ^
      |                  {      }
../Core/Src/kalman_filter.c:18:17: warning: missing braces around initializer [-Wmissing-braces]
   18 | float G[3][1] = {0.5f * DT * DT * 0.0447f, DT * 0.0447f, 0.0447f};
      |                 ^
../Core/Src/main.c:613:62: warning: incompatible implicit declaration of built-in function 'fabs' [-Wbuiltin-declaration-mismatch]
  613 |                                                           if(fabs(q_Velo) <= 0)
      |                                                              ^~~~
../Core/Src/main.c:613:62: note: include '<math.h>' or provide a declaration of 'fabs'
../Core/Src/kalman_filter.c: In function 'kalman_predict':
../Core/Src/kalman_filter.c:81:22: warning: passing argument 2 of 'mat_transpose' from incompatible pointer type [-Wincompatible-pointer-types]
   81 |     mat_transpose(A, A_T);
      |                      ^~~
      |                      |
      |                      float (*)[3]
In file included from ../Core/Inc/stm32g4xx_hal_conf.h:344,
                 from ../Drivers/STM32G4xx_HAL_Driver/Inc/stm32g4xx_hal.h:29,
                 from ../Core/Inc/main.h:30,
                 from ../Core/Src/main.c:20:
../Core/Src/main.c: In function 'PIDposition':
../Core/Src/kalman_filter.c:56:41: note: expected 'float (*)[1]' but argument is of type 'float (*)[3]'
   56 | void mat_transpose(float a[1][3], float result[3][1]) {
      |                                   ~~~~~~^~~~~~~~~~~~
../Core/Src/kalman_filter.c:90:21: warning: passing argument 1 of 'mat_scalar_mult' from incompatible pointer type [-Wincompatible-pointer-types]
   90 |     mat_scalar_mult(G, Q, G_Q);
      |                     ^
      |                     |
      |                     float (*)[1]
../Core/Src/main.c:709:64: warning: incompatible implicit declaration of built-in function 'fabs' [-Wbuiltin-declaration-mismatch]
  709 |                   __HAL_TIM_SET_COMPARE(&htim4, TIM_CHANNEL_1, fabs(PWMmap));
      |                                                                ^~~~
../Drivers/STM32G4xx_HAL_Driver/Inc/stm32g4xx_hal_tim.h:1672:72: note: in definition of macro '__HAL_TIM_SET_COMPARE'
 1672 |   (((__CHANNEL__) == TIM_CHANNEL_1) ? ((__HANDLE__)->Instance->CCR1 = (__COMPARE__)) :\
      |                                                                        ^~~~~~~~~~~
../Core/Src/kalman_filter.c:62:28: note: expected 'float (*)[3]' but argument is of type 'float (*)[1]'
   62 | void mat_scalar_mult(float a[3][3], float scalar, float result[3][3]) {
      |                      ~~~~~~^~~~~~~
../Core/Src/kalman_filter.c:93:19: warning: passing argument 1 of 'mat_transpose' from incompatible pointer type [-Wincompatible-pointer-types]
   93 |     mat_transpose(G, G_T);
      |                   ^
      |                   |
      |                   float (*)[1]
../Core/Src/kalman_filter.c:56:26: note: expected 'float (*)[3]' but argument is of type 'float (*)[1]'
   56 | void mat_transpose(float a[1][3], float result[3][1]) {
      |                    ~~~~~~^~~~~~~
../Core/Src/main.c:709:64: note: include '<math.h>' or provide a declaration of 'fabs'
  709 |                   __HAL_TIM_SET_COMPARE(&htim4, TIM_CHANNEL_1, fabs(PWMmap));
      |                                                                ^~~~
../Drivers/STM32G4xx_HAL_Driver/Inc/stm32g4xx_hal_tim.h:1672:72: note: in definition of macro '__HAL_TIM_SET_COMPARE'
 1672 |   (((__CHANNEL__) == TIM_CHANNEL_1) ? ((__HANDLE__)->Instance->CCR1 = (__COMPARE__)) :\
      |                                                                        ^~~~~~~~~~~
../Core/Src/kalman_filter.c:96:19: warning: passing argument 2 of 'mat_mult' from incompatible pointer type [-Wincompatible-pointer-types]
   96 |     mat_mult(G_Q, G_T, G_Q_G_T);
      |                   ^~~
      |                   |
      |                   float (*)[1]
../Core/Src/kalman_filter.c:29:36: note: expected 'float (*)[3]' but argument is of type 'float (*)[1]'
   29 | void mat_mult(float a[3][3], float b[3][3], float result[3][3]) {
      |                              ~~~~~~^~~~~~~
../Core/Src/kalman_filter.c: In function 'kalman_update':
../Core/Src/kalman_filter.c:123:21: warning: passing argument 2 of 'mat_mult' from incompatible pointer type [-Wincompatible-pointer-types]
  123 |     mat_mult(temp1, C_T, temp2);
      |                     ^~~
      |                     |
      |                     float (*)[1]
../Core/Src/kalman_filter.c:29:36: note: expected 'float (*)[3]' but argument is of type 'float (*)[1]'
   29 | void mat_mult(float a[3][3], float b[3][3], float result[3][3]) {
      |                              ~~~~~~^~~~~~~
../Core/Src/kalman_filter.c:123:26: warning: passing argument 3 of 'mat_mult' from incompatible pointer type [-Wincompatible-pointer-types]
  123 |     mat_mult(temp1, C_T, temp2);
      |                          ^~~~~
      |                          |
      |                          float (*)[1]
../Core/Src/kalman_filter.c:29:51: note: expected 'float (*)[3]' but argument is of type 'float (*)[1]'
   29 | void mat_mult(float a[3][3], float b[3][3], float result[3][3]) {
      |                                             ~~~~~~^~~~~~~~~~~~
../Core/Src/kalman_filter.c:129:21: warning: passing argument 2 of 'mat_mult' from incompatible pointer type [-Wincompatible-pointer-types]
  129 |     mat_mult(P_est, C_T, temp3);
      |                     ^~~
      |                     |
      |                     float (*)[1]
../Core/Src/kalman_filter.c:29:36: note: expected 'float (*)[3]' but argument is of type 'float (*)[1]'
   29 | void mat_mult(float a[3][3], float b[3][3], float result[3][3]) {
      |                              ~~~~~~^~~~~~~
../Core/Src/kalman_filter.c:129:26: warning: passing argument 3 of 'mat_mult' from incompatible pointer type [-Wincompatible-pointer-types]
  129 |     mat_mult(P_est, C_T, temp3);
      |                          ^~~~~
      |                          |
      |                          float (*)[1]
../Core/Src/kalman_filter.c:29:51: note: expected 'float (*)[3]' but argument is of type 'float (*)[1]'
   29 | void mat_mult(float a[3][3], float b[3][3], float result[3][3]) {
      |                                             ~~~~~~^~~~~~~~~~~~
../Core/Src/kalman_filter.c:143:14: warning: passing argument 1 of 'mat_mult' from incompatible pointer type [-Wincompatible-pointer-types]
  143 |     mat_mult(K, C, K_C);
      |              ^
      |              |
      |              float (*)[1]
../Core/Src/kalman_filter.c:29:21: note: expected 'float (*)[3]' but argument is of type 'float (*)[1]'
   29 | void mat_mult(float a[3][3], float b[3][3], float result[3][3]) {
      |               ~~~~~~^~~~~~~
../Core/Src/kalman_filter.c: In function 'kalman_predict':
../Core/Src/kalman_filter.c:90:5: warning: 'mat_scalar_mult' accessing 36 bytes in a region of size 12 [-Wstringop-overflow=]
   90 |     mat_scalar_mult(G, Q, G_Q);
      |     ^~~~~~~~~~~~~~~~~~~~~~~~~~
../Core/Src/kalman_filter.c:90:5: note: referencing argument 1 of type 'float[3][3]'
../Core/Src/kalman_filter.c:90:5: note: referencing argument 3 of type 'float[3][3]'
../Core/Src/kalman_filter.c:62:6: note: in a call to function 'mat_scalar_mult'
   62 | void mat_scalar_mult(float a[3][3], float scalar, float result[3][3]) {
      |      ^~~~~~~~~~~~~~~
../Core/Src/kalman_filter.c:96:5: warning: 'mat_mult' accessing 36 bytes in a region of size 12 [-Wstringop-overflow=]
   96 |     mat_mult(G_Q, G_T, G_Q_G_T);
      |     ^~~~~~~~~~~~~~~~~~~~~~~~~~~
../Core/Src/kalman_filter.c:96:5: note: referencing argument 2 of type 'float[3][3]'
../Core/Src/kalman_filter.c:96:5: note: referencing argument 3 of type 'float[3][3]'
../Core/Src/kalman_filter.c:29:6: note: in a call to function 'mat_mult'
   29 | void mat_mult(float a[3][3], float b[3][3], float result[3][3]) {
      |      ^~~~~~~~
../Core/Src/kalman_filter.c: In function 'kalman_update':
../Core/Src/kalman_filter.c:120:5: warning: 'mat_mult' accessing 36 bytes in a region of size 12 [-Wstringop-overflow=]
  120 |     mat_mult(C, P_est, temp1);
      |     ^~~~~~~~~~~~~~~~~~~~~~~~~
../Core/Src/kalman_filter.c:120:5: note: referencing argument 1 of type 'float[3][3]'
../Core/Src/kalman_filter.c:120:5: note: referencing argument 2 of type 'float[3][3]'
../Core/Src/kalman_filter.c:120:5: warning: 'mat_mult' accessing 36 bytes in a region of size 12 [-Wstringop-overflow=]
../Core/Src/kalman_filter.c:120:5: note: referencing argument 3 of type 'float[3][3]'
../Core/Src/kalman_filter.c:29:6: note: in a call to function 'mat_mult'
   29 | void mat_mult(float a[3][3], float b[3][3], float result[3][3]) {
      |      ^~~~~~~~
../Core/Src/kalman_filter.c:123:5: warning: 'mat_mult' accessing 36 bytes in a region of size 12 [-Wstringop-overflow=]
  123 |     mat_mult(temp1, C_T, temp2);
      |     ^~~~~~~~~~~~~~~~~~~~~~~~~~~
../Core/Src/kalman_filter.c:123:5: note: referencing argument 1 of type 'float[3][3]'
../Core/Src/kalman_filter.c:123:5: warning: 'mat_mult' accessing 36 bytes in a region of size 12 [-Wstringop-overflow=]
../Core/Src/kalman_filter.c:123:5: note: referencing argument 2 of type 'float[3][3]'
../Core/Src/kalman_filter.c:123:5: warning: 'mat_mult' accessing 36 bytes in a region of size 4 [-Wstringop-overflow=]
../Core/Src/kalman_filter.c:123:5: note: referencing argument 3 of type 'float[3][3]'
../Core/Src/kalman_filter.c:29:6: note: in a call to function 'mat_mult'
   29 | void mat_mult(float a[3][3], float b[3][3], float result[3][3]) {
      |      ^~~~~~~~
../Core/Src/kalman_filter.c:129:5: warning: 'mat_mult' accessing 36 bytes in a region of size 12 [-Wstringop-overflow=]
  129 |     mat_mult(P_est, C_T, temp3);
      |     ^~~~~~~~~~~~~~~~~~~~~~~~~~~
../Core/Src/kalman_filter.c:129:5: note: referencing argument 2 of type 'float[3][3]'
../Core/Src/kalman_filter.c:129:5: warning: 'mat_mult' accessing 36 bytes in a region of size 12 [-Wstringop-overflow=]
../Core/Src/kalman_filter.c:129:5: note: referencing argument 3 of type 'float[3][3]'
../Core/Src/kalman_filter.c:29:6: note: in a call to function 'mat_mult'
   29 | void mat_mult(float a[3][3], float b[3][3], float result[3][3]) {
      |      ^~~~~~~~
../Core/Src/kalman_filter.c:143:5: warning: 'mat_mult' accessing 36 bytes in a region of size 12 [-Wstringop-overflow=]
  143 |     mat_mult(K, C, K_C);
      |     ^~~~~~~~~~~~~~~~~~~
../Core/Src/kalman_filter.c:143:5: note: referencing argument 1 of type 'float[3][3]'
../Core/Src/kalman_filter.c:143:5: warning: 'mat_mult' accessing 36 bytes in a region of size 12 [-Wstringop-overflow=]
../Core/Src/kalman_filter.c:143:5: note: referencing argument 2 of type 'float[3][3]'
../Core/Src/kalman_filter.c:143:5: note: referencing argument 3 of type 'float[3][3]'
../Core/Src/kalman_filter.c:29:6: note: in a call to function 'mat_mult'
   29 | void mat_mult(float a[3][3], float b[3][3], float result[3][3]) {
      |      ^~~~~~~~
arm-none-eabi-gcc -o "KalmanImprement.elf" @"objects.list"   -mcpu=cortex-m4 -T"C:\Users\AAA\STM32CubeIDE\workspace_1.14.1\Microcontrol\KalmanImprement\STM32G474RETX_FLASH.ld" --specs=nosys.specs -Wl,-Map="KalmanImprement.map" -Wl,--gc-sections -static --specs=nano.specs -mfpu=fpv4-sp-d16 -mfloat-abi=hard -mthumb -Wl,--start-group -lc -lm -Wl,--end-group
Finished building target: KalmanImprement.elf
 
arm-none-eabi-size  KalmanImprement.elf 
arm-none-eabi-objdump -h -S KalmanImprement.elf  > "KalmanImprement.list"
   text	   data	    bss	    dec	    hex	filename
  25860	    100	   2232	  28192	   6e20	KalmanImprement.elf
Finished building: default.size.stdout
 
Finished building: KalmanImprement.list
 
14:38:09 **** Incremental Build of configuration Debug for project KalmanImprement ****
make -j12 all 
arm-none-eabi-gcc "../Core/Src/main.c" -mcpu=cortex-m4 -std=gnu11 -g3 -DDEBUG -DUSE_HAL_DRIVER -DSTM32G474xx -c -I../Core/Inc -I../Drivers/STM32G4xx_HAL_Driver/Inc -I../Drivers/STM32G4xx_HAL_Driver/Inc/Legacy -I../Drivers/CMSIS/Device/ST/STM32G4xx/Include -I../Drivers/CMSIS/Include -O0 -ffunction-sections -fdata-sections -Wall -fstack-usage -fcyclomatic-complexity -MMD -MP -MF"Core/Src/main.d" -MT"Core/Src/main.o" --specs=nano.specs -mfpu=fpv4-sp-d16 -mfloat-abi=hard -mthumb -o "Core/Src/main.o"
../Core/Src/main.c: In function 'main':
../Core/Src/main.c:214:22: warning: implicit declaration of function 'fabs' [-Wimplicit-function-declaration]
  214 |                   if(fabs(Pos-Pos_Target)<0.01)
      |                      ^~~~
../Core/Src/main.c:22:1: note: include '<math.h>' or provide a declaration of 'fabs'
   21 | #include "kalman_filter.h"
  +++ |+#include <math.h>
   22 | /* Private includes ----------------------------------------------------------*/
../Core/Src/main.c:214:22: warning: incompatible implicit declaration of built-in function 'fabs' [-Wbuiltin-declaration-mismatch]
  214 |                   if(fabs(Pos-Pos_Target)<0.01)
      |                      ^~~~
../Core/Src/main.c:214:22: note: include '<math.h>' or provide a declaration of 'fabs'
../Core/Src/main.c: In function 'Trajectory':
../Core/Src/main.c:582:62: warning: incompatible implicit declaration of built-in function 'fabs' [-Wbuiltin-declaration-mismatch]
  582 |                                                           if(fabs(q_Velo) >= Max_Velo)
      |                                                              ^~~~
../Core/Src/main.c:582:62: note: include '<math.h>' or provide a declaration of 'fabs'
../Core/Src/main.c:589:62: warning: incompatible implicit declaration of built-in function 'fabs' [-Wbuiltin-declaration-mismatch]
  589 |                                                           if(fabs((q_Pos-Pos_Start)*2) >= fabs(Pos_Target-Pos_Start))
      |                                                              ^~~~
../Core/Src/main.c:589:62: note: include '<math.h>' or provide a declaration of 'fabs'
../Core/Src/main.c:601:62: warning: incompatible implicit declaration of built-in function 'fabs' [-Wbuiltin-declaration-mismatch]
  601 |                                                           if(fabs(Pos_Target-q_Pos) <= (q_Velo*q_Velo)/(2*Max_Acc))
      |                                                              ^~~~
../Core/Src/main.c:601:62: note: include '<math.h>' or provide a declaration of 'fabs'
../Core/Src/main.c:613:62: warning: incompatible implicit declaration of built-in function 'fabs' [-Wbuiltin-declaration-mismatch]
  613 |                                                           if(fabs(q_Velo) <= 0)
      |                                                              ^~~~
../Core/Src/main.c:613:62: note: include '<math.h>' or provide a declaration of 'fabs'
In file included from ../Core/Inc/stm32g4xx_hal_conf.h:344,
                 from ../Drivers/STM32G4xx_HAL_Driver/Inc/stm32g4xx_hal.h:29,
                 from ../Core/Inc/main.h:30,
                 from ../Core/Src/main.c:20:
../Core/Src/main.c: In function 'PIDposition':
../Core/Src/main.c:709:64: warning: incompatible implicit declaration of built-in function 'fabs' [-Wbuiltin-declaration-mismatch]
  709 |                   __HAL_TIM_SET_COMPARE(&htim4, TIM_CHANNEL_1, fabs(PWMmap));
      |                                                                ^~~~
../Drivers/STM32G4xx_HAL_Driver/Inc/stm32g4xx_hal_tim.h:1672:72: note: in definition of macro '__HAL_TIM_SET_COMPARE'
 1672 |   (((__CHANNEL__) == TIM_CHANNEL_1) ? ((__HANDLE__)->Instance->CCR1 = (__COMPARE__)) :\
      |                                                                        ^~~~~~~~~~~
../Core/Src/main.c:709:64: note: include '<math.h>' or provide a declaration of 'fabs'
  709 |                   __HAL_TIM_SET_COMPARE(&htim4, TIM_CHANNEL_1, fabs(PWMmap));
      |                                                                ^~~~
../Drivers/STM32G4xx_HAL_Driver/Inc/stm32g4xx_hal_tim.h:1672:72: note: in definition of macro '__HAL_TIM_SET_COMPARE'
 1672 |   (((__CHANNEL__) == TIM_CHANNEL_1) ? ((__HANDLE__)->Instance->CCR1 = (__COMPARE__)) :\
      |                                                                        ^~~~~~~~~~~
arm-none-eabi-gcc -o "KalmanImprement.elf" @"objects.list"   -mcpu=cortex-m4 -T"C:\Users\AAA\STM32CubeIDE\workspace_1.14.1\Microcontrol\KalmanImprement\STM32G474RETX_FLASH.ld" --specs=nosys.specs -Wl,-Map="KalmanImprement.map" -Wl,--gc-sections -static --specs=nano.specs -mfpu=fpv4-sp-d16 -mfloat-abi=hard -mthumb -Wl,--start-group -lc -lm -Wl,--end-group
Finished building target: KalmanImprement.elf
 
arm-none-eabi-size  KalmanImprement.elf 
arm-none-eabi-objdump -h -S KalmanImprement.elf  > "KalmanImprement.list"
   text	   data	    bss	    dec	    hex	filename
  25868	    100	   2232	  28200	   6e28	KalmanImprement.elf
Finished building: default.size.stdout
 
Finished building: KalmanImprement.list
 
14:38:34 **** Incremental Build of configuration Debug for project KalmanImprement ****
make -j12 all 
arm-none-eabi-gcc "../Core/Src/main.c" -mcpu=cortex-m4 -std=gnu11 -g3 -DDEBUG -DUSE_HAL_DRIVER -DSTM32G474xx -c -I../Core/Inc -I../Drivers/STM32G4xx_HAL_Driver/Inc -I../Drivers/STM32G4xx_HAL_Driver/Inc/Legacy -I../Drivers/CMSIS/Device/ST/STM32G4xx/Include -I../Drivers/CMSIS/Include -O0 -ffunction-sections -fdata-sections -Wall -fstack-usage -fcyclomatic-complexity -MMD -MP -MF"Core/Src/main.d" -MT"Core/Src/main.o" --specs=nano.specs -mfpu=fpv4-sp-d16 -mfloat-abi=hard -mthumb -o "Core/Src/main.o"
../Core/Src/main.c: In function 'main':
../Core/Src/main.c:214:22: warning: implicit declaration of function 'fabs' [-Wimplicit-function-declaration]
  214 |                   if(fabs(Pos-Pos_Target)<0.01)
      |                      ^~~~
../Core/Src/main.c:22:1: note: include '<math.h>' or provide a declaration of 'fabs'
   21 | #include "kalman_filter.h"
  +++ |+#include <math.h>
   22 | /* Private includes ----------------------------------------------------------*/
../Core/Src/main.c:214:22: warning: incompatible implicit declaration of built-in function 'fabs' [-Wbuiltin-declaration-mismatch]
  214 |                   if(fabs(Pos-Pos_Target)<0.01)
      |                      ^~~~
../Core/Src/main.c:214:22: note: include '<math.h>' or provide a declaration of 'fabs'
../Core/Src/main.c: In function 'Trajectory':
../Core/Src/main.c:582:62: warning: incompatible implicit declaration of built-in function 'fabs' [-Wbuiltin-declaration-mismatch]
  582 |                                                           if(fabs(q_Velo) >= Max_Velo)
      |                                                              ^~~~
../Core/Src/main.c:582:62: note: include '<math.h>' or provide a declaration of 'fabs'
../Core/Src/main.c:589:62: warning: incompatible implicit declaration of built-in function 'fabs' [-Wbuiltin-declaration-mismatch]
  589 |                                                           if(fabs((q_Pos-Pos_Start)*2) >= fabs(Pos_Target-Pos_Start))
      |                                                              ^~~~
../Core/Src/main.c:589:62: note: include '<math.h>' or provide a declaration of 'fabs'
../Core/Src/main.c:601:62: warning: incompatible implicit declaration of built-in function 'fabs' [-Wbuiltin-declaration-mismatch]
  601 |                                                           if(fabs(Pos_Target-q_Pos) <= (q_Velo*q_Velo)/(2*Max_Acc))
      |                                                              ^~~~
../Core/Src/main.c:601:62: note: include '<math.h>' or provide a declaration of 'fabs'
../Core/Src/main.c:613:62: warning: incompatible implicit declaration of built-in function 'fabs' [-Wbuiltin-declaration-mismatch]
  613 |                                                           if(fabs(q_Velo) <= 0)
      |                                                              ^~~~
../Core/Src/main.c:613:62: note: include '<math.h>' or provide a declaration of 'fabs'
In file included from ../Core/Inc/stm32g4xx_hal_conf.h:344,
                 from ../Drivers/STM32G4xx_HAL_Driver/Inc/stm32g4xx_hal.h:29,
                 from ../Core/Inc/main.h:30,
                 from ../Core/Src/main.c:20:
../Core/Src/main.c: In function 'PIDposition':
../Core/Src/main.c:709:64: warning: incompatible implicit declaration of built-in function 'fabs' [-Wbuiltin-declaration-mismatch]
  709 |                   __HAL_TIM_SET_COMPARE(&htim4, TIM_CHANNEL_1, fabs(PWMmap));
      |                                                                ^~~~
../Drivers/STM32G4xx_HAL_Driver/Inc/stm32g4xx_hal_tim.h:1672:72: note: in definition of macro '__HAL_TIM_SET_COMPARE'
 1672 |   (((__CHANNEL__) == TIM_CHANNEL_1) ? ((__HANDLE__)->Instance->CCR1 = (__COMPARE__)) :\
      |                                                                        ^~~~~~~~~~~
../Core/Src/main.c:709:64: note: include '<math.h>' or provide a declaration of 'fabs'
  709 |                   __HAL_TIM_SET_COMPARE(&htim4, TIM_CHANNEL_1, fabs(PWMmap));
      |                                                                ^~~~
../Drivers/STM32G4xx_HAL_Driver/Inc/stm32g4xx_hal_tim.h:1672:72: note: in definition of macro '__HAL_TIM_SET_COMPARE'
 1672 |   (((__CHANNEL__) == TIM_CHANNEL_1) ? ((__HANDLE__)->Instance->CCR1 = (__COMPARE__)) :\
      |                                                                        ^~~~~~~~~~~
arm-none-eabi-gcc -o "KalmanImprement.elf" @"objects.list"   -mcpu=cortex-m4 -T"C:\Users\AAA\STM32CubeIDE\workspace_1.14.1\Microcontrol\KalmanImprement\STM32G474RETX_FLASH.ld" --specs=nosys.specs -Wl,-Map="KalmanImprement.map" -Wl,--gc-sections -static --specs=nano.specs -mfpu=fpv4-sp-d16 -mfloat-abi=hard -mthumb -Wl,--start-group -lc -lm -Wl,--end-group
Finished building target: KalmanImprement.elf
 
arm-none-eabi-size  KalmanImprement.elf 
arm-none-eabi-objdump -h -S KalmanImprement.elf  > "KalmanImprement.list"
   text	   data	    bss	    dec	    hex	filename
  25868	    100	   2232	  28200	   6e28	KalmanImprement.elf
Finished building: default.size.stdout
 
Finished building: KalmanImprement.list
 
15:06:46 **** Incremental Build of configuration Debug for project KalmanImprement ****
make -j12 all 
arm-none-eabi-gcc "../Core/Src/main.c" -mcpu=cortex-m4 -std=gnu11 -g3 -DDEBUG -DUSE_HAL_DRIVER -DSTM32G474xx -c -I../Core/Inc -I../Drivers/STM32G4xx_HAL_Driver/Inc -I../Drivers/STM32G4xx_HAL_Driver/Inc/Legacy -I../Drivers/CMSIS/Device/ST/STM32G4xx/Include -I../Drivers/CMSIS/Include -O0 -ffunction-sections -fdata-sections -Wall -fstack-usage -fcyclomatic-complexity -MMD -MP -MF"Core/Src/main.d" -MT"Core/Src/main.o" --specs=nano.specs -mfpu=fpv4-sp-d16 -mfloat-abi=hard -mthumb -o "Core/Src/main.o"
arm-none-eabi-gcc "../Core/Src/stm32g4xx_hal_msp.c" -mcpu=cortex-m4 -std=gnu11 -g3 -DDEBUG -DUSE_HAL_DRIVER -DSTM32G474xx -c -I../Core/Inc -I../Drivers/STM32G4xx_HAL_Driver/Inc -I../Drivers/STM32G4xx_HAL_Driver/Inc/Legacy -I../Drivers/CMSIS/Device/ST/STM32G4xx/Include -I../Drivers/CMSIS/Include -O0 -ffunction-sections -fdata-sections -Wall -fstack-usage -fcyclomatic-complexity -MMD -MP -MF"Core/Src/stm32g4xx_hal_msp.d" -MT"Core/Src/stm32g4xx_hal_msp.o" --specs=nano.specs -mfpu=fpv4-sp-d16 -mfloat-abi=hard -mthumb -o "Core/Src/stm32g4xx_hal_msp.o"
arm-none-eabi-gcc "../Core/Src/stm32g4xx_it.c" -mcpu=cortex-m4 -std=gnu11 -g3 -DDEBUG -DUSE_HAL_DRIVER -DSTM32G474xx -c -I../Core/Inc -I../Drivers/STM32G4xx_HAL_Driver/Inc -I../Drivers/STM32G4xx_HAL_Driver/Inc/Legacy -I../Drivers/CMSIS/Device/ST/STM32G4xx/Include -I../Drivers/CMSIS/Include -O0 -ffunction-sections -fdata-sections -Wall -fstack-usage -fcyclomatic-complexity -MMD -MP -MF"Core/Src/stm32g4xx_it.d" -MT"Core/Src/stm32g4xx_it.o" --specs=nano.specs -mfpu=fpv4-sp-d16 -mfloat-abi=hard -mthumb -o "Core/Src/stm32g4xx_it.o"
../Core/Src/main.c: In function 'main':
../Core/Src/main.c:215:22: warning: implicit declaration of function 'fabs' [-Wimplicit-function-declaration]
  215 |                   if(fabs(Pos-Pos_Target)<0.01)
      |                      ^~~~
../Core/Src/main.c:21:1: note: include '<math.h>' or provide a declaration of 'fabs'
   20 | #include "main.h"
  +++ |+#include <math.h>
   21 | 
../Core/Src/main.c:215:22: warning: incompatible implicit declaration of built-in function 'fabs' [-Wbuiltin-declaration-mismatch]
  215 |                   if(fabs(Pos-Pos_Target)<0.01)
      |                      ^~~~
../Core/Src/main.c:215:22: note: include '<math.h>' or provide a declaration of 'fabs'
../Core/Src/main.c: In function 'HAL_TIM_PeriodElapsedCallback':
../Core/Src/main.c:565:1: warning: implicit declaration of function 'kalman_predict' [-Wimplicit-function-declaration]
  565 | kalman_predict(feedback, P_est, A, G, Q);
      | ^~~~~~~~~~~~~~
../Core/Src/main.c:565:26: error: 'P_est' undeclared (first use in this function)
  565 | kalman_predict(feedback, P_est, A, G, Q);
      |                          ^~~~~
../Core/Src/main.c:565:26: note: each undeclared identifier is reported only once for each function it appears in
../Core/Src/main.c:565:33: error: 'A' undeclared (first use in this function)
  565 | kalman_predict(feedback, P_est, A, G, Q);
      |                                 ^
../Core/Src/main.c:565:36: error: 'G' undeclared (first use in this function)
  565 | kalman_predict(feedback, P_est, A, G, Q);
      |                                    ^
../Core/Src/main.c:565:39: error: 'Q' undeclared (first use in this function)
  565 | kalman_predict(feedback, P_est, A, G, Q);
      |                                       ^
../Core/Src/main.c:566:1: warning: implicit declaration of function 'kalman_update' [-Wimplicit-function-declaration]
  566 | kalman_update(feedback,P_est, C, R, 1);
      | ^~~~~~~~~~~~~
../Core/Src/main.c:566:31: error: 'C' undeclared (first use in this function)
  566 | kalman_update(feedback,P_est, C, R, 1);
      |                               ^
../Core/Src/main.c:566:34: error: 'R' undeclared (first use in this function)
  566 | kalman_update(feedback,P_est, C, R, 1);
      |                                  ^
../Core/Src/main.c: In function 'Trajectory':
../Core/Src/main.c:626:62: warning: incompatible implicit declaration of built-in function 'fabs' [-Wbuiltin-declaration-mismatch]
  626 |                                                           if(fabs(q_Velo) >= Max_Velo)
      |                                                              ^~~~
../Core/Src/main.c:626:62: note: include '<math.h>' or provide a declaration of 'fabs'
../Core/Src/main.c:633:62: warning: incompatible implicit declaration of built-in function 'fabs' [-Wbuiltin-declaration-mismatch]
  633 |                                                           if(fabs((q_Pos-Pos_Start)*2) >= fabs(Pos_Target-Pos_Start))
      |                                                              ^~~~
../Core/Src/main.c:633:62: note: include '<math.h>' or provide a declaration of 'fabs'
../Core/Src/main.c:645:62: warning: incompatible implicit declaration of built-in function 'fabs' [-Wbuiltin-declaration-mismatch]
  645 |                                                           if(fabs(Pos_Target-q_Pos) <= (q_Velo*q_Velo)/(2*Max_Acc))
      |                                                              ^~~~
../Core/Src/main.c:645:62: note: include '<math.h>' or provide a declaration of 'fabs'
../Core/Src/main.c:657:62: warning: incompatible implicit declaration of built-in function 'fabs' [-Wbuiltin-declaration-mismatch]
  657 |                                                           if(fabs(q_Velo) <= 0)
      |                                                              ^~~~
../Core/Src/main.c:657:62: note: include '<math.h>' or provide a declaration of 'fabs'
In file included from ../Core/Inc/stm32g4xx_hal_conf.h:344,
                 from ../Drivers/STM32G4xx_HAL_Driver/Inc/stm32g4xx_hal.h:29,
                 from ../Core/Inc/main.h:30,
                 from ../Core/Src/main.c:20:
../Core/Src/main.c: In function 'PIDposition':
../Core/Src/main.c:753:64: warning: incompatible implicit declaration of built-in function 'fabs' [-Wbuiltin-declaration-mismatch]
  753 |                   __HAL_TIM_SET_COMPARE(&htim4, TIM_CHANNEL_1, fabs(PWMmap));
      |                                                                ^~~~
../Drivers/STM32G4xx_HAL_Driver/Inc/stm32g4xx_hal_tim.h:1672:72: note: in definition of macro '__HAL_TIM_SET_COMPARE'
 1672 |   (((__CHANNEL__) == TIM_CHANNEL_1) ? ((__HANDLE__)->Instance->CCR1 = (__COMPARE__)) :\
      |                                                                        ^~~~~~~~~~~
../Core/Src/main.c:753:64: note: include '<math.h>' or provide a declaration of 'fabs'
  753 |                   __HAL_TIM_SET_COMPARE(&htim4, TIM_CHANNEL_1, fabs(PWMmap));
      |                                                                ^~~~
../Drivers/STM32G4xx_HAL_Driver/Inc/stm32g4xx_hal_tim.h:1672:72: note: in definition of macro '__HAL_TIM_SET_COMPARE'
 1672 |   (((__CHANNEL__) == TIM_CHANNEL_1) ? ((__HANDLE__)->Instance->CCR1 = (__COMPARE__)) :\
      |                                                                        ^~~~~~~~~~~
make: *** [Core/Src/subdir.mk:37: Core/Src/main.o] Error 1
make: *** Waiting for unfinished jobs....
"make -j12 all" terminated with exit code 2. Build might be incomplete.
15:07:50 **** Incremental Build of configuration Debug for project KalmanImprement ****
make -j12 all 
arm-none-eabi-gcc "../Core/Src/main.c" -mcpu=cortex-m4 -std=gnu11 -g3 -DDEBUG -DUSE_HAL_DRIVER -DSTM32G474xx -c -I../Core/Inc -I../Drivers/STM32G4xx_HAL_Driver/Inc -I../Drivers/STM32G4xx_HAL_Driver/Inc/Legacy -I../Drivers/CMSIS/Device/ST/STM32G4xx/Include -I../Drivers/CMSIS/Include -O0 -ffunction-sections -fdata-sections -Wall -fstack-usage -fcyclomatic-complexity -MMD -MP -MF"Core/Src/main.d" -MT"Core/Src/main.o" --specs=nano.specs -mfpu=fpv4-sp-d16 -mfloat-abi=hard -mthumb -o "Core/Src/main.o"
../Core/Src/main.c: In function 'main':
../Core/Src/main.c:215:22: warning: implicit declaration of function 'fabs' [-Wimplicit-function-declaration]
  215 |                   if(fabs(Pos-Pos_Target)<0.01)
      |                      ^~~~
../Core/Src/main.c:21:1: note: include '<math.h>' or provide a declaration of 'fabs'
   20 | #include "main.h"
  +++ |+#include <math.h>
   21 | 
../Core/Src/main.c:215:22: warning: incompatible implicit declaration of built-in function 'fabs' [-Wbuiltin-declaration-mismatch]
  215 |                   if(fabs(Pos-Pos_Target)<0.01)
      |                      ^~~~
../Core/Src/main.c:215:22: note: include '<math.h>' or provide a declaration of 'fabs'
../Core/Src/main.c: In function 'Trajectory':
../Core/Src/main.c:626:62: warning: incompatible implicit declaration of built-in function 'fabs' [-Wbuiltin-declaration-mismatch]
  626 |                                                           if(fabs(q_Velo) >= Max_Velo)
      |                                                              ^~~~
../Core/Src/main.c:626:62: note: include '<math.h>' or provide a declaration of 'fabs'
../Core/Src/main.c:633:62: warning: incompatible implicit declaration of built-in function 'fabs' [-Wbuiltin-declaration-mismatch]
  633 |                                                           if(fabs((q_Pos-Pos_Start)*2) >= fabs(Pos_Target-Pos_Start))
      |                                                              ^~~~
../Core/Src/main.c:633:62: note: include '<math.h>' or provide a declaration of 'fabs'
../Core/Src/main.c:645:62: warning: incompatible implicit declaration of built-in function 'fabs' [-Wbuiltin-declaration-mismatch]
  645 |                                                           if(fabs(Pos_Target-q_Pos) <= (q_Velo*q_Velo)/(2*Max_Acc))
      |                                                              ^~~~
../Core/Src/main.c:645:62: note: include '<math.h>' or provide a declaration of 'fabs'
../Core/Src/main.c:657:62: warning: incompatible implicit declaration of built-in function 'fabs' [-Wbuiltin-declaration-mismatch]
  657 |                                                           if(fabs(q_Velo) <= 0)
      |                                                              ^~~~
../Core/Src/main.c:657:62: note: include '<math.h>' or provide a declaration of 'fabs'
In file included from ../Core/Inc/stm32g4xx_hal_conf.h:344,
                 from ../Drivers/STM32G4xx_HAL_Driver/Inc/stm32g4xx_hal.h:29,
                 from ../Core/Inc/main.h:30,
                 from ../Core/Src/main.c:20:
../Core/Src/main.c: In function 'PIDposition':
../Core/Src/main.c:753:64: warning: incompatible implicit declaration of built-in function 'fabs' [-Wbuiltin-declaration-mismatch]
  753 |                   __HAL_TIM_SET_COMPARE(&htim4, TIM_CHANNEL_1, fabs(PWMmap));
      |                                                                ^~~~
../Drivers/STM32G4xx_HAL_Driver/Inc/stm32g4xx_hal_tim.h:1672:72: note: in definition of macro '__HAL_TIM_SET_COMPARE'
 1672 |   (((__CHANNEL__) == TIM_CHANNEL_1) ? ((__HANDLE__)->Instance->CCR1 = (__COMPARE__)) :\
      |                                                                        ^~~~~~~~~~~
../Core/Src/main.c:753:64: note: include '<math.h>' or provide a declaration of 'fabs'
  753 |                   __HAL_TIM_SET_COMPARE(&htim4, TIM_CHANNEL_1, fabs(PWMmap));
      |                                                                ^~~~
../Drivers/STM32G4xx_HAL_Driver/Inc/stm32g4xx_hal_tim.h:1672:72: note: in definition of macro '__HAL_TIM_SET_COMPARE'
 1672 |   (((__CHANNEL__) == TIM_CHANNEL_1) ? ((__HANDLE__)->Instance->CCR1 = (__COMPARE__)) :\
      |                                                                        ^~~~~~~~~~~
arm-none-eabi-gcc -o "KalmanImprement.elf" @"objects.list"   -mcpu=cortex-m4 -T"C:\Users\AAA\STM32CubeIDE\workspace_1.14.1\Microcontrol\KalmanImprement\STM32G474RETX_FLASH.ld" --specs=nosys.specs -Wl,-Map="KalmanImprement.map" -Wl,--gc-sections -static --specs=nano.specs -mfpu=fpv4-sp-d16 -mfloat-abi=hard -mthumb -Wl,--start-group -lc -lm -Wl,--end-group
Finished building target: KalmanImprement.elf
 
arm-none-eabi-size  KalmanImprement.elf 
arm-none-eabi-objdump -h -S KalmanImprement.elf  > "KalmanImprement.list"
   text	   data	    bss	    dec	    hex	filename
  25324	     32	   2256	  27612	   6bdc	KalmanImprement.elf
Finished building: default.size.stdout
 
Finished building: KalmanImprement.list
 
15:08:31 **** Incremental Build of configuration Debug for project KalmanImprement ****
make -j12 all 
[...]
../Core/Src/main.c: In function 'Trajectory':
../Core/Src/main.c:648:62: warning: incompatible implicit declaration of built-in function 'fabs' [-Wbuiltin-declaration-mismatch]
  648 |                                                           if(fabs(q_Velo) >= Max_Velo)
      |                                                              ^~~~
../Core/Src/main.c:648:62: note: include '<math.h>' or provide a declaration of 'fabs'
../Core/Src/main.c:655:62: warning: incompatible implicit declaration of built-in function 'fabs' [-Wbuiltin-declaration-mismatch]
  655 |                                                           if(fabs((q_Pos-Pos_Start)*2) >= fabs(Pos_Target-Pos_Start))
      |                                                              ^~~~
../Core/Src/main.c:655:62: note: include '<math.h>' or provide a declaration of 'fabs'
../Core/Src/main.c:667:62: warning: incompatible implicit declaration of built-in function 'fabs' [-Wbuiltin-declaration-mismatch]
  667 |                                                           if(fabs(Pos_Target-q_Pos) <= (q_Velo*q_Velo)/(2*Max_Acc))
      |                                                              ^~~~
../Core/Src/main.c:667:62: note: include '<math.h>' or provide a declaration of 'fabs'
../Core/Src/main.c:679:62: warning: incompatible implicit declaration of built-in function 'fabs' [-Wbuiltin-declaration-mismatch]
  679 |                                                           if(fabs(q_Velo) <= 0)
      |                                                              ^~~~
../Core/Src/main.c:679:62: note: include '<math.h>' or provide a declaration of 'fabs'
In file included from ../Core/Inc/stm32g4xx_hal_conf.h:344,
                 from ../Drivers/STM32G4xx_HAL_Driver/Inc/stm32g4xx_hal.h:29,
                 from ../Core/Inc/main.h:30,
                 from ../Core/Src/main.c:20:
../Core/Src/main.c: In function 'PIDposition':
../Core/Src/main.c:775:64: warning: incompatible implicit declaration of built-in function 'fabs' [-Wbuiltin-declaration-mismatch]
  775 |                   __HAL_TIM_SET_COMPARE(&htim4, TIM_CHANNEL_1, fabs(PWMmap));
      |                                                                ^~~~
../Drivers/STM32G4xx_HAL_Driver/Inc/stm32g4xx_hal_tim.h:1672:72: note: in definition of macro '__HAL_TIM_SET_COMPARE'
 1672 |   (((__CHANNEL__) == TIM_CHANNEL_1) ? ((__HANDLE__)->Instance->CCR1 = (__COMPARE__)) :\
      |                                                                        ^~~~~~~~~~~
../Core/Src/main.c:775:64: note: include '<math.h>' or provide a declaration of 'fabs'
  775 |                   __HAL_TIM_SET_COMPARE(&htim4, TIM_CHANNEL_1, fabs(PWMmap));
      |                                                                ^~~~
../Drivers/STM32G4xx_HAL_Driver/Inc/stm32g4xx_hal_tim.h:1672:72: note: in definition of macro '__HAL_TIM_SET_COMPARE'
 1672 |   (((__CHANNEL__) == TIM_CHANNEL_1) ? ((__HANDLE__)->Instance->CCR1 = (__COMPARE__)) :\
      |                                                                        ^~~~~~~~~~~
arm-none-eabi-gcc -o "KalmanImprement.elf" @"objects.list"   -mcpu=cortex-m4 -T"C:\Users\AAA\STM32CubeIDE\workspace_1.14.1\Microcontrol\KalmanImprement\STM32G474RETX_FLASH.ld" --specs=nosys.specs -Wl,-Map="KalmanImprement.map" -Wl,--gc-sections -static --specs=nano.specs -mfpu=fpv4-sp-d16 -mfloat-abi=hard -mthumb -Wl,--start-group -lc -lm -Wl,--end-group
Finished building target: KalmanImprement.elf
 
arm-none-eabi-size  KalmanImprement.elf 
arm-none-eabi-objdump -h -S KalmanImprement.elf  > "KalmanImprement.list"
   text	   data	    bss	    dec	    hex	filename
  28008	    100	   2336	  30444	   76ec	KalmanImprement.elf
Finished building: default.size.stdout
 
Finished building: KalmanImprement.list
 
22:37:27 **** Incremental Build of configuration Debug for project KalmanImprement ****
make -j12 all 
arm-none-eabi-gcc "../Core/Src/main.c" -mcpu=cortex-m4 -std=gnu11 -g3 -DDEBUG -DUSE_HAL_DRIVER -DSTM32G474xx -c -I../Core/Inc -I../Drivers/STM32G4xx_HAL_Driver/Inc -I../Drivers/STM32G4xx_HAL_Driver/Inc/Legacy -I../Drivers/CMSIS/Device/ST/STM32G4xx/Include -I../Drivers/CMSIS/Include -O0 -ffunction-sections -fdata-sections -Wall -fstack-usage -fcyclomatic-complexity -MMD -MP -MF"Core/Src/main.d" -MT"Core/Src/main.o" --specs=nano.specs -mfpu=fpv4-sp-d16 -mfloat-abi=hard -mthumb -o "Core/Src/main.o"
../Core/Src/main.c: In function 'main':
../Core/Src/main.c:217:22: warning: implicit declaration of function 'fabs' [-Wimplicit-function-declaration]
  217 |                   if(fabs(Pos-Pos_Target)<0.01)
      |                      ^~~~
../Core/Src/main.c:25:1: note: include '<math.h>' or provide a declaration of 'fabs'
   24 | #include "kalman_filter.h"
  +++ |+#include <math.h>
   25 | /* USER CODE END Includes */
../Core/Src/main.c:217:22: warning: incompatible implicit declaration of built-in function 'fabs' [-Wbuiltin-declaration-mismatch]
  217 |                   if(fabs(Pos-Pos_Target)<0.01)
      |                      ^~~~
../Core/Src/main.c:217:22: note: include '<math.h>' or provide a declaration of 'fabs'
../Core/Src/main.c:205:27: warning: unused variable 'timestamp2' [-Wunused-variable]
  205 |           static uint64_t timestamp2 =0;
      |                           ^~~~~~~~~~
../Core/Src/main.c: In function 'Trajectory':
../Core/Src/main.c:648:62: warning: incompatible implicit declaration of built-in function 'fabs' [-Wbuiltin-declaration-mismatch]
  648 |                                                           if(fabs(q_Velo) >= Max_Velo)
      |                                                              ^~~~
../Core/Src/main.c:648:62: note: include '<math.h>' or provide a declaration of 'fabs'
../Core/Src/main.c:655:62: warning: incompatible implicit declaration of built-in function 'fabs' [-Wbuiltin-declaration-mismatch]
  655 |                                                           if(fabs((q_Pos-Pos_Start)*2) >= fabs(Pos_Target-Pos_Start))
      |                                                              ^~~~
../Core/Src/main.c:655:62: note: include '<math.h>' or provide a declaration of 'fabs'
../Core/Src/main.c:667:62: warning: incompatible implicit declaration of built-in function 'fabs' [-Wbuiltin-declaration-mismatch]
  667 |                                                           if(fabs(Pos_Target-q_Pos) <= (q_Velo*q_Velo)/(2*Max_Acc))
      |                                                              ^~~~
../Core/Src/main.c:667:62: note: include '<math.h>' or provide a declaration of 'fabs'
../Core/Src/main.c:679:62: warning: incompatible implicit declaration of built-in function 'fabs' [-Wbuiltin-declaration-mismatch]
  679 |                                                           if(fabs(q_Velo) <= 0)
      |                                                              ^~~~
../Core/Src/main.c:679:62: note: include '<math.h>' or provide a declaration of 'fabs'
In file included from ../Core/Inc/stm32g4xx_hal_conf.h:344,
                 from ../Drivers/STM32G4xx_HAL_Driver/Inc/stm32g4xx_hal.h:29,
                 from ../Core/Inc/main.h:30,
                 from ../Core/Src/main.c:20:
../Core/Src/main.c: In function 'PIDposition':
../Core/Src/main.c:775:64: warning: incompatible implicit declaration of built-in function 'fabs' [-Wbuiltin-declaration-mismatch]
  775 |                   __HAL_TIM_SET_COMPARE(&htim4, TIM_CHANNEL_1, fabs(PWMmap));
      |                                                                ^~~~
../Drivers/STM32G4xx_HAL_Driver/Inc/stm32g4xx_hal_tim.h:1672:72: note: in definition of macro '__HAL_TIM_SET_COMPARE'
 1672 |   (((__CHANNEL__) == TIM_CHANNEL_1) ? ((__HANDLE__)->Instance->CCR1 = (__COMPARE__)) :\
      |                                                                        ^~~~~~~~~~~
../Core/Src/main.c:775:64: note: include '<math.h>' or provide a declaration of 'fabs'
  775 |                   __HAL_TIM_SET_COMPARE(&htim4, TIM_CHANNEL_1, fabs(PWMmap));
      |                                                                ^~~~
../Drivers/STM32G4xx_HAL_Driver/Inc/stm32g4xx_hal_tim.h:1672:72: note: in definition of macro '__HAL_TIM_SET_COMPARE'
 1672 |   (((__CHANNEL__) == TIM_CHANNEL_1) ? ((__HANDLE__)->Instance->CCR1 = (__COMPARE__)) :\
      |                                                                        ^~~~~~~~~~~
arm-none-eabi-gcc -o "KalmanImprement.elf" @"objects.list"   -mcpu=cortex-m4 -T"C:\Users\AAA\STM32CubeIDE\workspace_1.14.1\Microcontrol\KalmanImprement\STM32G474RETX_FLASH.ld" --specs=nosys.specs -Wl,-Map="KalmanImprement.map" -Wl,--gc-sections -static --specs=nano.specs -mfpu=fpv4-sp-d16 -mfloat-abi=hard -mthumb -Wl,--start-group -lc -lm -Wl,--end-group
Finished building target: KalmanImprement.elf
 
arm-none-eabi-size  KalmanImprement.elf 
arm-none-eabi-objdump -h -S KalmanImprement.elf  > "KalmanImprement.list"
   text	   data	    bss	    dec	    hex	filename
  28008	    100	   2336	  30444	   76ec	KalmanImprement.elf
Finished building: default.size.stdout
 
Finished building: KalmanImprement.list
 
22:40:12 **** Incremental Build of configuration Debug for project KalmanImprement ****
make -j12 all 
arm-none-eabi-gcc "../Core/Src/main.c" -mcpu=cortex-m4 -std=gnu11 -g3 -DDEBUG -DUSE_HAL_DRIVER -DSTM32G474xx -c -I../Core/Inc -I../Drivers/STM32G4xx_HAL_Driver/Inc -I../Drivers/STM32G4xx_HAL_Driver/Inc/Legacy -I../Drivers/CMSIS/Device/ST/STM32G4xx/Include -I../Drivers/CMSIS/Include -O0 -ffunction-sections -fdata-sections -Wall -fstack-usage -fcyclomatic-complexity -MMD -MP -MF"Core/Src/main.d" -MT"Core/Src/main.o" --specs=nano.specs -mfpu=fpv4-sp-d16 -mfloat-abi=hard -mthumb -o "Core/Src/main.o"
../Core/Src/main.c: In function 'main':
../Core/Src/main.c:217:22: warning: implicit declaration of function 'fabs' [-Wimplicit-function-declaration]
  217 |                   if(fabs(Pos-Pos_Target)<0.01)
      |                      ^~~~
../Core/Src/main.c:25:1: note: include '<math.h>' or provide a declaration of 'fabs'
   24 | #include "kalman_filter.h"
  +++ |+#include <math.h>
   25 | /* USER CODE END Includes */
../Core/Src/main.c:217:22: warning: incompatible implicit declaration of built-in function 'fabs' [-Wbuiltin-declaration-mismatch]
  217 |                   if(fabs(Pos-Pos_Target)<0.01)
      |                      ^~~~
../Core/Src/main.c:217:22: note: include '<math.h>' or provide a declaration of 'fabs'
../Core/Src/main.c:205:27: warning: unused variable 'timestamp2' [-Wunused-variable]
  205 |           static uint64_t timestamp2 =0;
      |                           ^~~~~~~~~~
../Core/Src/main.c: In function 'Trajectory':
../Core/Src/main.c:648:62: warning: incompatible implicit declaration of built-in function 'fabs' [-Wbuiltin-declaration-mismatch]
  648 |                                                           if(fabs(q_Velo) >= Max_Velo)
      |                                                              ^~~~
../Core/Src/main.c:648:62: note: include '<math.h>' or provide a declaration of 'fabs'
../Core/Src/main.c:655:62: warning: incompatible implicit declaration of built-in function 'fabs' [-Wbuiltin-declaration-mismatch]
  655 |                                                           if(fabs((q_Pos-Pos_Start)*2) >= fabs(Pos_Target-Pos_Start))
      |                                                              ^~~~
../Core/Src/main.c:655:62: note: include '<math.h>' or provide a declaration of 'fabs'
../Core/Src/main.c:667:62: warning: incompatible implicit declaration of built-in function 'fabs' [-Wbuiltin-declaration-mismatch]
  667 |                                                           if(fabs(Pos_Target-q_Pos) <= (q_Velo*q_Velo)/(2*Max_Acc))
      |                                                              ^~~~
../Core/Src/main.c:667:62: note: include '<math.h>' or provide a declaration of 'fabs'
../Core/Src/main.c:679:62: warning: incompatible implicit declaration of built-in function 'fabs' [-Wbuiltin-declaration-mismatch]
  679 |                                                           if(fabs(q_Velo) <= 0)
      |                                                              ^~~~
../Core/Src/main.c:679:62: note: include '<math.h>' or provide a declaration of 'fabs'
In file included from ../Core/Inc/stm32g4xx_hal_conf.h:344,
                 from ../Drivers/STM32G4xx_HAL_Driver/Inc/stm32g4xx_hal.h:29,
                 from ../Core/Inc/main.h:30,
                 from ../Core/Src/main.c:20:
../Core/Src/main.c: In function 'PIDposition':
../Core/Src/main.c:776:64: warning: incompatible implicit declaration of built-in function 'fabs' [-Wbuiltin-declaration-mismatch]
  776 |                   __HAL_TIM_SET_COMPARE(&htim4, TIM_CHANNEL_1, fabs(PWMmap));
      |                                                                ^~~~
../Drivers/STM32G4xx_HAL_Driver/Inc/stm32g4xx_hal_tim.h:1672:72: note: in definition of macro '__HAL_TIM_SET_COMPARE'
 1672 |   (((__CHANNEL__) == TIM_CHANNEL_1) ? ((__HANDLE__)->Instance->CCR1 = (__COMPARE__)) :\
      |                                                                        ^~~~~~~~~~~
../Core/Src/main.c:776:64: note: include '<math.h>' or provide a declaration of 'fabs'
  776 |                   __HAL_TIM_SET_COMPARE(&htim4, TIM_CHANNEL_1, fabs(PWMmap));
      |                                                                ^~~~
../Drivers/STM32G4xx_HAL_Driver/Inc/stm32g4xx_hal_tim.h:1672:72: note: in definition of macro '__HAL_TIM_SET_COMPARE'
 1672 |   (((__CHANNEL__) == TIM_CHANNEL_1) ? ((__HANDLE__)->Instance->CCR1 = (__COMPARE__)) :\
      |                                                                        ^~~~~~~~~~~
arm-none-eabi-gcc -o "KalmanImprement.elf" @"objects.list"   -mcpu=cortex-m4 -T"C:\Users\AAA\STM32CubeIDE\workspace_1.14.1\Microcontrol\KalmanImprement\STM32G474RETX_FLASH.ld" --specs=nosys.specs -Wl,-Map="KalmanImprement.map" -Wl,--gc-sections -static --specs=nano.specs -mfpu=fpv4-sp-d16 -mfloat-abi=hard -mthumb -Wl,--start-group -lc -lm -Wl,--end-group
Finished building target: KalmanImprement.elf
 
arm-none-eabi-size  KalmanImprement.elf 
arm-none-eabi-objdump -h -S KalmanImprement.elf  > "KalmanImprement.list"
   text	   data	    bss	    dec	    hex	filename
  28016	    100	   2336	  30452	   76f4	KalmanImprement.elf
Finished building: default.size.stdout
 
Finished building: KalmanImprement.list
 
22:41:33 **** Incremental Build of configuration Debug for project KalmanImprement ****
make -j12 all 
arm-none-eabi-gcc "../Core/Src/main.c" -mcpu=cortex-m4 -std=gnu11 -g3 -DDEBUG -DUSE_HAL_DRIVER -DSTM32G474xx -c -I../Core/Inc -I../Drivers/STM32G4xx_HAL_Driver/Inc -I../Drivers/STM32G4xx_HAL_Driver/Inc/Legacy -I../Drivers/CMSIS/Device/ST/STM32G4xx/Include -I../Drivers/CMSIS/Include -O0 -ffunction-sections -fdata-sections -Wall -fstack-usage -fcyclomatic-complexity -MMD -MP -MF"Core/Src/main.d" -MT"Core/Src/main.o" --specs=nano.specs -mfpu=fpv4-sp-d16 -mfloat-abi=hard -mthumb -o "Core/Src/main.o"
../Core/Src/main.c: In function 'main':
../Core/Src/main.c:217:22: warning: implicit declaration of function 'fabs' [-Wimplicit-function-declaration]
  217 |                   if(fabs(Pos-Pos_Target)<0.01)
      |                      ^~~~
../Core/Src/main.c:25:1: note: include '<math.h>' or provide a declaration of 'fabs'
   24 | #include "kalman_filter.h"
  +++ |+#include <math.h>
   25 | /* USER CODE END Includes */
../Core/Src/main.c:217:22: warning: incompatible implicit declaration of built-in function 'fabs' [-Wbuiltin-declaration-mismatch]
  217 |                   if(fabs(Pos-Pos_Target)<0.01)
      |                      ^~~~
../Core/Src/main.c:217:22: note: include '<math.h>' or provide a declaration of 'fabs'
../Core/Src/main.c:205:27: warning: unused variable 'timestamp2' [-Wunused-variable]
  205 |           static uint64_t timestamp2 =0;
      |                           ^~~~~~~~~~
../Core/Src/main.c: In function 'Trajectory':
../Core/Src/main.c:648:62: warning: incompatible implicit declaration of built-in function 'fabs' [-Wbuiltin-declaration-mismatch]
  648 |                                                           if(fabs(q_Velo) >= Max_Velo)
      |                                                              ^~~~
../Core/Src/main.c:648:62: note: include '<math.h>' or provide a declaration of 'fabs'
../Core/Src/main.c:655:62: warning: incompatible implicit declaration of built-in function 'fabs' [-Wbuiltin-declaration-mismatch]
  655 |                                                           if(fabs((q_Pos-Pos_Start)*2) >= fabs(Pos_Target-Pos_Start))
      |                                                              ^~~~
../Core/Src/main.c:655:62: note: include '<math.h>' or provide a declaration of 'fabs'
../Core/Src/main.c:667:62: warning: incompatible implicit declaration of built-in function 'fabs' [-Wbuiltin-declaration-mismatch]
  667 |                                                           if(fabs(Pos_Target-q_Pos) <= (q_Velo*q_Velo)/(2*Max_Acc))
      |                                                              ^~~~
../Core/Src/main.c:667:62: note: include '<math.h>' or provide a declaration of 'fabs'
../Core/Src/main.c:679:62: warning: incompatible implicit declaration of built-in function 'fabs' [-Wbuiltin-declaration-mismatch]
  679 |                                                           if(fabs(q_Velo) <= 0)
      |                                                              ^~~~
../Core/Src/main.c:679:62: note: include '<math.h>' or provide a declaration of 'fabs'
In file included from ../Core/Inc/stm32g4xx_hal_conf.h:344,
                 from ../Drivers/STM32G4xx_HAL_Driver/Inc/stm32g4xx_hal.h:29,
                 from ../Core/Inc/main.h:30,
                 from ../Core/Src/main.c:20:
../Core/Src/main.c: In function 'PIDposition':
../Core/Src/main.c:777:64: warning: incompatible implicit declaration of built-in function 'fabs' [-Wbuiltin-declaration-mismatch]
  777 |                   __HAL_TIM_SET_COMPARE(&htim4, TIM_CHANNEL_1, fabs(PWMmap));
      |                                                                ^~~~
../Drivers/STM32G4xx_HAL_Driver/Inc/stm32g4xx_hal_tim.h:1672:72: note: in definition of macro '__HAL_TIM_SET_COMPARE'
 1672 |   (((__CHANNEL__) == TIM_CHANNEL_1) ? ((__HANDLE__)->Instance->CCR1 = (__COMPARE__)) :\
      |                                                                        ^~~~~~~~~~~
../Core/Src/main.c:777:64: note: include '<math.h>' or provide a declaration of 'fabs'
  777 |                   __HAL_TIM_SET_COMPARE(&htim4, TIM_CHANNEL_1, fabs(PWMmap));
      |                                                                ^~~~
../Drivers/STM32G4xx_HAL_Driver/Inc/stm32g4xx_hal_tim.h:1672:72: note: in definition of macro '__HAL_TIM_SET_COMPARE'
 1672 |   (((__CHANNEL__) == TIM_CHANNEL_1) ? ((__HANDLE__)->Instance->CCR1 = (__COMPARE__)) :\
      |                                                                        ^~~~~~~~~~~
arm-none-eabi-gcc -o "KalmanImprement.elf" @"objects.list"   -mcpu=cortex-m4 -T"C:\Users\AAA\STM32CubeIDE\workspace_1.14.1\Microcontrol\KalmanImprement\STM32G474RETX_FLASH.ld" --specs=nosys.specs -Wl,-Map="KalmanImprement.map" -Wl,--gc-sections -static --specs=nano.specs -mfpu=fpv4-sp-d16 -mfloat-abi=hard -mthumb -Wl,--start-group -lc -lm -Wl,--end-group
Finished building target: KalmanImprement.elf
 
arm-none-eabi-size  KalmanImprement.elf 
arm-none-eabi-objdump -h -S KalmanImprement.elf  > "KalmanImprement.list"
   text	   data	    bss	    dec	    hex	filename
  28024	    100	   2336	  30460	   76fc	KalmanImprement.elf
Finished building: default.size.stdout
 
Finished building: KalmanImprement.list
 
22:42:06 **** Incremental Build of configuration Debug for project KalmanImprement ****
make -j12 all 
arm-none-eabi-size  KalmanImprement.elf 
   text	   data	    bss	    dec	    hex	filename
  28024	    100	   2336	  30460	   76fc	KalmanImprement.elf
Finished building: default.size.stdout
 
